Archive member included because of file (symbol)

c:/cygwin64/home/yossi.f/gnu tools arm embedded/4.8 2014q3/bin/../lib/gcc/arm-none-eabi/4.8.4/../../../../arm-none-eabi/lib/armv7e-m\libg_s.a(lib_a-memcpy-stub.o)
                              build/brd4158a/dualmcu_app/source/dualmcu_app/waps/protocol/waps_protocol.o (memcpy)
c:/cygwin64/home/yossi.f/gnu tools arm embedded/4.8 2014q3/bin/../lib/gcc/arm-none-eabi/4.8.4/../../../../arm-none-eabi/lib/armv7e-m\libg_s.a(lib_a-memmove.o)
                              build/brd4158a/dualmcu_app/source/dualmcu_app/waps/sap/dsap.o (memmove)
c:/cygwin64/home/yossi.f/gnu tools arm embedded/4.8 2014q3/bin/../lib/gcc/arm-none-eabi/4.8.4/../../../../arm-none-eabi/lib/armv7e-m\libg_s.a(lib_a-memset.o)
                              build/brd4158a/dualmcu_app/source/dualmcu_app/waps/waps_item.o (memset)

Allocating common symbols
Common symbol       size              file

prot_indication     0x4               build/brd4158a/dualmcu_app/source/dualmcu_app/waps/protocol/waps_protocol.o
waps_request_queue  0xc               build/brd4158a/dualmcu_app/source/dualmcu_app/waps/waps.o
m_upper_cb          0x4               build/brd4158a/dualmcu_app/source/dualmcu_app/waps/protocol/waps_protocol.o
prot_seq            0x1               build/brd4158a/dualmcu_app/source/dualmcu_app/waps/protocol/waps_protocol.o
waps_ind_queue      0xc               build/brd4158a/dualmcu_app/source/dualmcu_app/waps/waps.o
m_keep_power_on     0x1               build/brd4158a/dualmcu_app/source/dualmcu_app/waps/comm/uart/waps_uart_power.o
waps_prot           0x1c              build/brd4158a/dualmcu_app/source/dualmcu_app/waps/protocol/waps_protocol.o
prot_reply          0x4               build/brd4158a/dualmcu_app/source/dualmcu_app/waps/protocol/waps_protocol.o
waps_reply_queue    0xc               build/brd4158a/dualmcu_app/source/dualmcu_app/waps/waps.o

Discarded input sections

 .text          0x00000000        0x0 build/brd4158a/dualmcu_app/source/dualmcu_app/waps/comm/uart/waps_uart.o
 .data          0x00000000        0x0 build/brd4158a/dualmcu_app/source/dualmcu_app/waps/comm/uart/waps_uart.o
 .bss           0x00000000        0x0 build/brd4158a/dualmcu_app/source/dualmcu_app/waps/comm/uart/waps_uart.o
 .text          0x00000000        0x0 build/brd4158a/dualmcu_app/source/dualmcu_app/waps/comm/uart/waps_uart_power.o
 .data          0x00000000        0x0 build/brd4158a/dualmcu_app/source/dualmcu_app/waps/comm/uart/waps_uart_power.o
 .bss           0x00000000        0x0 build/brd4158a/dualmcu_app/source/dualmcu_app/waps/comm/uart/waps_uart_power.o
 .text          0x00000000        0x0 build/brd4158a/dualmcu_app/source/dualmcu_app/waps/protocol/waps_protocol.o
 .data          0x00000000        0x0 build/brd4158a/dualmcu_app/source/dualmcu_app/waps/protocol/waps_protocol.o
 .bss           0x00000000        0x0 build/brd4158a/dualmcu_app/source/dualmcu_app/waps/protocol/waps_protocol.o
 .text          0x00000000        0x0 build/brd4158a/dualmcu_app/source/dualmcu_app/waps/protocol/uart/waps_uart_protocol.o
 .data          0x00000000        0x0 build/brd4158a/dualmcu_app/source/dualmcu_app/waps/protocol/uart/waps_uart_protocol.o
 .bss           0x00000000        0x0 build/brd4158a/dualmcu_app/source/dualmcu_app/waps/protocol/uart/waps_uart_protocol.o
 .text          0x00000000        0x0 build/brd4158a/dualmcu_app/source/dualmcu_app/waps/waps.o
 .data          0x00000000        0x0 build/brd4158a/dualmcu_app/source/dualmcu_app/waps/waps.o
 .bss           0x00000000        0x0 build/brd4158a/dualmcu_app/source/dualmcu_app/waps/waps.o
 .text          0x00000000        0x0 build/brd4158a/dualmcu_app/source/dualmcu_app/waps/waps_item.o
 .data          0x00000000        0x0 build/brd4158a/dualmcu_app/source/dualmcu_app/waps/waps_item.o
 .bss           0x00000000        0x0 build/brd4158a/dualmcu_app/source/dualmcu_app/waps/waps_item.o
 .text          0x00000000        0x0 build/brd4158a/dualmcu_app/source/dualmcu_app/waps/waddr.o
 .data          0x00000000        0x0 build/brd4158a/dualmcu_app/source/dualmcu_app/waps/waddr.o
 .bss           0x00000000        0x0 build/brd4158a/dualmcu_app/source/dualmcu_app/waps/waddr.o
 .text          0x00000000        0x0 build/brd4158a/dualmcu_app/source/dualmcu_app/waps/sap/function_codes.o
 .data          0x00000000        0x0 build/brd4158a/dualmcu_app/source/dualmcu_app/waps/sap/function_codes.o
 .bss           0x00000000        0x0 build/brd4158a/dualmcu_app/source/dualmcu_app/waps/sap/function_codes.o
 .text.WapsFunc_isRequest
                0x00000000       0x22 build/brd4158a/dualmcu_app/source/dualmcu_app/waps/sap/function_codes.o
 .text.WapsFunc_isConfirmation
                0x00000000       0x10 build/brd4158a/dualmcu_app/source/dualmcu_app/waps/sap/function_codes.o
 .text.WapsFunc_isIndication
                0x00000000       0x10 build/brd4158a/dualmcu_app/source/dualmcu_app/waps/sap/function_codes.o
 .rodata.m_ind  0x00000000        0x9 build/brd4158a/dualmcu_app/source/dualmcu_app/waps/sap/function_codes.o
 .rodata.m_cnf  0x00000000       0x27 build/brd4158a/dualmcu_app/source/dualmcu_app/waps/sap/function_codes.o
 .text          0x00000000        0x0 build/brd4158a/dualmcu_app/source/dualmcu_app/waps/sap/csap.o
 .data          0x00000000        0x0 build/brd4158a/dualmcu_app/source/dualmcu_app/waps/sap/csap.o
 .bss           0x00000000        0x0 build/brd4158a/dualmcu_app/source/dualmcu_app/waps/sap/csap.o
 .text          0x00000000        0x0 build/brd4158a/dualmcu_app/source/dualmcu_app/waps/sap/dsap.o
 .data          0x00000000        0x0 build/brd4158a/dualmcu_app/source/dualmcu_app/waps/sap/dsap.o
 .bss           0x00000000        0x0 build/brd4158a/dualmcu_app/source/dualmcu_app/waps/sap/dsap.o
 .text          0x00000000        0x0 build/brd4158a/dualmcu_app/source/dualmcu_app/waps/sap/msap.o
 .data          0x00000000        0x0 build/brd4158a/dualmcu_app/source/dualmcu_app/waps/sap/msap.o
 .bss           0x00000000        0x0 build/brd4158a/dualmcu_app/source/dualmcu_app/waps/sap/msap.o
 .text          0x00000000        0x0 build/brd4158a/dualmcu_app/source/dualmcu_app/waps/sap/lock_bits.o
 .data          0x00000000        0x0 build/brd4158a/dualmcu_app/source/dualmcu_app/waps/sap/lock_bits.o
 .bss           0x00000000        0x0 build/brd4158a/dualmcu_app/source/dualmcu_app/waps/sap/lock_bits.o
 .text          0x00000000        0x0 build/brd4158a/dualmcu_app/source/dualmcu_app/waps/sap/persistent.o
 .data          0x00000000        0x0 build/brd4158a/dualmcu_app/source/dualmcu_app/waps/sap/persistent.o
 .bss           0x00000000        0x0 build/brd4158a/dualmcu_app/source/dualmcu_app/waps/sap/persistent.o
 .text.Persistent_getAutostart
                0x00000000       0x1c build/brd4158a/dualmcu_app/source/dualmcu_app/waps/sap/persistent.o
 .text          0x00000000        0x0 build/brd4158a/dualmcu_app/source/dualmcu_app/waps/sap/multicast.o
 .data          0x00000000        0x0 build/brd4158a/dualmcu_app/source/dualmcu_app/waps/sap/multicast.o
 .bss           0x00000000        0x0 build/brd4158a/dualmcu_app/source/dualmcu_app/waps/sap/multicast.o
 .text          0x00000000        0x0 build/brd4158a/dualmcu_app/source/dualmcu_app/drivers/efr32xg13/exti.o
 .data          0x00000000        0x0 build/brd4158a/dualmcu_app/source/dualmcu_app/drivers/efr32xg13/exti.o
 .bss           0x00000000        0x0 build/brd4158a/dualmcu_app/source/dualmcu_app/drivers/efr32xg13/exti.o
 .text          0x00000000        0x0 build/brd4158a/dualmcu_app/source/dualmcu_app/drivers/efr32xg13/io.o
 .data          0x00000000        0x0 build/brd4158a/dualmcu_app/source/dualmcu_app/drivers/efr32xg13/io.o
 .bss           0x00000000        0x0 build/brd4158a/dualmcu_app/source/dualmcu_app/drivers/efr32xg13/io.o
 .text.Io_setModeDisabled
                0x00000000       0x10 build/brd4158a/dualmcu_app/source/dualmcu_app/drivers/efr32xg13/io.o
 .text          0x00000000        0x0 build/brd4158a/dualmcu_app/util/crc.o
 .data          0x00000000        0x0 build/brd4158a/dualmcu_app/util/crc.o
 .bss           0x00000000        0x0 build/brd4158a/dualmcu_app/util/crc.o
 .text.Crc_fromBuffer32
                0x00000000       0x64 build/brd4158a/dualmcu_app/util/crc.o
 .text          0x00000000        0x0 build/brd4158a/dualmcu_app/util/sl_list.o
 .data          0x00000000        0x0 build/brd4158a/dualmcu_app/util/sl_list.o
 .bss           0x00000000        0x0 build/brd4158a/dualmcu_app/util/sl_list.o
 .text.sl_list_push_before
                0x00000000       0x1a build/brd4158a/dualmcu_app/util/sl_list.o
 .text.sl_list_pop_back
                0x00000000       0x32 build/brd4158a/dualmcu_app/util/sl_list.o
 .text.sl_list_remove
                0x00000000       0x30 build/brd4158a/dualmcu_app/util/sl_list.o
 .text.sl_list_pop
                0x00000000        0xc build/brd4158a/dualmcu_app/util/sl_list.o
 .text.sl_list_at
                0x00000000        0xe build/brd4158a/dualmcu_app/util/sl_list.o
 .text.sl_list_contains
                0x00000000        0xe build/brd4158a/dualmcu_app/util/sl_list.o
 .text.sl_list_search
                0x00000000       0x1a build/brd4158a/dualmcu_app/util/sl_list.o
 .text.sl_list_swap
                0x00000000       0x2e build/brd4158a/dualmcu_app/util/sl_list.o
 .text          0x00000000        0x0 build/brd4158a/dualmcu_app/util/util.o
 .data          0x00000000        0x0 build/brd4158a/dualmcu_app/util/util.o
 .bss           0x00000000        0x0 build/brd4158a/dualmcu_app/util/util.o
 .text.Util_isLtUint32
                0x00000000        0x6 build/brd4158a/dualmcu_app/util/util.o
 .text.Util_isSmallest
                0x00000000       0x10 build/brd4158a/dualmcu_app/util/util.o
 .text.Util_inBetween
                0x00000000       0x12 build/brd4158a/dualmcu_app/util/util.o
 .text.Util_bitCountU8
                0x00000000       0x14 build/brd4158a/dualmcu_app/util/util.o
 .debug_info    0x00000000      0x23f build/brd4158a/dualmcu_app/util/util.o
 .debug_abbrev  0x00000000      0x116 build/brd4158a/dualmcu_app/util/util.o
 .debug_loc     0x00000000      0x12f build/brd4158a/dualmcu_app/util/util.o
 .debug_aranges
                0x00000000       0x38 build/brd4158a/dualmcu_app/util/util.o
 .debug_ranges  0x00000000       0x28 build/brd4158a/dualmcu_app/util/util.o
 .debug_line    0x00000000      0x158 build/brd4158a/dualmcu_app/util/util.o
 .debug_str     0x00000000      0x211 build/brd4158a/dualmcu_app/util/util.o
 .comment       0x00000000       0x71 build/brd4158a/dualmcu_app/util/util.o
 .ARM.attributes
                0x00000000       0x2e build/brd4158a/dualmcu_app/util/util.o
 .debug_frame   0x00000000       0x50 build/brd4158a/dualmcu_app/util/util.o
 .text          0x00000000        0x0 build/brd4158a/dualmcu_app/util/api.o
 .data          0x00000000        0x0 build/brd4158a/dualmcu_app/util/api.o
 .bss           0x00000000        0x0 build/brd4158a/dualmcu_app/util/api.o
 .text          0x00000000        0x0 build/brd4158a/dualmcu_app/mcu/efr32xg13/hal/hfperclk.o
 .data          0x00000000        0x0 build/brd4158a/dualmcu_app/mcu/efr32xg13/hal/hfperclk.o
 .bss           0x00000000        0x0 build/brd4158a/dualmcu_app/mcu/efr32xg13/hal/hfperclk.o
 .text          0x00000000        0x0 build/brd4158a/dualmcu_app/mcu/efr32xg13/hal/usart.o
 .data          0x00000000        0x0 build/brd4158a/dualmcu_app/mcu/efr32xg13/hal/usart.o
 .bss           0x00000000        0x0 build/brd4158a/dualmcu_app/mcu/efr32xg13/hal/usart.o
 .text.Usart_setFlowControl
                0x00000000        0x4 build/brd4158a/dualmcu_app/mcu/efr32xg13/hal/usart.o
 .text.Usart_getMTUSize
                0x00000000        0x6 build/brd4158a/dualmcu_app/mcu/efr32xg13/hal/usart.o
 .text          0x00000000        0x0 build/brd4158a/dualmcu_app/mcu/efr32xg13/hal/ds.o
 .data          0x00000000        0x0 build/brd4158a/dualmcu_app/mcu/efr32xg13/hal/ds.o
 .bss           0x00000000        0x0 build/brd4158a/dualmcu_app/mcu/efr32xg13/hal/ds.o
 .text          0x00000000        0x0 build/brd4158a/dualmcu_app/mcu/efr32xg13/hal/hal.o
 .data          0x00000000        0x0 build/brd4158a/dualmcu_app/mcu/efr32xg13/hal/hal.o
 .bss           0x00000000        0x0 build/brd4158a/dualmcu_app/mcu/efr32xg13/hal/hal.o
 .text          0x00000000        0x0 build/brd4158a/dualmcu_app/source/dualmcu_app/app.o
 .data          0x00000000        0x0 build/brd4158a/dualmcu_app/source/dualmcu_app/app.o
 .bss           0x00000000        0x0 build/brd4158a/dualmcu_app/source/dualmcu_app/app.o
 .text          0x00000000        0x0 build/brd4158a/dualmcu_app/mcu/common/start.o
 .data          0x00000000        0x0 build/brd4158a/dualmcu_app/mcu/common/start.o
 .bss           0x00000000        0x0 build/brd4158a/dualmcu_app/mcu/common/start.o
 .text          0x00000000        0x0 build/brd4158a/dualmcu_app/mcu/common/entrypoint.o
 .data          0x00000000        0x0 build/brd4158a/dualmcu_app/mcu/common/entrypoint.o
 .bss           0x00000000        0x0 build/brd4158a/dualmcu_app/mcu/common/entrypoint.o
 .text          0x00000000        0x0 c:/cygwin64/home/yossi.f/gnu tools arm embedded/4.8 2014q3/bin/../lib/gcc/arm-none-eabi/4.8.4/../../../../arm-none-eabi/lib/armv7e-m\libg_s.a(lib_a-memcpy-stub.o)
 .data          0x00000000        0x0 c:/cygwin64/home/yossi.f/gnu tools arm embedded/4.8 2014q3/bin/../lib/gcc/arm-none-eabi/4.8.4/../../../../arm-none-eabi/lib/armv7e-m\libg_s.a(lib_a-memcpy-stub.o)
 .bss           0x00000000        0x0 c:/cygwin64/home/yossi.f/gnu tools arm embedded/4.8 2014q3/bin/../lib/gcc/arm-none-eabi/4.8.4/../../../../arm-none-eabi/lib/armv7e-m\libg_s.a(lib_a-memcpy-stub.o)
 .text          0x00000000        0x0 c:/cygwin64/home/yossi.f/gnu tools arm embedded/4.8 2014q3/bin/../lib/gcc/arm-none-eabi/4.8.4/../../../../arm-none-eabi/lib/armv7e-m\libg_s.a(lib_a-memmove.o)
 .data          0x00000000        0x0 c:/cygwin64/home/yossi.f/gnu tools arm embedded/4.8 2014q3/bin/../lib/gcc/arm-none-eabi/4.8.4/../../../../arm-none-eabi/lib/armv7e-m\libg_s.a(lib_a-memmove.o)
 .bss           0x00000000        0x0 c:/cygwin64/home/yossi.f/gnu tools arm embedded/4.8 2014q3/bin/../lib/gcc/arm-none-eabi/4.8.4/../../../../arm-none-eabi/lib/armv7e-m\libg_s.a(lib_a-memmove.o)
 .text          0x00000000        0x0 c:/cygwin64/home/yossi.f/gnu tools arm embedded/4.8 2014q3/bin/../lib/gcc/arm-none-eabi/4.8.4/../../../../arm-none-eabi/lib/armv7e-m\libg_s.a(lib_a-memset.o)
 .data          0x00000000        0x0 c:/cygwin64/home/yossi.f/gnu tools arm embedded/4.8 2014q3/bin/../lib/gcc/arm-none-eabi/4.8.4/../../../../arm-none-eabi/lib/armv7e-m\libg_s.a(lib_a-memset.o)
 .bss           0x00000000        0x0 c:/cygwin64/home/yossi.f/gnu tools arm embedded/4.8 2014q3/bin/../lib/gcc/arm-none-eabi/4.8.4/../../../../arm-none-eabi/lib/armv7e-m\libg_s.a(lib_a-memset.o)

Memory Configuration

Name             Origin             Length             Attributes
FLASH            0x00040000         0x0000a000         xr
RAM              0x2000b000         0x00003ff8         xrw
INVALID          0xffffffff         0x00000000         xrw
*default*        0x00000000         0xffffffff

Linker script and memory map

LOAD c:/cygwin64/home/yossi.f/gnu tools arm embedded/4.8 2014q3/bin/../lib/gcc/arm-none-eabi/4.8.4/armv7e-m\libgcc.a
LOAD c:/cygwin64/home/yossi.f/gnu tools arm embedded/4.8 2014q3/bin/../lib/gcc/arm-none-eabi/4.8.4/../../../../arm-none-eabi/lib/armv7e-m\libnosys.a
LOAD build/brd4158a/dualmcu_app/source/dualmcu_app/waps/comm/uart/waps_uart.o
LOAD build/brd4158a/dualmcu_app/source/dualmcu_app/waps/comm/uart/waps_uart_power.o
LOAD build/brd4158a/dualmcu_app/source/dualmcu_app/waps/protocol/waps_protocol.o
LOAD build/brd4158a/dualmcu_app/source/dualmcu_app/waps/protocol/uart/waps_uart_protocol.o
LOAD build/brd4158a/dualmcu_app/source/dualmcu_app/waps/waps.o
LOAD build/brd4158a/dualmcu_app/source/dualmcu_app/waps/waps_item.o
LOAD build/brd4158a/dualmcu_app/source/dualmcu_app/waps/waddr.o
LOAD build/brd4158a/dualmcu_app/source/dualmcu_app/waps/sap/function_codes.o
LOAD build/brd4158a/dualmcu_app/source/dualmcu_app/waps/sap/csap.o
LOAD build/brd4158a/dualmcu_app/source/dualmcu_app/waps/sap/dsap.o
LOAD build/brd4158a/dualmcu_app/source/dualmcu_app/waps/sap/msap.o
LOAD build/brd4158a/dualmcu_app/source/dualmcu_app/waps/sap/lock_bits.o
LOAD build/brd4158a/dualmcu_app/source/dualmcu_app/waps/sap/persistent.o
LOAD build/brd4158a/dualmcu_app/source/dualmcu_app/waps/sap/multicast.o
LOAD build/brd4158a/dualmcu_app/source/dualmcu_app/drivers/efr32xg13/exti.o
LOAD build/brd4158a/dualmcu_app/source/dualmcu_app/drivers/efr32xg13/io.o
LOAD build/brd4158a/dualmcu_app/util/crc.o
LOAD build/brd4158a/dualmcu_app/util/sl_list.o
LOAD build/brd4158a/dualmcu_app/util/util.o
LOAD build/brd4158a/dualmcu_app/util/api.o
LOAD build/brd4158a/dualmcu_app/mcu/efr32xg13/hal/hfperclk.o
LOAD build/brd4158a/dualmcu_app/mcu/efr32xg13/hal/usart.o
LOAD build/brd4158a/dualmcu_app/mcu/efr32xg13/hal/ds.o
LOAD build/brd4158a/dualmcu_app/mcu/efr32xg13/hal/hal.o
LOAD build/brd4158a/dualmcu_app/source/dualmcu_app/app.o
LOAD build/brd4158a/dualmcu_app/mcu/common/start.o
LOAD build/brd4158a/dualmcu_app/mcu/common/entrypoint.o

.text           0x00040000     0x2b50
                0x00040000                __text_start__ = .
 *(.entrypoint)
 .entrypoint    0x00040000       0x30 build/brd4158a/dualmcu_app/mcu/common/entrypoint.o
 *(.app_header)
 .app_header    0x00040030       0x20 build/brd4158a/dualmcu_app/mcu/common/start.o
                0x00040030                app_header
 *(.text.*)
 .text.write_tx_buffer
                0x00040050       0x20 build/brd4158a/dualmcu_app/source/dualmcu_app/waps/comm/uart/waps_uart.o
 .text.write_rx_buffer
                0x00040070       0x30 build/brd4158a/dualmcu_app/source/dualmcu_app/waps/comm/uart/waps_uart.o
 .text.slip_put
                0x000400a0       0x22 build/brd4158a/dualmcu_app/source/dualmcu_app/waps/comm/uart/waps_uart.o
 *fill*         0x000400c2        0x2 
 .text.waps_uart_receive
                0x000400c4       0xd0 build/brd4158a/dualmcu_app/source/dualmcu_app/waps/comm/uart/waps_uart.o
 .text.Waps_uart_powerReset
                0x00040194       0x50 build/brd4158a/dualmcu_app/source/dualmcu_app/waps/comm/uart/waps_uart.o
                0x00040194                Waps_uart_powerReset
 .text.Waps_uart_init
                0x000401e4       0x5c build/brd4158a/dualmcu_app/source/dualmcu_app/waps/comm/uart/waps_uart.o
                0x000401e4                Waps_uart_init
 .text.Waps_uart_send
                0x00040240       0x6c build/brd4158a/dualmcu_app/source/dualmcu_app/waps/comm/uart/waps_uart.o
                0x00040240                Waps_uart_send
 .text.Waps_uart_flush
                0x000402ac        0x4 build/brd4158a/dualmcu_app/source/dualmcu_app/waps/comm/uart/waps_uart.o
                0x000402ac                Waps_uart_flush
 .text.Waps_uart_setIrq
                0x000402b0        0xa build/brd4158a/dualmcu_app/source/dualmcu_app/waps/comm/uart/waps_uart.o
                0x000402b0                Waps_uart_setIrq
 *fill*         0x000402ba        0x2 
 .text.uart_gpio_isr
                0x000402bc       0x88 build/brd4158a/dualmcu_app/source/dualmcu_app/waps/comm/uart/waps_uart_power.o
 .text.Waps_uart_AutoPowerOn
                0x00040344       0x44 build/brd4158a/dualmcu_app/source/dualmcu_app/waps/comm/uart/waps_uart_power.o
                0x00040344                Waps_uart_AutoPowerOn
 .text.Waps_uart_AutoPowerOff
                0x00040388       0x34 build/brd4158a/dualmcu_app/source/dualmcu_app/waps/comm/uart/waps_uart_power.o
                0x00040388                Waps_uart_AutoPowerOff
 .text.Waps_uart_keepPowerOn
                0x000403bc        0xc build/brd4158a/dualmcu_app/source/dualmcu_app/waps/comm/uart/waps_uart_power.o
                0x000403bc                Waps_uart_keepPowerOn
 .text.Waps_uart_powerOff
                0x000403c8        0xc build/brd4158a/dualmcu_app/source/dualmcu_app/waps/comm/uart/waps_uart_power.o
                0x000403c8                Waps_uart_powerOff
 .text.Waps_uart_powerExec
                0x000403d4       0xac build/brd4158a/dualmcu_app/source/dualmcu_app/waps/comm/uart/waps_uart_power.o
                0x000403d4                Waps_uart_powerExec
 .text.frame_receive
                0x00040480       0x50 build/brd4158a/dualmcu_app/source/dualmcu_app/waps/protocol/waps_protocol.o
 .text.Waps_prot_init
                0x000404d0       0x74 build/brd4158a/dualmcu_app/source/dualmcu_app/waps/protocol/waps_protocol.o
                0x000404d0                Waps_prot_init
 .text.Waps_prot_hasIndication
                0x00040544       0x10 build/brd4158a/dualmcu_app/source/dualmcu_app/waps/protocol/waps_protocol.o
                0x00040544                Waps_prot_hasIndication
 .text.Waps_prot_updateIrqPin
                0x00040554       0x24 build/brd4158a/dualmcu_app/source/dualmcu_app/waps/protocol/waps_protocol.o
                0x00040554                Waps_prot_updateIrqPin
 .text.prot_send_item
                0x00040578       0x38 build/brd4158a/dualmcu_app/source/dualmcu_app/waps/protocol/waps_protocol.o
                0x00040578                prot_send_item
 .text.send_indication
                0x000405b0       0x64 build/brd4158a/dualmcu_app/source/dualmcu_app/waps/protocol/uart/waps_uart_protocol.o
 .text.Waps_protUart_processResponse
                0x00040614       0x54 build/brd4158a/dualmcu_app/source/dualmcu_app/waps/protocol/uart/waps_uart_protocol.o
                0x00040614                Waps_protUart_processResponse
 .text.Waps_protUart_sendReply
                0x00040668       0x38 build/brd4158a/dualmcu_app/source/dualmcu_app/waps/protocol/uart/waps_uart_protocol.o
                0x00040668                Waps_protUart_sendReply
 .text.Waps_protUart_frameRemoved
                0x000406a0        0x2 build/brd4158a/dualmcu_app/source/dualmcu_app/waps/protocol/uart/waps_uart_protocol.o
                0x000406a0                Waps_protUart_frameRemoved
 *fill*         0x000406a2        0x2 
 .text.add_indication
                0x000406a4       0x1c build/brd4158a/dualmcu_app/source/dualmcu_app/waps/waps.o
 .text.find_indication
                0x000406c0       0x18 build/brd4158a/dualmcu_app/source/dualmcu_app/waps/waps.o
 .text.Waps_exec
                0x000406d8       0xac build/brd4158a/dualmcu_app/source/dualmcu_app/waps/waps.o
 .text.Waps_init
                0x00040784       0x74 build/brd4158a/dualmcu_app/source/dualmcu_app/waps/waps.o
                0x00040784                Waps_init
 .text.Waps_sinkUpdated
                0x000407f8       0x3c build/brd4158a/dualmcu_app/source/dualmcu_app/waps/waps.o
                0x000407f8                Waps_sinkUpdated
 .text.Waps_onScannedNbors
                0x00040834       0x2c build/brd4158a/dualmcu_app/source/dualmcu_app/waps/waps.o
                0x00040834                Waps_onScannedNbors
 .text.Waps_receiveUnicast
                0x00040860       0x3c build/brd4158a/dualmcu_app/source/dualmcu_app/waps/waps.o
                0x00040860                Waps_receiveUnicast
 .text.Waps_receiveBcast
                0x0004089c       0x28 build/brd4158a/dualmcu_app/source/dualmcu_app/waps/waps.o
                0x0004089c                Waps_receiveBcast
 .text.Waps_packetSent
                0x000408c4       0x48 build/brd4158a/dualmcu_app/source/dualmcu_app/waps/waps.o
                0x000408c4                Waps_packetSent
 .text.Waps_receiveBlStatus
                0x0004090c       0x24 build/brd4158a/dualmcu_app/source/dualmcu_app/waps/waps.o
                0x0004090c                Waps_receiveBlStatus
 .text.queued_indications
                0x00040930       0x10 build/brd4158a/dualmcu_app/source/dualmcu_app/waps/waps.o
                0x00040930                queued_indications
 .text.wakeup_task
                0x00040940       0x38 build/brd4158a/dualmcu_app/source/dualmcu_app/waps/waps.o
                0x00040940                wakeup_task
 .text.receive_request
                0x00040978       0x2c build/brd4158a/dualmcu_app/source/dualmcu_app/waps/waps.o
 .text.Waps_itemInit
                0x000409a4       0x80 build/brd4158a/dualmcu_app/source/dualmcu_app/waps/waps_item.o
                0x000409a4                Waps_itemInit
 .text.Waps_itemReserve
                0x00040a24       0x38 build/brd4158a/dualmcu_app/source/dualmcu_app/waps/waps_item.o
                0x00040a24                Waps_itemReserve
 .text.Waps_itemFree
                0x00040a5c       0x44 build/brd4158a/dualmcu_app/source/dualmcu_app/waps/waps_item.o
                0x00040a5c                Waps_itemFree
 .text.Waddr_to_Addr
                0x00040aa0       0x18 build/brd4158a/dualmcu_app/source/dualmcu_app/waps/waddr.o
                0x00040aa0                Waddr_to_Addr
 .text.Addr_to_Waddr
                0x00040ab8       0x18 build/brd4158a/dualmcu_app/source/dualmcu_app/waps/waddr.o
                0x00040ab8                Addr_to_Waddr
 .text.Waddr_addrIsValid
                0x00040ad0       0x28 build/brd4158a/dualmcu_app/source/dualmcu_app/waps/waddr.o
                0x00040ad0                Waddr_addrIsValid
 .text.find     0x00040af8       0x1a build/brd4158a/dualmcu_app/source/dualmcu_app/waps/sap/function_codes.o
 *fill*         0x00040b12        0x2 
 .text.WapsFunc_isDsapRequest
                0x00040b14       0x10 build/brd4158a/dualmcu_app/source/dualmcu_app/waps/sap/function_codes.o
                0x00040b14                WapsFunc_isDsapRequest
 .text.WapsFunc_isMsapRequest
                0x00040b24       0x10 build/brd4158a/dualmcu_app/source/dualmcu_app/waps/sap/function_codes.o
                0x00040b24                WapsFunc_isMsapRequest
 .text.WapsFunc_isCsapRequest
                0x00040b34       0x10 build/brd4158a/dualmcu_app/source/dualmcu_app/waps/sap/function_codes.o
                0x00040b34                WapsFunc_isCsapRequest
 .text.WapsFunc_isResponse
                0x00040b44       0x10 build/brd4158a/dualmcu_app/source/dualmcu_app/waps/sap/function_codes.o
                0x00040b44                WapsFunc_isResponse
 .text.Csap_handleFrame
                0x00040b54      0x3e8 build/brd4158a/dualmcu_app/source/dualmcu_app/waps/sap/csap.o
                0x00040b54                Csap_handleFrame
 .text.update_packet_delay
                0x00040f3c       0x2c build/brd4158a/dualmcu_app/source/dualmcu_app/waps/sap/dsap.o
 .text.sendPacketWithTT
                0x00040f68       0xfc build/brd4158a/dualmcu_app/source/dualmcu_app/waps/sap/dsap.o
 .text.Dsap_handleFrame
                0x00041064       0x4c build/brd4158a/dualmcu_app/source/dualmcu_app/waps/sap/dsap.o
                0x00041064                Dsap_handleFrame
 .text.Dsap_packetSent
                0x000410b0       0x36 build/brd4158a/dualmcu_app/source/dualmcu_app/waps/sap/dsap.o
                0x000410b0                Dsap_packetSent
 *fill*         0x000410e6        0x2 
 .text.Dsap_packetReceived
                0x000410e8       0x74 build/brd4158a/dualmcu_app/source/dualmcu_app/waps/sap/dsap.o
                0x000410e8                Dsap_packetReceived
 .text.appLibState2SappStackState
                0x0004115c       0x3a build/brd4158a/dualmcu_app/source/dualmcu_app/waps/sap/msap.o
 *fill*         0x00041196        0x2 
 .text.reboot_callback
                0x00041198       0x1c build/brd4158a/dualmcu_app/source/dualmcu_app/waps/sap/msap.o
 .text.updateTime
                0x000411b4       0x20 build/brd4158a/dualmcu_app/source/dualmcu_app/waps/sap/msap.o
 .text.updateIndicationCount
                0x000411d4       0x1a build/brd4158a/dualmcu_app/source/dualmcu_app/waps/sap/msap.o
 *fill*         0x000411ee        0x2 
 .text.Msap_handleFrame
                0x000411f0      0x9b0 build/brd4158a/dualmcu_app/source/dualmcu_app/waps/sap/msap.o
                0x000411f0                Msap_handleFrame
 .text.Msap_getStackStatusIndication
                0x00041ba0       0x38 build/brd4158a/dualmcu_app/source/dualmcu_app/waps/sap/msap.o
                0x00041ba0                Msap_getStackStatusIndication
 .text.Msap_handleAppConfig
                0x00041bd8       0x3a build/brd4158a/dualmcu_app/source/dualmcu_app/waps/sap/msap.o
                0x00041bd8                Msap_handleAppConfig
 .text.Msap_blStatus
                0x00041c12       0x70 build/brd4158a/dualmcu_app/source/dualmcu_app/waps/sap/msap.o
                0x00041c12                Msap_blStatus
 .text.Msap_onScannedNbors
                0x00041c82       0x1c build/brd4158a/dualmcu_app/source/dualmcu_app/waps/sap/msap.o
                0x00041c82                Msap_onScannedNbors
 *fill*         0x00041c9e        0x2 
 .text.LockBits_isKeySet
                0x00041ca0       0x1c build/brd4158a/dualmcu_app/source/dualmcu_app/waps/sap/lock_bits.o
                0x00041ca0                LockBits_isKeySet
 .text.LockBits_isFeaturePermitted
                0x00041cbc       0x34 build/brd4158a/dualmcu_app/source/dualmcu_app/waps/sap/lock_bits.o
                0x00041cbc                LockBits_isFeaturePermitted
 .text.write_image
                0x00041cf0       0x18 build/brd4158a/dualmcu_app/source/dualmcu_app/waps/sap/persistent.o
 .text.update_image
                0x00041d08       0x2c build/brd4158a/dualmcu_app/source/dualmcu_app/waps/sap/persistent.o
 .text.Persistent_setAutostart
                0x00041d34       0x1c build/brd4158a/dualmcu_app/source/dualmcu_app/waps/sap/persistent.o
                0x00041d34                Persistent_setAutostart
 .text.Persistent_getGroups
                0x00041d50       0x28 build/brd4158a/dualmcu_app/source/dualmcu_app/waps/sap/persistent.o
                0x00041d50                Persistent_getGroups
 .text.Persistent_setGroups
                0x00041d78       0x30 build/brd4158a/dualmcu_app/source/dualmcu_app/waps/sap/persistent.o
                0x00041d78                Persistent_setGroups
 .text.Multicast_isGroupCb
                0x00041da8       0x4c build/brd4158a/dualmcu_app/source/dualmcu_app/waps/sap/multicast.o
                0x00041da8                Multicast_isGroupCb
 .text.Multicast_setGroups
                0x00041df4       0x40 build/brd4158a/dualmcu_app/source/dualmcu_app/waps/sap/multicast.o
                0x00041df4                Multicast_setGroups
 .text.Multicast_getGroups
                0x00041e34       0x48 build/brd4158a/dualmcu_app/source/dualmcu_app/waps/sap/multicast.o
                0x00041e34                Multicast_getGroups
 .text.GPIO_EVEN_IRQHandler
                0x00041e7c       0x40 build/brd4158a/dualmcu_app/source/dualmcu_app/drivers/efr32xg13/exti.o
                0x00041e7c                GPIO_EVEN_IRQHandler
 .text.GPIO_ODD_IRQHandler
                0x00041ebc       0x54 build/brd4158a/dualmcu_app/source/dualmcu_app/drivers/efr32xg13/exti.o
                0x00041ebc                GPIO_ODD_IRQHandler
 .text.Wakeup_pinInit
                0x00041f10       0x70 build/brd4158a/dualmcu_app/source/dualmcu_app/drivers/efr32xg13/exti.o
                0x00041f10                Wakeup_pinInit
 .text.Wakeup_off
                0x00041f80       0x34 build/brd4158a/dualmcu_app/source/dualmcu_app/drivers/efr32xg13/exti.o
                0x00041f80                Wakeup_off
 .text.Wakeup_enableIrq
                0x00041fb4        0xc build/brd4158a/dualmcu_app/source/dualmcu_app/drivers/efr32xg13/exti.o
                0x00041fb4                Wakeup_enableIrq
 .text.Wakeup_disableIrq
                0x00041fc0        0xc build/brd4158a/dualmcu_app/source/dualmcu_app/drivers/efr32xg13/exti.o
                0x00041fc0                Wakeup_disableIrq
 .text.Wakeup_clearIrq
                0x00041fcc       0x10 build/brd4158a/dualmcu_app/source/dualmcu_app/drivers/efr32xg13/exti.o
                0x00041fcc                Wakeup_clearIrq
 .text.Wakeup_setEdge
                0x00041fdc       0x18 build/brd4158a/dualmcu_app/source/dualmcu_app/drivers/efr32xg13/exti.o
                0x00041fdc                Wakeup_setEdge
 .text.Io_init  0x00041ff4       0x28 build/brd4158a/dualmcu_app/source/dualmcu_app/drivers/efr32xg13/io.o
                0x00041ff4                Io_init
 .text.Io_enableUartIrq
                0x0004201c       0x14 build/brd4158a/dualmcu_app/source/dualmcu_app/drivers/efr32xg13/io.o
                0x0004201c                Io_enableUartIrq
 .text.Io_setUartIrq
                0x00042030       0x10 build/brd4158a/dualmcu_app/source/dualmcu_app/drivers/efr32xg13/io.o
                0x00042030                Io_setUartIrq
 .text.Io_clearUartIrq
                0x00042040       0x10 build/brd4158a/dualmcu_app/source/dualmcu_app/drivers/efr32xg13/io.o
                0x00042040                Io_clearUartIrq
 .text.Crc_addByte
                0x00042050       0x18 build/brd4158a/dualmcu_app/util/crc.o
                0x00042050                Crc_addByte
 .text.Crc_fromBuffer
                0x00042068       0x2c build/brd4158a/dualmcu_app/util/crc.o
                0x00042068                Crc_fromBuffer
 .text.sl_list_init
                0x00042094        0xa build/brd4158a/dualmcu_app/util/sl_list.o
                0x00042094                sl_list_init
 .text.sl_list_next
                0x0004209e        0x4 build/brd4158a/dualmcu_app/util/sl_list.o
                0x0004209e                sl_list_next
 .text.sl_list_push_back
                0x000420a2       0x1a build/brd4158a/dualmcu_app/util/sl_list.o
                0x000420a2                sl_list_push_back
 .text.sl_list_push_front
                0x000420bc       0x14 build/brd4158a/dualmcu_app/util/sl_list.o
                0x000420bc                sl_list_push_front
 .text.sl_list_pop_front
                0x000420d0       0x1a build/brd4158a/dualmcu_app/util/sl_list.o
                0x000420d0                sl_list_pop_front
 *fill*         0x000420ea        0x2 
 .text.API_Open
                0x000420ec      0x190 build/brd4158a/dualmcu_app/util/api.o
                0x000420ec                API_Open
 .text.getHFPERCLK
                0x0004227c       0x1c build/brd4158a/dualmcu_app/mcu/efr32xg13/hal/hfperclk.o
                0x0004227c                getHFPERCLK
 .text.enableHFPERCLK
                0x00042298       0x1c build/brd4158a/dualmcu_app/mcu/efr32xg13/hal/hfperclk.o
                0x00042298                enableHFPERCLK
 .text.USART_RX_IRQHandler
                0x000422b4       0x30 build/brd4158a/dualmcu_app/mcu/efr32xg13/hal/usart.o
                0x000422b4                USART_RX_IRQHandler
 .text.Usart_init
                0x000422e4      0x128 build/brd4158a/dualmcu_app/mcu/efr32xg13/hal/usart.o
                0x000422e4                Usart_init
 .text.Usart_setEnabled
                0x0004240c       0x80 build/brd4158a/dualmcu_app/mcu/efr32xg13/hal/usart.o
                0x0004240c                Usart_setEnabled
 .text.USART_TX_IRQHandler
                0x0004248c       0x60 build/brd4158a/dualmcu_app/mcu/efr32xg13/hal/usart.o
                0x0004248c                USART_TX_IRQHandler
 .text.Usart_receiverOn
                0x000424ec        0xc build/brd4158a/dualmcu_app/mcu/efr32xg13/hal/usart.o
                0x000424ec                Usart_receiverOn
 .text.Usart_receiverOff
                0x000424f8        0xc build/brd4158a/dualmcu_app/mcu/efr32xg13/hal/usart.o
                0x000424f8                Usart_receiverOff
 .text.Usart_sendBuffer
                0x00042504       0x94 build/brd4158a/dualmcu_app/mcu/efr32xg13/hal/usart.o
                0x00042504                Usart_sendBuffer
 .text.Usart_enableReceiver
                0x00042598       0xa0 build/brd4158a/dualmcu_app/mcu/efr32xg13/hal/usart.o
                0x00042598                Usart_enableReceiver
 .text.Usart_flush
                0x00042638       0x10 build/brd4158a/dualmcu_app/mcu/efr32xg13/hal/usart.o
                0x00042638                Usart_flush
 .text.DS_Init  0x00042648        0xc build/brd4158a/dualmcu_app/mcu/efr32xg13/hal/ds.o
                0x00042648                DS_Init
 .text.DS_Enable
                0x00042654       0x38 build/brd4158a/dualmcu_app/mcu/efr32xg13/hal/ds.o
                0x00042654                DS_Enable
 .text.DS_Disable
                0x0004268c       0x34 build/brd4158a/dualmcu_app/mcu/efr32xg13/hal/ds.o
                0x0004268c                DS_Disable
 .text.HAL_Open
                0x000426c0       0x18 build/brd4158a/dualmcu_app/mcu/efr32xg13/hal/hal.o
                0x000426c0                HAL_Open
 .text.newAppConfigCb
                0x000426d8        0xa build/brd4158a/dualmcu_app/source/dualmcu_app/app.o
                0x000426d8                newAppConfigCb
 .text.onScannedNborsCb
                0x000426e2        0x4 build/brd4158a/dualmcu_app/source/dualmcu_app/app.o
                0x000426e2                onScannedNborsCb
 .text.remoteStatusReceivedCb
                0x000426e6        0x4 build/brd4158a/dualmcu_app/source/dualmcu_app/app.o
 .text.dataSentCb
                0x000426ea       0x1c build/brd4158a/dualmcu_app/source/dualmcu_app/app.o
 *fill*         0x00042706        0x2 
 .text.App_init
                0x00042708       0xe8 build/brd4158a/dualmcu_app/source/dualmcu_app/app.o
                0x00042708                App_init
 .text._start   0x000427f0       0x6c build/brd4158a/dualmcu_app/mcu/common/start.o
                0x000427f0                _start
 .text.memcpy   0x0004285c       0x12 c:/cygwin64/home/yossi.f/gnu tools arm embedded/4.8 2014q3/bin/../lib/gcc/arm-none-eabi/4.8.4/../../../../arm-none-eabi/lib/armv7e-m\libg_s.a(lib_a-memcpy-stub.o)
                0x0004285c                memcpy
 .text.memmove  0x0004286e       0x36 c:/cygwin64/home/yossi.f/gnu tools arm embedded/4.8 2014q3/bin/../lib/gcc/arm-none-eabi/4.8.4/../../../../arm-none-eabi/lib/armv7e-m\libg_s.a(lib_a-memmove.o)
                0x0004286e                memmove
 .text.memset   0x000428a4       0x10 c:/cygwin64/home/yossi.f/gnu tools arm embedded/4.8 2014q3/bin/../lib/gcc/arm-none-eabi/4.8.4/../../../../arm-none-eabi/lib/armv7e-m\libg_s.a(lib_a-memset.o)
                0x000428a4                memset
 *(.text)
 *(.glue_7)
 .glue_7        0x00000000        0x0 linker stubs
 *(.glue_7t)
 .glue_7t       0x00000000        0x0 linker stubs
 *(.vfp11_veneer)
 .vfp11_veneer  0x00000000        0x0 linker stubs
 *(.v4_bx)
 .v4_bx         0x00000000        0x0 linker stubs
 *(.rodata.*)
 .rodata.m_msap_req
                0x000428b4       0x18 build/brd4158a/dualmcu_app/source/dualmcu_app/waps/sap/function_codes.o
 .rodata.m_rsp  0x000428cc        0xb build/brd4158a/dualmcu_app/source/dualmcu_app/waps/sap/function_codes.o
 .rodata.m_csap_req
                0x000428d7        0x3 build/brd4158a/dualmcu_app/source/dualmcu_app/waps/sap/function_codes.o
 .rodata.m_dsap_req
                0x000428da        0x3 build/brd4158a/dualmcu_app/source/dualmcu_app/waps/sap/function_codes.o
 .rodata.CSWTCH.38
                0x000428dd        0x3 build/brd4158a/dualmcu_app/source/dualmcu_app/waps/sap/csap.o
 .rodata.m_attr_size_lut
                0x000428e0       0x17 build/brd4158a/dualmcu_app/source/dualmcu_app/waps/sap/csap.o
 .rodata.CSWTCH.35
                0x000428f7        0x9 build/brd4158a/dualmcu_app/source/dualmcu_app/waps/sap/csap.o
 .rodata.m_attr_size_lut
                0x00042900        0xd build/brd4158a/dualmcu_app/source/dualmcu_app/waps/sap/msap.o
 .rodata.CSWTCH.63
                0x0004290d        0x5 build/brd4158a/dualmcu_app/source/dualmcu_app/waps/sap/msap.o
 .rodata.CSWTCH.65
                0x00042912        0x9 build/brd4158a/dualmcu_app/source/dualmcu_app/waps/sap/msap.o
 .rodata.CSWTCH.72
                0x0004291b        0x8 build/brd4158a/dualmcu_app/source/dualmcu_app/waps/sap/msap.o
 *fill*         0x00042923        0x1 
 .rodata.crc_ccitt_lut
                0x00042924      0x200 build/brd4158a/dualmcu_app/util/crc.o
 .rodata.m_interface_config
                0x00042b24        0x8 build/brd4158a/dualmcu_app/source/dualmcu_app/app.o
                0x00042b24                m_interface_config
 .rodata.str1.1
                0x00042b2c       0x1f build/brd4158a/dualmcu_app/source/dualmcu_app/app.o
 *(.rodata)
 *(.rodata1)
                0x00042b50                . = ALIGN (0x8)
 *fill*         0x00042b4b        0x5 
                0x00042b50                __text_end__ = .
                0x00042b50                __data_src_start__ = .

.data           0x2000b000        0x8 load address 0x00042b50
                0x2000b000                __data_start__ = .
 *(.ramtext)
 *(.data.*)
 .data.m_used_app_ram_end
                0x2000b000        0x4 build/brd4158a/dualmcu_app/mcu/common/start.o
                0x2000b000                m_used_app_ram_end
 *(.data)
 *(.data1)
                0x2000b008                . = ALIGN (0x8)
 *fill*         0x2000b004        0x4 
                0x2000b008                __data_end__ = .
                0x00042b58                __rom_end__ = (__data_src_start__ + SIZEOF (.data))
                0x00002b58                __total_size_bytes__ = (__rom_end__ - __text_start__)

.bss            0x2000b008      0xd50 load address 0x00042b58
                0x2000b008                __bss_start__ = .
 *(.bss.*)
 .bss.m_tx_buffer_idx
                0x2000b008        0x4 build/brd4158a/dualmcu_app/source/dualmcu_app/waps/comm/uart/waps_uart.o
 .bss.m_tx_buffer
                0x2000b00c        0x4 build/brd4158a/dualmcu_app/source/dualmcu_app/waps/comm/uart/waps_uart.o
 .bss.m_rx_buffer
                0x2000b010        0x4 build/brd4158a/dualmcu_app/source/dualmcu_app/waps/comm/uart/waps_uart.o
 .bss.m_rx_crc  0x2000b014        0x2 build/brd4158a/dualmcu_app/source/dualmcu_app/waps/comm/uart/waps_uart.o
 *fill*         0x2000b016        0x2 
 .bss.m_rx_buffer_idx
                0x2000b018        0x4 build/brd4158a/dualmcu_app/source/dualmcu_app/waps/comm/uart/waps_uart.o
 .bss.m_escaped
                0x2000b01c        0x1 build/brd4158a/dualmcu_app/source/dualmcu_app/waps/comm/uart/waps_uart.o
 *fill*         0x2000b01d        0x3 
 .bss.m_frame_cb
                0x2000b020        0x4 build/brd4158a/dualmcu_app/source/dualmcu_app/waps/comm/uart/waps_uart.o
 .bss.power_time.5644
                0x2000b024        0x4 build/brd4158a/dualmcu_app/source/dualmcu_app/waps/comm/uart/waps_uart_power.o
 .bss.m_power_on
                0x2000b028        0x1 build/brd4158a/dualmcu_app/source/dualmcu_app/waps/comm/uart/waps_uart_power.o
 .bss.m_waps_tx_buffer
                0x2000b029       0xfa build/brd4158a/dualmcu_app/source/dualmcu_app/waps/protocol/waps_protocol.o
 .bss.m_waps_rx_buffer
                0x2000b123       0x7e build/brd4158a/dualmcu_app/source/dualmcu_app/waps/protocol/waps_protocol.o
 *fill*         0x2000b1a1        0x3 
 .bss.m_signal  0x2000b1a4        0x4 build/brd4158a/dualmcu_app/source/dualmcu_app/waps/waps.o
 .bss.m_free_waps_items
                0x2000b1a8        0x4 build/brd4158a/dualmcu_app/source/dualmcu_app/waps/waps_item.o
 .bss.free_items
                0x2000b1ac        0xc build/brd4158a/dualmcu_app/source/dualmcu_app/waps/waps_item.o
 .bss.waps_item_bank
                0x2000b1b8      0x8c0 build/brd4158a/dualmcu_app/source/dualmcu_app/waps/waps_item.o
 .bss.m_persistent_valid
                0x2000ba78        0x1 build/brd4158a/dualmcu_app/source/dualmcu_app/waps/sap/persistent.o
 .bss.m_persistent_image
                0x2000ba79       0x1f build/brd4158a/dualmcu_app/source/dualmcu_app/waps/sap/persistent.o
 .bss.m_odd_callbacks
                0x2000ba98       0x20 build/brd4158a/dualmcu_app/source/dualmcu_app/drivers/efr32xg13/exti.o
 .bss.lib_otap  0x2000bab8        0x4 build/brd4158a/dualmcu_app/util/api.o
                0x2000bab8                lib_otap
 .bss.lib_hw    0x2000babc        0x4 build/brd4158a/dualmcu_app/util/api.o
                0x2000babc                lib_hw
 .bss.lib_beacon_rx
                0x2000bac0        0x4 build/brd4158a/dualmcu_app/util/api.o
                0x2000bac0                lib_beacon_rx
 .bss.lib_memory_area
                0x2000bac4        0x4 build/brd4158a/dualmcu_app/util/api.o
                0x2000bac4                lib_memory_area
 .bss.global_func
                0x2000bac8        0x4 build/brd4158a/dualmcu_app/util/api.o
                0x2000bac8                global_func
 .bss.lib_sleep
                0x2000bacc        0x4 build/brd4158a/dualmcu_app/util/api.o
                0x2000bacc                lib_sleep
 .bss.lib_settings
                0x2000bad0        0x4 build/brd4158a/dualmcu_app/util/api.o
                0x2000bad0                lib_settings
 .bss.lib_system
                0x2000bad4        0x4 build/brd4158a/dualmcu_app/util/api.o
                0x2000bad4                lib_system
 .bss.lib_state
                0x2000bad8        0x4 build/brd4158a/dualmcu_app/util/api.o
                0x2000bad8                lib_state
 .bss.lib_beacon_tx
                0x2000badc        0x4 build/brd4158a/dualmcu_app/util/api.o
                0x2000badc                lib_beacon_tx
 .bss.lib_time  0x2000bae0        0x4 build/brd4158a/dualmcu_app/util/api.o
                0x2000bae0                lib_time
 .bss.lib_data  0x2000bae4        0x4 build/brd4158a/dualmcu_app/util/api.o
                0x2000bae4                lib_data
 .bss.lib_storage
                0x2000bae8        0x4 build/brd4158a/dualmcu_app/util/api.o
                0x2000bae8                lib_storage
 .bss.m_enabled
                0x2000baec        0x4 build/brd4158a/dualmcu_app/mcu/efr32xg13/hal/usart.o
 .bss.m_rx_callback
                0x2000baf0        0x4 build/brd4158a/dualmcu_app/mcu/efr32xg13/hal/usart.o
 .bss.m_tx_active
                0x2000baf4        0x1 build/brd4158a/dualmcu_app/mcu/efr32xg13/hal/usart.o
 *fill*         0x2000baf5        0x1 
 .bss.m_usart_tx_buffer
                0x2000baf6      0x204 build/brd4158a/dualmcu_app/mcu/efr32xg13/hal/usart.o
 *fill*         0x2000bcfa        0x2 
 .bss.m_sleep_mask
                0x2000bcfc        0x4 build/brd4158a/dualmcu_app/mcu/efr32xg13/hal/ds.o
 .bss.m_opened  0x2000bd00        0x1 build/brd4158a/dualmcu_app/mcu/efr32xg13/hal/hal.o
 *(.bss)
 *(COMMON)
 COMMON         0x2000bd01        0x1 build/brd4158a/dualmcu_app/source/dualmcu_app/waps/comm/uart/waps_uart_power.o
                0x2000bd01                m_keep_power_on
 *fill*         0x2000bd02        0x2 
 COMMON         0x2000bd04       0x2c build/brd4158a/dualmcu_app/source/dualmcu_app/waps/protocol/waps_protocol.o
                0x2000bd04                prot_indication
                0x2000bd08                m_upper_cb
                0x2000bd0c                prot_seq
                0x2000bd10                waps_prot
                0x2000bd2c                prot_reply
 COMMON         0x2000bd30       0x24 build/brd4158a/dualmcu_app/source/dualmcu_app/waps/waps.o
                0x2000bd30                waps_request_queue
                0x2000bd3c                waps_ind_queue
                0x2000bd48                waps_reply_queue
                0x2000bd58                . = ALIGN (0x8)
 *fill*         0x2000bd54        0x4 
                0x2000bd58                __bss_end__ = .
                0x2000eff8                __ram_end__ = (ORIGIN (RAM) + 0x3ff8)

.invalid        0x00000000        0x0
 *(.init)
 *(.fini)
 *(.preinit_array)
 *(.init_array)
 *(.fini_array)
 *(.ctors)
 *(.dtors)
 *(.jcr)
 *(.eh_frame)
 *(.eh_frame_hdr)
 *(.heap*)
 *(.tbss)
 *(.tdata)
 *(.tdata1)
 *(.got)
 *(.got.plt)
 *(.igot.plt)
 .igot.plt      0x00000000        0x0 build/brd4158a/dualmcu_app/source/dualmcu_app/waps/comm/uart/waps_uart.o
 *(.iplt)
 .iplt          0x00000000        0x0 build/brd4158a/dualmcu_app/source/dualmcu_app/waps/comm/uart/waps_uart.o
 *(.rel.dyn)
 *(.rel.iplt)
 .rel.iplt      0x00000000        0x0 build/brd4158a/dualmcu_app/source/dualmcu_app/waps/comm/uart/waps_uart.o

/DISCARD/
 *(.ARM.extab)
 *(.ARM.exidx)
START GROUP
LOAD c:/cygwin64/home/yossi.f/gnu tools arm embedded/4.8 2014q3/bin/../lib/gcc/arm-none-eabi/4.8.4/armv7e-m\libgcc.a
LOAD c:/cygwin64/home/yossi.f/gnu tools arm embedded/4.8 2014q3/bin/../lib/gcc/arm-none-eabi/4.8.4/../../../../arm-none-eabi/lib/armv7e-m\libg_s.a
LOAD c:/cygwin64/home/yossi.f/gnu tools arm embedded/4.8 2014q3/bin/../lib/gcc/arm-none-eabi/4.8.4/../../../../arm-none-eabi/lib/armv7e-m\libc_s.a
END GROUP
START GROUP
LOAD c:/cygwin64/home/yossi.f/gnu tools arm embedded/4.8 2014q3/bin/../lib/gcc/arm-none-eabi/4.8.4/armv7e-m\libgcc.a
LOAD c:/cygwin64/home/yossi.f/gnu tools arm embedded/4.8 2014q3/bin/../lib/gcc/arm-none-eabi/4.8.4/../../../../arm-none-eabi/lib/armv7e-m\libc_s.a
END GROUP
OUTPUT(build/brd4158a/dualmcu_app/dualmcu_app.elf elf32-littlearm)

.debug_info     0x00000000    0x1a02c
 .debug_info    0x00000000      0xd31 build/brd4158a/dualmcu_app/source/dualmcu_app/waps/comm/uart/waps_uart.o
 .debug_info    0x00000d31      0x7bc build/brd4158a/dualmcu_app/source/dualmcu_app/waps/comm/uart/waps_uart_power.o
 .debug_info    0x000014ed     0x137e build/brd4158a/dualmcu_app/source/dualmcu_app/waps/protocol/waps_protocol.o
 .debug_info    0x0000286b     0x1284 build/brd4158a/dualmcu_app/source/dualmcu_app/waps/protocol/uart/waps_uart_protocol.o
 .debug_info    0x00003aef     0x2952 build/brd4158a/dualmcu_app/source/dualmcu_app/waps/waps.o
 .debug_info    0x00006441     0x1869 build/brd4158a/dualmcu_app/source/dualmcu_app/waps/waps_item.o
 .debug_info    0x00007caa      0x149 build/brd4158a/dualmcu_app/source/dualmcu_app/waps/waddr.o
 .debug_info    0x00007df3      0x688 build/brd4158a/dualmcu_app/source/dualmcu_app/waps/sap/function_codes.o
 .debug_info    0x0000847b     0x2d63 build/brd4158a/dualmcu_app/source/dualmcu_app/waps/sap/csap.o
 .debug_info    0x0000b1de     0x1cf0 build/brd4158a/dualmcu_app/source/dualmcu_app/waps/sap/dsap.o
 .debug_info    0x0000cece     0x481e build/brd4158a/dualmcu_app/source/dualmcu_app/waps/sap/msap.o
 .debug_info    0x000116ec      0x69c build/brd4158a/dualmcu_app/source/dualmcu_app/waps/sap/lock_bits.o
 .debug_info    0x00011d88      0x3b1 build/brd4158a/dualmcu_app/source/dualmcu_app/waps/sap/persistent.o
 .debug_info    0x00012139      0x401 build/brd4158a/dualmcu_app/source/dualmcu_app/waps/sap/multicast.o
 .debug_info    0x0001253a      0xae1 build/brd4158a/dualmcu_app/source/dualmcu_app/drivers/efr32xg13/exti.o
 .debug_info    0x0001301b      0x8d2 build/brd4158a/dualmcu_app/source/dualmcu_app/drivers/efr32xg13/io.o
 .debug_info    0x000138ed      0x21b build/brd4158a/dualmcu_app/util/crc.o
 .debug_info    0x00013b08      0x4fc build/brd4158a/dualmcu_app/util/sl_list.o
 .debug_info    0x00014004     0x22ae build/brd4158a/dualmcu_app/util/api.o
 .debug_info    0x000162b2      0x50a build/brd4158a/dualmcu_app/mcu/efr32xg13/hal/hfperclk.o
 .debug_info    0x000167bc     0x15f8 build/brd4158a/dualmcu_app/mcu/efr32xg13/hal/usart.o
 .debug_info    0x00017db4      0x402 build/brd4158a/dualmcu_app/mcu/efr32xg13/hal/ds.o
 .debug_info    0x000181b6       0xe3 build/brd4158a/dualmcu_app/mcu/efr32xg13/hal/hal.o
 .debug_info    0x00018299     0x1934 build/brd4158a/dualmcu_app/source/dualmcu_app/app.o
 .debug_info    0x00019bcd      0x3c1 build/brd4158a/dualmcu_app/mcu/common/start.o
 .debug_info    0x00019f8e       0x9e build/brd4158a/dualmcu_app/mcu/common/entrypoint.o

.debug_abbrev   0x00000000     0x371c
 .debug_abbrev  0x00000000      0x312 build/brd4158a/dualmcu_app/source/dualmcu_app/waps/comm/uart/waps_uart.o
 .debug_abbrev  0x00000312      0x205 build/brd4158a/dualmcu_app/source/dualmcu_app/waps/comm/uart/waps_uart_power.o
 .debug_abbrev  0x00000517      0x30c build/brd4158a/dualmcu_app/source/dualmcu_app/waps/protocol/waps_protocol.o
 .debug_abbrev  0x00000823      0x28e build/brd4158a/dualmcu_app/source/dualmcu_app/waps/protocol/uart/waps_uart_protocol.o
 .debug_abbrev  0x00000ab1      0x4a9 build/brd4158a/dualmcu_app/source/dualmcu_app/waps/waps.o
 .debug_abbrev  0x00000f5a      0x278 build/brd4158a/dualmcu_app/source/dualmcu_app/waps/waps_item.o
 .debug_abbrev  0x000011d2       0x92 build/brd4158a/dualmcu_app/source/dualmcu_app/waps/waddr.o
 .debug_abbrev  0x00001264      0x11a build/brd4158a/dualmcu_app/source/dualmcu_app/waps/sap/function_codes.o
 .debug_abbrev  0x0000137e      0x3ab build/brd4158a/dualmcu_app/source/dualmcu_app/waps/sap/csap.o
 .debug_abbrev  0x00001729      0x3ae build/brd4158a/dualmcu_app/source/dualmcu_app/waps/sap/dsap.o
 .debug_abbrev  0x00001ad7      0x469 build/brd4158a/dualmcu_app/source/dualmcu_app/waps/sap/msap.o
 .debug_abbrev  0x00001f40      0x10c build/brd4158a/dualmcu_app/source/dualmcu_app/waps/sap/lock_bits.o
 .debug_abbrev  0x0000204c      0x177 build/brd4158a/dualmcu_app/source/dualmcu_app/waps/sap/persistent.o
 .debug_abbrev  0x000021c3      0x1ce build/brd4158a/dualmcu_app/source/dualmcu_app/waps/sap/multicast.o
 .debug_abbrev  0x00002391      0x2d2 build/brd4158a/dualmcu_app/source/dualmcu_app/drivers/efr32xg13/exti.o
 .debug_abbrev  0x00002663      0x142 build/brd4158a/dualmcu_app/source/dualmcu_app/drivers/efr32xg13/io.o
 .debug_abbrev  0x000027a5       0xdf build/brd4158a/dualmcu_app/util/crc.o
 .debug_abbrev  0x00002884      0x1ae build/brd4158a/dualmcu_app/util/sl_list.o
 .debug_abbrev  0x00002a32      0x17a build/brd4158a/dualmcu_app/util/api.o
 .debug_abbrev  0x00002bac       0xf4 build/brd4158a/dualmcu_app/mcu/efr32xg13/hal/hfperclk.o
 .debug_abbrev  0x00002ca0      0x3ed build/brd4158a/dualmcu_app/mcu/efr32xg13/hal/usart.o
 .debug_abbrev  0x0000308d      0x152 build/brd4158a/dualmcu_app/mcu/efr32xg13/hal/ds.o
 .debug_abbrev  0x000031df       0x96 build/brd4158a/dualmcu_app/mcu/efr32xg13/hal/hal.o
 .debug_abbrev  0x00003275      0x2ec build/brd4158a/dualmcu_app/source/dualmcu_app/app.o
 .debug_abbrev  0x00003561      0x1a7 build/brd4158a/dualmcu_app/mcu/common/start.o
 .debug_abbrev  0x00003708       0x14 build/brd4158a/dualmcu_app/mcu/common/entrypoint.o

.debug_loc      0x00000000     0x42bf
 .debug_loc     0x00000000      0x2e5 build/brd4158a/dualmcu_app/source/dualmcu_app/waps/comm/uart/waps_uart.o
 .debug_loc     0x000002e5       0x90 build/brd4158a/dualmcu_app/source/dualmcu_app/waps/comm/uart/waps_uart_power.o
 .debug_loc     0x00000375      0x141 build/brd4158a/dualmcu_app/source/dualmcu_app/waps/protocol/waps_protocol.o
 .debug_loc     0x000004b6       0x6b build/brd4158a/dualmcu_app/source/dualmcu_app/waps/protocol/uart/waps_uart_protocol.o
 .debug_loc     0x00000521      0x532 build/brd4158a/dualmcu_app/source/dualmcu_app/waps/waps.o
 .debug_loc     0x00000a53      0x12d build/brd4158a/dualmcu_app/source/dualmcu_app/waps/waps_item.o
 .debug_loc     0x00000b80       0xd1 build/brd4158a/dualmcu_app/source/dualmcu_app/waps/waddr.o
 .debug_loc     0x00000c51      0x140 build/brd4158a/dualmcu_app/source/dualmcu_app/waps/sap/function_codes.o
 .debug_loc     0x00000d91      0x7da build/brd4158a/dualmcu_app/source/dualmcu_app/waps/sap/csap.o
 .debug_loc     0x0000156b      0x351 build/brd4158a/dualmcu_app/source/dualmcu_app/waps/sap/dsap.o
 .debug_loc     0x000018bc     0x18b3 build/brd4158a/dualmcu_app/source/dualmcu_app/waps/sap/msap.o
 .debug_loc     0x0000316f       0x2c build/brd4158a/dualmcu_app/source/dualmcu_app/waps/sap/lock_bits.o
 .debug_loc     0x0000319b       0xee build/brd4158a/dualmcu_app/source/dualmcu_app/waps/sap/persistent.o
 .debug_loc     0x00003289      0x203 build/brd4158a/dualmcu_app/source/dualmcu_app/waps/sap/multicast.o
 .debug_loc     0x0000348c      0x107 build/brd4158a/dualmcu_app/source/dualmcu_app/drivers/efr32xg13/exti.o
 .debug_loc     0x00003593      0x24c build/brd4158a/dualmcu_app/util/crc.o
 .debug_loc     0x000037df      0x360 build/brd4158a/dualmcu_app/util/sl_list.o
 .debug_loc     0x00003b3f       0x2c build/brd4158a/dualmcu_app/util/api.o
 .debug_loc     0x00003b6b       0x1f build/brd4158a/dualmcu_app/mcu/efr32xg13/hal/hfperclk.o
 .debug_loc     0x00003b8a      0x46d build/brd4158a/dualmcu_app/mcu/efr32xg13/hal/usart.o
 .debug_loc     0x00003ff7       0x58 build/brd4158a/dualmcu_app/mcu/efr32xg13/hal/ds.o
 .debug_loc     0x0000404f      0x13e build/brd4158a/dualmcu_app/source/dualmcu_app/app.o
 .debug_loc     0x0000418d      0x132 build/brd4158a/dualmcu_app/mcu/common/start.o

.debug_aranges  0x00000000      0x688
 .debug_aranges
                0x00000000       0x60 build/brd4158a/dualmcu_app/source/dualmcu_app/waps/comm/uart/waps_uart.o
 .debug_aranges
                0x00000060       0x48 build/brd4158a/dualmcu_app/source/dualmcu_app/waps/comm/uart/waps_uart_power.o
 .debug_aranges
                0x000000a8       0x40 build/brd4158a/dualmcu_app/source/dualmcu_app/waps/protocol/waps_protocol.o
 .debug_aranges
                0x000000e8       0x38 build/brd4158a/dualmcu_app/source/dualmcu_app/waps/protocol/uart/waps_uart_protocol.o
 .debug_aranges
                0x00000120       0x80 build/brd4158a/dualmcu_app/source/dualmcu_app/waps/waps.o
 .debug_aranges
                0x000001a0       0x30 build/brd4158a/dualmcu_app/source/dualmcu_app/waps/waps_item.o
 .debug_aranges
                0x000001d0       0x30 build/brd4158a/dualmcu_app/source/dualmcu_app/waps/waddr.o
 .debug_aranges
                0x00000200       0x58 build/brd4158a/dualmcu_app/source/dualmcu_app/waps/sap/function_codes.o
 .debug_aranges
                0x00000258       0x20 build/brd4158a/dualmcu_app/source/dualmcu_app/waps/sap/csap.o
 .debug_aranges
                0x00000278       0x40 build/brd4158a/dualmcu_app/source/dualmcu_app/waps/sap/dsap.o
 .debug_aranges
                0x000002b8       0x60 build/brd4158a/dualmcu_app/source/dualmcu_app/waps/sap/msap.o
 .debug_aranges
                0x00000318       0x28 build/brd4158a/dualmcu_app/source/dualmcu_app/waps/sap/lock_bits.o
 .debug_aranges
                0x00000340       0x48 build/brd4158a/dualmcu_app/source/dualmcu_app/waps/sap/persistent.o
 .debug_aranges
                0x00000388       0x30 build/brd4158a/dualmcu_app/source/dualmcu_app/waps/sap/multicast.o
 .debug_aranges
                0x000003b8       0x58 build/brd4158a/dualmcu_app/source/dualmcu_app/drivers/efr32xg13/exti.o
 .debug_aranges
                0x00000410       0x40 build/brd4158a/dualmcu_app/source/dualmcu_app/drivers/efr32xg13/io.o
 .debug_aranges
                0x00000450       0x30 build/brd4158a/dualmcu_app/util/crc.o
 .debug_aranges
                0x00000480       0x80 build/brd4158a/dualmcu_app/util/sl_list.o
 .debug_aranges
                0x00000500       0x20 build/brd4158a/dualmcu_app/util/api.o
 .debug_aranges
                0x00000520       0x28 build/brd4158a/dualmcu_app/mcu/efr32xg13/hal/hfperclk.o
 .debug_aranges
                0x00000548       0x70 build/brd4158a/dualmcu_app/mcu/efr32xg13/hal/usart.o
 .debug_aranges
                0x000005b8       0x30 build/brd4158a/dualmcu_app/mcu/efr32xg13/hal/ds.o
 .debug_aranges
                0x000005e8       0x20 build/brd4158a/dualmcu_app/mcu/efr32xg13/hal/hal.o
 .debug_aranges
                0x00000608       0x40 build/brd4158a/dualmcu_app/source/dualmcu_app/app.o
 .debug_aranges
                0x00000648       0x20 build/brd4158a/dualmcu_app/mcu/common/start.o
 .debug_aranges
                0x00000668       0x20 build/brd4158a/dualmcu_app/mcu/common/entrypoint.o

.debug_ranges   0x00000000      0x7b8
 .debug_ranges  0x00000000       0x50 build/brd4158a/dualmcu_app/source/dualmcu_app/waps/comm/uart/waps_uart.o
 .debug_ranges  0x00000050       0x38 build/brd4158a/dualmcu_app/source/dualmcu_app/waps/comm/uart/waps_uart_power.o
 .debug_ranges  0x00000088       0x48 build/brd4158a/dualmcu_app/source/dualmcu_app/waps/protocol/waps_protocol.o
 .debug_ranges  0x000000d0       0x28 build/brd4158a/dualmcu_app/source/dualmcu_app/waps/protocol/uart/waps_uart_protocol.o
 .debug_ranges  0x000000f8       0xb8 build/brd4158a/dualmcu_app/source/dualmcu_app/waps/waps.o
 .debug_ranges  0x000001b0       0x20 build/brd4158a/dualmcu_app/source/dualmcu_app/waps/waps_item.o
 .debug_ranges  0x000001d0       0x20 build/brd4158a/dualmcu_app/source/dualmcu_app/waps/waddr.o
 .debug_ranges  0x000001f0       0x60 build/brd4158a/dualmcu_app/source/dualmcu_app/waps/sap/function_codes.o
 .debug_ranges  0x00000250       0x98 build/brd4158a/dualmcu_app/source/dualmcu_app/waps/sap/csap.o
 .debug_ranges  0x000002e8       0x60 build/brd4158a/dualmcu_app/source/dualmcu_app/waps/sap/dsap.o
 .debug_ranges  0x00000348      0x158 build/brd4158a/dualmcu_app/source/dualmcu_app/waps/sap/msap.o
 .debug_ranges  0x000004a0       0x18 build/brd4158a/dualmcu_app/source/dualmcu_app/waps/sap/lock_bits.o
 .debug_ranges  0x000004b8       0x38 build/brd4158a/dualmcu_app/source/dualmcu_app/waps/sap/persistent.o
 .debug_ranges  0x000004f0       0x50 build/brd4158a/dualmcu_app/source/dualmcu_app/waps/sap/multicast.o
 .debug_ranges  0x00000540       0x60 build/brd4158a/dualmcu_app/source/dualmcu_app/drivers/efr32xg13/exti.o
 .debug_ranges  0x000005a0       0x30 build/brd4158a/dualmcu_app/source/dualmcu_app/drivers/efr32xg13/io.o
 .debug_ranges  0x000005d0       0x38 build/brd4158a/dualmcu_app/util/crc.o
 .debug_ranges  0x00000608       0x70 build/brd4158a/dualmcu_app/util/sl_list.o
 .debug_ranges  0x00000678       0x10 build/brd4158a/dualmcu_app/util/api.o
 .debug_ranges  0x00000688       0x18 build/brd4158a/dualmcu_app/mcu/efr32xg13/hal/hfperclk.o
 .debug_ranges  0x000006a0       0x90 build/brd4158a/dualmcu_app/mcu/efr32xg13/hal/usart.o
 .debug_ranges  0x00000730       0x20 build/brd4158a/dualmcu_app/mcu/efr32xg13/hal/ds.o
 .debug_ranges  0x00000750       0x10 build/brd4158a/dualmcu_app/mcu/efr32xg13/hal/hal.o
 .debug_ranges  0x00000760       0x30 build/brd4158a/dualmcu_app/source/dualmcu_app/app.o
 .debug_ranges  0x00000790       0x28 build/brd4158a/dualmcu_app/mcu/common/start.o

.debug_line     0x00000000     0x473f
 .debug_line    0x00000000      0x392 build/brd4158a/dualmcu_app/source/dualmcu_app/waps/comm/uart/waps_uart.o
 .debug_line    0x00000392      0x31b build/brd4158a/dualmcu_app/source/dualmcu_app/waps/comm/uart/waps_uart_power.o
 .debug_line    0x000006ad      0x31a build/brd4158a/dualmcu_app/source/dualmcu_app/waps/protocol/waps_protocol.o
 .debug_line    0x000009c7      0x301 build/brd4158a/dualmcu_app/source/dualmcu_app/waps/protocol/uart/waps_uart_protocol.o
 .debug_line    0x00000cc8      0x47c build/brd4158a/dualmcu_app/source/dualmcu_app/waps/waps.o
 .debug_line    0x00001144      0x2d1 build/brd4158a/dualmcu_app/source/dualmcu_app/waps/waps_item.o
 .debug_line    0x00001415      0x165 build/brd4158a/dualmcu_app/source/dualmcu_app/waps/waddr.o
 .debug_line    0x0000157a      0x1d1 build/brd4158a/dualmcu_app/source/dualmcu_app/waps/sap/function_codes.o
 .debug_line    0x0000174b      0x3df build/brd4158a/dualmcu_app/source/dualmcu_app/waps/sap/csap.o
 .debug_line    0x00001b2a      0x39c build/brd4158a/dualmcu_app/source/dualmcu_app/waps/sap/dsap.o
 .debug_line    0x00001ec6      0x7e5 build/brd4158a/dualmcu_app/source/dualmcu_app/waps/sap/msap.o
 .debug_line    0x000026ab      0x1d1 build/brd4158a/dualmcu_app/source/dualmcu_app/waps/sap/lock_bits.o
 .debug_line    0x0000287c      0x22e build/brd4158a/dualmcu_app/source/dualmcu_app/waps/sap/persistent.o
 .debug_line    0x00002aaa      0x1e8 build/brd4158a/dualmcu_app/source/dualmcu_app/waps/sap/multicast.o
 .debug_line    0x00002c92      0x3a7 build/brd4158a/dualmcu_app/source/dualmcu_app/drivers/efr32xg13/exti.o
 .debug_line    0x00003039      0x20f build/brd4158a/dualmcu_app/source/dualmcu_app/drivers/efr32xg13/io.o
 .debug_line    0x00003248      0x180 build/brd4158a/dualmcu_app/util/crc.o
 .debug_line    0x000033c8      0x26c build/brd4158a/dualmcu_app/util/sl_list.o
 .debug_line    0x00003634      0x255 build/brd4158a/dualmcu_app/util/api.o
 .debug_line    0x00003889      0x182 build/brd4158a/dualmcu_app/mcu/efr32xg13/hal/hfperclk.o
 .debug_line    0x00003a0b      0x4ef build/brd4158a/dualmcu_app/mcu/efr32xg13/hal/usart.o
 .debug_line    0x00003efa      0x218 build/brd4158a/dualmcu_app/mcu/efr32xg13/hal/ds.o
 .debug_line    0x00004112      0x14b build/brd4158a/dualmcu_app/mcu/efr32xg13/hal/hal.o
 .debug_line    0x0000425d      0x2eb build/brd4158a/dualmcu_app/source/dualmcu_app/app.o
 .debug_line    0x00004548      0x1ad build/brd4158a/dualmcu_app/mcu/common/start.o
 .debug_line    0x000046f5       0x4a build/brd4158a/dualmcu_app/mcu/common/entrypoint.o

.debug_str      0x00000000     0x7a46
 .debug_str     0x00000000      0xd2b build/brd4158a/dualmcu_app/source/dualmcu_app/waps/comm/uart/waps_uart.o
                                0xdbf (size before relaxing)
 .debug_str     0x00000d2b      0x66e build/brd4158a/dualmcu_app/source/dualmcu_app/waps/comm/uart/waps_uart_power.o
                                0x99c (size before relaxing)
 .debug_str     0x00001399      0x9ae build/brd4158a/dualmcu_app/source/dualmcu_app/waps/protocol/waps_protocol.o
                                0xf4c (size before relaxing)
 .debug_str     0x00001d47      0xe83 build/brd4158a/dualmcu_app/source/dualmcu_app/waps/protocol/uart/waps_uart_protocol.o
                               0x19f3 (size before relaxing)
 .debug_str     0x00002bca      0x97f build/brd4158a/dualmcu_app/source/dualmcu_app/waps/waps.o
                               0x2d57 (size before relaxing)
 .debug_str     0x00003549      0x7a4 build/brd4158a/dualmcu_app/source/dualmcu_app/waps/waps_item.o
                               0x17a0 (size before relaxing)
 .debug_str     0x00003ced       0x77 build/brd4158a/dualmcu_app/source/dualmcu_app/waps/waddr.o
                                0x251 (size before relaxing)
 .debug_str     0x00003d64       0xac build/brd4158a/dualmcu_app/source/dualmcu_app/waps/sap/function_codes.o
                               0x103e (size before relaxing)
 .debug_str     0x00003e10     0x111b build/brd4158a/dualmcu_app/source/dualmcu_app/waps/sap/csap.o
                               0x3cfe (size before relaxing)
 .debug_str     0x00004f2b      0x28e build/brd4158a/dualmcu_app/source/dualmcu_app/waps/sap/dsap.o
                               0x2798 (size before relaxing)
 .debug_str     0x000051b9      0xfd1 build/brd4158a/dualmcu_app/source/dualmcu_app/waps/sap/msap.o
                               0x4b13 (size before relaxing)
 .debug_str     0x0000618a       0x39 build/brd4158a/dualmcu_app/source/dualmcu_app/waps/sap/lock_bits.o
                                0x9b7 (size before relaxing)
 .debug_str     0x000061c3       0xeb build/brd4158a/dualmcu_app/source/dualmcu_app/waps/sap/persistent.o
                                0x463 (size before relaxing)
 .debug_str     0x000062ae       0xc7 build/brd4158a/dualmcu_app/source/dualmcu_app/waps/sap/multicast.o
                                0x402 (size before relaxing)
 .debug_str     0x00006375      0x3fc build/brd4158a/dualmcu_app/source/dualmcu_app/drivers/efr32xg13/exti.o
                                0xaa0 (size before relaxing)
 .debug_str     0x00006771      0x3ad build/brd4158a/dualmcu_app/source/dualmcu_app/drivers/efr32xg13/io.o
                                0x6de (size before relaxing)
 .debug_str     0x00006b1e       0x2f build/brd4158a/dualmcu_app/util/crc.o
                                0x20f (size before relaxing)
 .debug_str     0x00006b4d       0xc1 build/brd4158a/dualmcu_app/util/sl_list.o
                                0x2de (size before relaxing)
 .debug_str     0x00006c0e      0xa40 build/brd4158a/dualmcu_app/util/api.o
                               0x2eb1 (size before relaxing)
 .debug_str     0x0000764e       0x38 build/brd4158a/dualmcu_app/mcu/efr32xg13/hal/hfperclk.o
                                0x4d5 (size before relaxing)
 .debug_str     0x00007686      0x1a9 build/brd4158a/dualmcu_app/mcu/efr32xg13/hal/usart.o
                                0xfc1 (size before relaxing)
 .debug_str     0x0000782f       0x2c build/brd4158a/dualmcu_app/mcu/efr32xg13/hal/ds.o
                                0x622 (size before relaxing)
 .debug_str     0x0000785b       0x2a build/brd4158a/dualmcu_app/mcu/efr32xg13/hal/hal.o
                                0x1e1 (size before relaxing)
 .debug_str     0x00007885       0xa2 build/brd4158a/dualmcu_app/source/dualmcu_app/app.o
                               0x1f92 (size before relaxing)
 .debug_str     0x00007927      0x11f build/brd4158a/dualmcu_app/mcu/common/start.o
                                0x3ee (size before relaxing)

.comment        0x00000000       0x70
 .comment       0x00000000       0x70 build/brd4158a/dualmcu_app/source/dualmcu_app/waps/comm/uart/waps_uart.o
                                 0x71 (size before relaxing)
 .comment       0x00000000       0x71 build/brd4158a/dualmcu_app/source/dualmcu_app/waps/comm/uart/waps_uart_power.o
 .comment       0x00000000       0x71 build/brd4158a/dualmcu_app/source/dualmcu_app/waps/protocol/waps_protocol.o
 .comment       0x00000000       0x71 build/brd4158a/dualmcu_app/source/dualmcu_app/waps/protocol/uart/waps_uart_protocol.o
 .comment       0x00000000       0x71 build/brd4158a/dualmcu_app/source/dualmcu_app/waps/waps.o
 .comment       0x00000000       0x71 build/brd4158a/dualmcu_app/source/dualmcu_app/waps/waps_item.o
 .comment       0x00000000       0x71 build/brd4158a/dualmcu_app/source/dualmcu_app/waps/waddr.o
 .comment       0x00000000       0x71 build/brd4158a/dualmcu_app/source/dualmcu_app/waps/sap/function_codes.o
 .comment       0x00000000       0x71 build/brd4158a/dualmcu_app/source/dualmcu_app/waps/sap/csap.o
 .comment       0x00000000       0x71 build/brd4158a/dualmcu_app/source/dualmcu_app/waps/sap/dsap.o
 .comment       0x00000000       0x71 build/brd4158a/dualmcu_app/source/dualmcu_app/waps/sap/msap.o
 .comment       0x00000000       0x71 build/brd4158a/dualmcu_app/source/dualmcu_app/waps/sap/lock_bits.o
 .comment       0x00000000       0x71 build/brd4158a/dualmcu_app/source/dualmcu_app/waps/sap/persistent.o
 .comment       0x00000000       0x71 build/brd4158a/dualmcu_app/source/dualmcu_app/waps/sap/multicast.o
 .comment       0x00000000       0x71 build/brd4158a/dualmcu_app/source/dualmcu_app/drivers/efr32xg13/exti.o
 .comment       0x00000000       0x71 build/brd4158a/dualmcu_app/source/dualmcu_app/drivers/efr32xg13/io.o
 .comment       0x00000000       0x71 build/brd4158a/dualmcu_app/util/crc.o
 .comment       0x00000000       0x71 build/brd4158a/dualmcu_app/util/sl_list.o
 .comment       0x00000000       0x71 build/brd4158a/dualmcu_app/util/api.o
 .comment       0x00000000       0x71 build/brd4158a/dualmcu_app/mcu/efr32xg13/hal/hfperclk.o
 .comment       0x00000000       0x71 build/brd4158a/dualmcu_app/mcu/efr32xg13/hal/usart.o
 .comment       0x00000000       0x71 build/brd4158a/dualmcu_app/mcu/efr32xg13/hal/ds.o
 .comment       0x00000000       0x71 build/brd4158a/dualmcu_app/mcu/efr32xg13/hal/hal.o
 .comment       0x00000000       0x71 build/brd4158a/dualmcu_app/source/dualmcu_app/app.o
 .comment       0x00000000       0x71 build/brd4158a/dualmcu_app/mcu/common/start.o

.ARM.attributes
                0x00000000       0x2c
 .ARM.attributes
                0x00000000       0x2e build/brd4158a/dualmcu_app/source/dualmcu_app/waps/comm/uart/waps_uart.o
 .ARM.attributes
                0x0000002e       0x2e build/brd4158a/dualmcu_app/source/dualmcu_app/waps/comm/uart/waps_uart_power.o
 .ARM.attributes
                0x0000005c       0x2e build/brd4158a/dualmcu_app/source/dualmcu_app/waps/protocol/waps_protocol.o
 .ARM.attributes
                0x0000008a       0x2e build/brd4158a/dualmcu_app/source/dualmcu_app/waps/protocol/uart/waps_uart_protocol.o
 .ARM.attributes
                0x000000b8       0x2e build/brd4158a/dualmcu_app/source/dualmcu_app/waps/waps.o
 .ARM.attributes
                0x000000e6       0x2e build/brd4158a/dualmcu_app/source/dualmcu_app/waps/waps_item.o
 .ARM.attributes
                0x00000114       0x2e build/brd4158a/dualmcu_app/source/dualmcu_app/waps/waddr.o
 .ARM.attributes
                0x00000142       0x2e build/brd4158a/dualmcu_app/source/dualmcu_app/waps/sap/function_codes.o
 .ARM.attributes
                0x00000170       0x2e build/brd4158a/dualmcu_app/source/dualmcu_app/waps/sap/csap.o
 .ARM.attributes
                0x0000019e       0x2e build/brd4158a/dualmcu_app/source/dualmcu_app/waps/sap/dsap.o
 .ARM.attributes
                0x000001cc       0x2e build/brd4158a/dualmcu_app/source/dualmcu_app/waps/sap/msap.o
 .ARM.attributes
                0x000001fa       0x2e build/brd4158a/dualmcu_app/source/dualmcu_app/waps/sap/lock_bits.o
 .ARM.attributes
                0x00000228       0x2e build/brd4158a/dualmcu_app/source/dualmcu_app/waps/sap/persistent.o
 .ARM.attributes
                0x00000256       0x2e build/brd4158a/dualmcu_app/source/dualmcu_app/waps/sap/multicast.o
 .ARM.attributes
                0x00000284       0x2e build/brd4158a/dualmcu_app/source/dualmcu_app/drivers/efr32xg13/exti.o
 .ARM.attributes
                0x000002b2       0x2e build/brd4158a/dualmcu_app/source/dualmcu_app/drivers/efr32xg13/io.o
 .ARM.attributes
                0x000002e0       0x2e build/brd4158a/dualmcu_app/util/crc.o
 .ARM.attributes
                0x0000030e       0x2e build/brd4158a/dualmcu_app/util/sl_list.o
 .ARM.attributes
                0x0000033c       0x2e build/brd4158a/dualmcu_app/util/api.o
 .ARM.attributes
                0x0000036a       0x2e build/brd4158a/dualmcu_app/mcu/efr32xg13/hal/hfperclk.o
 .ARM.attributes
                0x00000398       0x2e build/brd4158a/dualmcu_app/mcu/efr32xg13/hal/usart.o
 .ARM.attributes
                0x000003c6       0x2e build/brd4158a/dualmcu_app/mcu/efr32xg13/hal/ds.o
 .ARM.attributes
                0x000003f4       0x2e build/brd4158a/dualmcu_app/mcu/efr32xg13/hal/hal.o
 .ARM.attributes
                0x00000422       0x2e build/brd4158a/dualmcu_app/source/dualmcu_app/app.o
 .ARM.attributes
                0x00000450       0x2e build/brd4158a/dualmcu_app/mcu/common/start.o
 .ARM.attributes
                0x0000047e       0x1b build/brd4158a/dualmcu_app/mcu/common/entrypoint.o
 .ARM.attributes
                0x00000499       0x2e c:/cygwin64/home/yossi.f/gnu tools arm embedded/4.8 2014q3/bin/../lib/gcc/arm-none-eabi/4.8.4/../../../../arm-none-eabi/lib/armv7e-m\libg_s.a(lib_a-memcpy-stub.o)
 .ARM.attributes
                0x000004c7       0x2e c:/cygwin64/home/yossi.f/gnu tools arm embedded/4.8 2014q3/bin/../lib/gcc/arm-none-eabi/4.8.4/../../../../arm-none-eabi/lib/armv7e-m\libg_s.a(lib_a-memmove.o)
 .ARM.attributes
                0x000004f5       0x2e c:/cygwin64/home/yossi.f/gnu tools arm embedded/4.8 2014q3/bin/../lib/gcc/arm-none-eabi/4.8.4/../../../../arm-none-eabi/lib/armv7e-m\libg_s.a(lib_a-memset.o)

.debug_frame    0x00000000      0xe20
 .debug_frame   0x00000000       0xf4 build/brd4158a/dualmcu_app/source/dualmcu_app/waps/comm/uart/waps_uart.o
 .debug_frame   0x000000f4       0xa0 build/brd4158a/dualmcu_app/source/dualmcu_app/waps/comm/uart/waps_uart_power.o
 .debug_frame   0x00000194       0x8c build/brd4158a/dualmcu_app/source/dualmcu_app/waps/protocol/waps_protocol.o
 .debug_frame   0x00000220       0x78 build/brd4158a/dualmcu_app/source/dualmcu_app/waps/protocol/uart/waps_uart_protocol.o
 .debug_frame   0x00000298      0x184 build/brd4158a/dualmcu_app/source/dualmcu_app/waps/waps.o
 .debug_frame   0x0000041c       0x64 build/brd4158a/dualmcu_app/source/dualmcu_app/waps/waps_item.o
 .debug_frame   0x00000480       0x40 build/brd4158a/dualmcu_app/source/dualmcu_app/waps/waddr.o
 .debug_frame   0x000004c0       0xa0 build/brd4158a/dualmcu_app/source/dualmcu_app/waps/sap/function_codes.o
 .debug_frame   0x00000560       0x30 build/brd4158a/dualmcu_app/source/dualmcu_app/waps/sap/csap.o
 .debug_frame   0x00000590       0x9c build/brd4158a/dualmcu_app/source/dualmcu_app/waps/sap/dsap.o
 .debug_frame   0x0000062c       0xfc build/brd4158a/dualmcu_app/source/dualmcu_app/waps/sap/msap.o
 .debug_frame   0x00000728       0x44 build/brd4158a/dualmcu_app/source/dualmcu_app/waps/sap/lock_bits.o
 .debug_frame   0x0000076c       0xa0 build/brd4158a/dualmcu_app/source/dualmcu_app/waps/sap/persistent.o
 .debug_frame   0x0000080c       0x6c build/brd4158a/dualmcu_app/source/dualmcu_app/waps/sap/multicast.o
 .debug_frame   0x00000878       0xc0 build/brd4158a/dualmcu_app/source/dualmcu_app/drivers/efr32xg13/exti.o
 .debug_frame   0x00000938       0x60 build/brd4158a/dualmcu_app/source/dualmcu_app/drivers/efr32xg13/io.o
 .debug_frame   0x00000998       0x58 build/brd4158a/dualmcu_app/util/crc.o
 .debug_frame   0x000009f0      0x114 build/brd4158a/dualmcu_app/util/sl_list.o
 .debug_frame   0x00000b04       0x38 build/brd4158a/dualmcu_app/util/api.o
 .debug_frame   0x00000b3c       0x30 build/brd4158a/dualmcu_app/mcu/efr32xg13/hal/hfperclk.o
 .debug_frame   0x00000b6c      0x118 build/brd4158a/dualmcu_app/mcu/efr32xg13/hal/usart.o
 .debug_frame   0x00000c84       0x58 build/brd4158a/dualmcu_app/mcu/efr32xg13/hal/ds.o
 .debug_frame   0x00000cdc       0x28 build/brd4158a/dualmcu_app/mcu/efr32xg13/hal/hal.o
 .debug_frame   0x00000d04       0x7c build/brd4158a/dualmcu_app/source/dualmcu_app/app.o
 .debug_frame   0x00000d80       0x2c build/brd4158a/dualmcu_app/mcu/common/start.o
 .debug_frame   0x00000dac       0x28 c:/cygwin64/home/yossi.f/gnu tools arm embedded/4.8 2014q3/bin/../lib/gcc/arm-none-eabi/4.8.4/../../../../arm-none-eabi/lib/armv7e-m\libg_s.a(lib_a-memcpy-stub.o)
 .debug_frame   0x00000dd4       0x2c c:/cygwin64/home/yossi.f/gnu tools arm embedded/4.8 2014q3/bin/../lib/gcc/arm-none-eabi/4.8.4/../../../../arm-none-eabi/lib/armv7e-m\libg_s.a(lib_a-memmove.o)
 .debug_frame   0x00000e00       0x20 c:/cygwin64/home/yossi.f/gnu tools arm embedded/4.8 2014q3/bin/../lib/gcc/arm-none-eabi/4.8.4/../../../../arm-none-eabi/lib/armv7e-m\libg_s.a(lib_a-memset.o)
