
Discarded input sections

 .text          0x00000000        0x0 build/brd4158a/minimal_app/util/crc.o
 .data          0x00000000        0x0 build/brd4158a/minimal_app/util/crc.o
 .bss           0x00000000        0x0 build/brd4158a/minimal_app/util/crc.o
 .text.Crc_addByte
                0x00000000       0x18 build/brd4158a/minimal_app/util/crc.o
 .text.Crc_fromBuffer
                0x00000000       0x2c build/brd4158a/minimal_app/util/crc.o
 .text.Crc_fromBuffer32
                0x00000000       0x64 build/brd4158a/minimal_app/util/crc.o
 .rodata.crc_ccitt_lut
                0x00000000      0x200 build/brd4158a/minimal_app/util/crc.o
 .debug_info    0x00000000      0x21b build/brd4158a/minimal_app/util/crc.o
 .debug_abbrev  0x00000000       0xdf build/brd4158a/minimal_app/util/crc.o
 .debug_loc     0x00000000      0x24c build/brd4158a/minimal_app/util/crc.o
 .debug_aranges
                0x00000000       0x30 build/brd4158a/minimal_app/util/crc.o
 .debug_ranges  0x00000000       0x38 build/brd4158a/minimal_app/util/crc.o
 .debug_line    0x00000000      0x180 build/brd4158a/minimal_app/util/crc.o
 .debug_str     0x00000000      0x20f build/brd4158a/minimal_app/util/crc.o
 .comment       0x00000000       0x71 build/brd4158a/minimal_app/util/crc.o
 .ARM.attributes
                0x00000000       0x2e build/brd4158a/minimal_app/util/crc.o
 .debug_frame   0x00000000       0x58 build/brd4158a/minimal_app/util/crc.o
 .text          0x00000000        0x0 build/brd4158a/minimal_app/util/sl_list.o
 .data          0x00000000        0x0 build/brd4158a/minimal_app/util/sl_list.o
 .bss           0x00000000        0x0 build/brd4158a/minimal_app/util/sl_list.o
 .text.sl_list_init
                0x00000000        0xa build/brd4158a/minimal_app/util/sl_list.o
 .text.sl_list_next
                0x00000000        0x4 build/brd4158a/minimal_app/util/sl_list.o
 .text.sl_list_push_back
                0x00000000       0x1a build/brd4158a/minimal_app/util/sl_list.o
 .text.sl_list_push_front
                0x00000000       0x14 build/brd4158a/minimal_app/util/sl_list.o
 .text.sl_list_push_before
                0x00000000       0x1a build/brd4158a/minimal_app/util/sl_list.o
 .text.sl_list_pop_back
                0x00000000       0x32 build/brd4158a/minimal_app/util/sl_list.o
 .text.sl_list_pop_front
                0x00000000       0x1a build/brd4158a/minimal_app/util/sl_list.o
 .text.sl_list_remove
                0x00000000       0x30 build/brd4158a/minimal_app/util/sl_list.o
 .text.sl_list_pop
                0x00000000        0xc build/brd4158a/minimal_app/util/sl_list.o
 .text.sl_list_at
                0x00000000        0xe build/brd4158a/minimal_app/util/sl_list.o
 .text.sl_list_contains
                0x00000000        0xe build/brd4158a/minimal_app/util/sl_list.o
 .text.sl_list_search
                0x00000000       0x1a build/brd4158a/minimal_app/util/sl_list.o
 .text.sl_list_swap
                0x00000000       0x2e build/brd4158a/minimal_app/util/sl_list.o
 .debug_info    0x00000000      0x4fc build/brd4158a/minimal_app/util/sl_list.o
 .debug_abbrev  0x00000000      0x1ae build/brd4158a/minimal_app/util/sl_list.o
 .debug_loc     0x00000000      0x360 build/brd4158a/minimal_app/util/sl_list.o
 .debug_aranges
                0x00000000       0x80 build/brd4158a/minimal_app/util/sl_list.o
 .debug_ranges  0x00000000       0x70 build/brd4158a/minimal_app/util/sl_list.o
 .debug_line    0x00000000      0x26c build/brd4158a/minimal_app/util/sl_list.o
 .debug_str     0x00000000      0x2de build/brd4158a/minimal_app/util/sl_list.o
 .comment       0x00000000       0x71 build/brd4158a/minimal_app/util/sl_list.o
 .ARM.attributes
                0x00000000       0x2e build/brd4158a/minimal_app/util/sl_list.o
 .debug_frame   0x00000000      0x114 build/brd4158a/minimal_app/util/sl_list.o
 .text          0x00000000        0x0 build/brd4158a/minimal_app/util/util.o
 .data          0x00000000        0x0 build/brd4158a/minimal_app/util/util.o
 .bss           0x00000000        0x0 build/brd4158a/minimal_app/util/util.o
 .text.Util_isLtUint32
                0x00000000        0x6 build/brd4158a/minimal_app/util/util.o
 .text.Util_isSmallest
                0x00000000       0x10 build/brd4158a/minimal_app/util/util.o
 .text.Util_inBetween
                0x00000000       0x12 build/brd4158a/minimal_app/util/util.o
 .text.Util_bitCountU8
                0x00000000       0x14 build/brd4158a/minimal_app/util/util.o
 .debug_info    0x00000000      0x23f build/brd4158a/minimal_app/util/util.o
 .debug_abbrev  0x00000000      0x116 build/brd4158a/minimal_app/util/util.o
 .debug_loc     0x00000000      0x12f build/brd4158a/minimal_app/util/util.o
 .debug_aranges
                0x00000000       0x38 build/brd4158a/minimal_app/util/util.o
 .debug_ranges  0x00000000       0x28 build/brd4158a/minimal_app/util/util.o
 .debug_line    0x00000000      0x158 build/brd4158a/minimal_app/util/util.o
 .debug_str     0x00000000      0x211 build/brd4158a/minimal_app/util/util.o
 .comment       0x00000000       0x71 build/brd4158a/minimal_app/util/util.o
 .ARM.attributes
                0x00000000       0x2e build/brd4158a/minimal_app/util/util.o
 .debug_frame   0x00000000       0x50 build/brd4158a/minimal_app/util/util.o
 .text          0x00000000        0x0 build/brd4158a/minimal_app/util/api.o
 .data          0x00000000        0x0 build/brd4158a/minimal_app/util/api.o
 .bss           0x00000000        0x0 build/brd4158a/minimal_app/util/api.o
 .text          0x00000000        0x0 build/brd4158a/minimal_app/source/minimal_app/app.o
 .data          0x00000000        0x0 build/brd4158a/minimal_app/source/minimal_app/app.o
 .bss           0x00000000        0x0 build/brd4158a/minimal_app/source/minimal_app/app.o
 .text          0x00000000        0x0 build/brd4158a/minimal_app/mcu/common/start.o
 .data          0x00000000        0x0 build/brd4158a/minimal_app/mcu/common/start.o
 .bss           0x00000000        0x0 build/brd4158a/minimal_app/mcu/common/start.o
 .text          0x00000000        0x0 build/brd4158a/minimal_app/mcu/efr32xg13/hal/led.o
 .data          0x00000000        0x0 build/brd4158a/minimal_app/mcu/efr32xg13/hal/led.o
 .bss           0x00000000        0x0 build/brd4158a/minimal_app/mcu/efr32xg13/hal/led.o
 .text.led_configure
                0x00000000       0x9c build/brd4158a/minimal_app/mcu/efr32xg13/hal/led.o
 .text.Led_init
                0x00000000       0x12 build/brd4158a/minimal_app/mcu/efr32xg13/hal/led.o
 .text.Led_set  0x00000000       0x50 build/brd4158a/minimal_app/mcu/efr32xg13/hal/led.o
 .text.Led_toggle
                0x00000000       0x38 build/brd4158a/minimal_app/mcu/efr32xg13/hal/led.o
 .text.Led_getNumber
                0x00000000        0x4 build/brd4158a/minimal_app/mcu/efr32xg13/hal/led.o
 .rodata.pin_map
                0x00000000        0x4 build/brd4158a/minimal_app/mcu/efr32xg13/hal/led.o
 .debug_info    0x00000000      0xa18 build/brd4158a/minimal_app/mcu/efr32xg13/hal/led.o
 .debug_abbrev  0x00000000      0x1d1 build/brd4158a/minimal_app/mcu/efr32xg13/hal/led.o
 .debug_loc     0x00000000      0x2ee build/brd4158a/minimal_app/mcu/efr32xg13/hal/led.o
 .debug_aranges
                0x00000000       0x40 build/brd4158a/minimal_app/mcu/efr32xg13/hal/led.o
 .debug_ranges  0x00000000       0x78 build/brd4158a/minimal_app/mcu/efr32xg13/hal/led.o
 .debug_line    0x00000000      0x262 build/brd4158a/minimal_app/mcu/efr32xg13/hal/led.o
 .debug_str     0x00000000      0x71f build/brd4158a/minimal_app/mcu/efr32xg13/hal/led.o
 .comment       0x00000000       0x71 build/brd4158a/minimal_app/mcu/efr32xg13/hal/led.o
 .ARM.attributes
                0x00000000       0x2e build/brd4158a/minimal_app/mcu/efr32xg13/hal/led.o
 .debug_frame   0x00000000       0x7c build/brd4158a/minimal_app/mcu/efr32xg13/hal/led.o
 .text          0x00000000        0x0 build/brd4158a/minimal_app/mcu/common/entrypoint.o
 .data          0x00000000        0x0 build/brd4158a/minimal_app/mcu/common/entrypoint.o
 .bss           0x00000000        0x0 build/brd4158a/minimal_app/mcu/common/entrypoint.o

Memory Configuration

Name             Origin             Length             Attributes
FLASH            0x00040000         0x0000a000         xr
RAM              0x2000b000         0x00003ff8         xrw
INVALID          0xffffffff         0x00000000         xrw
*default*        0x00000000         0xffffffff

Linker script and memory map

LOAD c:/cygwin64/home/yossi.f/gnu tools arm embedded/4.8 2014q3/bin/../lib/gcc/arm-none-eabi/4.8.4/armv7e-m\libgcc.a
LOAD c:/cygwin64/home/yossi.f/gnu tools arm embedded/4.8 2014q3/bin/../lib/gcc/arm-none-eabi/4.8.4/../../../../arm-none-eabi/lib/armv7e-m\libnosys.a
LOAD build/brd4158a/minimal_app/util/crc.o
LOAD build/brd4158a/minimal_app/util/sl_list.o
LOAD build/brd4158a/minimal_app/util/util.o
LOAD build/brd4158a/minimal_app/util/api.o
LOAD build/brd4158a/minimal_app/source/minimal_app/app.o
LOAD build/brd4158a/minimal_app/mcu/common/start.o
LOAD build/brd4158a/minimal_app/mcu/efr32xg13/hal/led.o
LOAD build/brd4158a/minimal_app/mcu/common/entrypoint.o

.text           0x00040000      0x2e0
                0x00040000                __text_start__ = .
 *(.entrypoint)
 .entrypoint    0x00040000       0x30 build/brd4158a/minimal_app/mcu/common/entrypoint.o
 *(.app_header)
 .app_header    0x00040030       0x20 build/brd4158a/minimal_app/mcu/common/start.o
                0x00040030                app_header
 *(.text.*)
 .text.API_Open
                0x00040050      0x190 build/brd4158a/minimal_app/util/api.o
                0x00040050                API_Open
 .text.App_init
                0x000401e0       0x90 build/brd4158a/minimal_app/source/minimal_app/app.o
                0x000401e0                App_init
 .text._start   0x00040270       0x6c build/brd4158a/minimal_app/mcu/common/start.o
                0x00040270                _start
 *(.text)
 *(.glue_7)
 .glue_7        0x00000000        0x0 linker stubs
 *(.glue_7t)
 .glue_7t       0x00000000        0x0 linker stubs
 *(.vfp11_veneer)
 .vfp11_veneer  0x00000000        0x0 linker stubs
 *(.v4_bx)
 .v4_bx         0x00000000        0x0 linker stubs
 *(.rodata.*)
 *(.rodata)
 *(.rodata1)
                0x000402e0                . = ALIGN (0x8)
 *fill*         0x000402dc        0x4 
                0x000402e0                __text_end__ = .
                0x000402e0                __data_src_start__ = .

.data           0x2000b000        0x8 load address 0x000402e0
                0x2000b000                __data_start__ = .
 *(.ramtext)
 *(.data.*)
 .data.m_used_app_ram_end
                0x2000b000        0x4 build/brd4158a/minimal_app/mcu/common/start.o
                0x2000b000                m_used_app_ram_end
 *(.data)
 *(.data1)
                0x2000b008                . = ALIGN (0x8)
 *fill*         0x2000b004        0x4 
                0x2000b008                __data_end__ = .
                0x000402e8                __rom_end__ = (__data_src_start__ + SIZEOF (.data))
                0x000002e8                __total_size_bytes__ = (__rom_end__ - __text_start__)

.bss            0x2000b008       0x38 load address 0x000402e8
                0x2000b008                __bss_start__ = .
 *(.bss.*)
 .bss.lib_otap  0x2000b008        0x4 build/brd4158a/minimal_app/util/api.o
                0x2000b008                lib_otap
 .bss.lib_hw    0x2000b00c        0x4 build/brd4158a/minimal_app/util/api.o
                0x2000b00c                lib_hw
 .bss.lib_beacon_rx
                0x2000b010        0x4 build/brd4158a/minimal_app/util/api.o
                0x2000b010                lib_beacon_rx
 .bss.lib_memory_area
                0x2000b014        0x4 build/brd4158a/minimal_app/util/api.o
                0x2000b014                lib_memory_area
 .bss.global_func
                0x2000b018        0x4 build/brd4158a/minimal_app/util/api.o
                0x2000b018                global_func
 .bss.lib_sleep
                0x2000b01c        0x4 build/brd4158a/minimal_app/util/api.o
                0x2000b01c                lib_sleep
 .bss.lib_settings
                0x2000b020        0x4 build/brd4158a/minimal_app/util/api.o
                0x2000b020                lib_settings
 .bss.lib_system
                0x2000b024        0x4 build/brd4158a/minimal_app/util/api.o
                0x2000b024                lib_system
 .bss.lib_state
                0x2000b028        0x4 build/brd4158a/minimal_app/util/api.o
                0x2000b028                lib_state
 .bss.lib_beacon_tx
                0x2000b02c        0x4 build/brd4158a/minimal_app/util/api.o
                0x2000b02c                lib_beacon_tx
 .bss.lib_time  0x2000b030        0x4 build/brd4158a/minimal_app/util/api.o
                0x2000b030                lib_time
 .bss.lib_data  0x2000b034        0x4 build/brd4158a/minimal_app/util/api.o
                0x2000b034                lib_data
 .bss.lib_storage
                0x2000b038        0x4 build/brd4158a/minimal_app/util/api.o
                0x2000b038                lib_storage
 *(.bss)
 *(COMMON)
                0x2000b040                . = ALIGN (0x8)
 *fill*         0x2000b03c        0x4 
                0x2000b040                __bss_end__ = .
                0x2000eff8                __ram_end__ = (ORIGIN (RAM) + 0x3ff8)

.invalid        0x00000000        0x0
 *(.init)
 *(.fini)
 *(.preinit_array)
 *(.init_array)
 *(.fini_array)
 *(.ctors)
 *(.dtors)
 *(.jcr)
 *(.eh_frame)
 *(.eh_frame_hdr)
 *(.heap*)
 *(.tbss)
 *(.tdata)
 *(.tdata1)
 *(.got)
 *(.got.plt)
 *(.igot.plt)
 .igot.plt      0x00000000        0x0 build/brd4158a/minimal_app/util/crc.o
 *(.iplt)
 .iplt          0x00000000        0x0 build/brd4158a/minimal_app/util/crc.o
 *(.rel.dyn)
 *(.rel.iplt)
 .rel.iplt      0x00000000        0x0 build/brd4158a/minimal_app/util/crc.o

/DISCARD/
 *(.ARM.extab)
 *(.ARM.exidx)
START GROUP
LOAD c:/cygwin64/home/yossi.f/gnu tools arm embedded/4.8 2014q3/bin/../lib/gcc/arm-none-eabi/4.8.4/armv7e-m\libgcc.a
LOAD c:/cygwin64/home/yossi.f/gnu tools arm embedded/4.8 2014q3/bin/../lib/gcc/arm-none-eabi/4.8.4/../../../../arm-none-eabi/lib/armv7e-m\libg_s.a
LOAD c:/cygwin64/home/yossi.f/gnu tools arm embedded/4.8 2014q3/bin/../lib/gcc/arm-none-eabi/4.8.4/../../../../arm-none-eabi/lib/armv7e-m\libc_s.a
END GROUP
START GROUP
LOAD c:/cygwin64/home/yossi.f/gnu tools arm embedded/4.8 2014q3/bin/../lib/gcc/arm-none-eabi/4.8.4/armv7e-m\libgcc.a
LOAD c:/cygwin64/home/yossi.f/gnu tools arm embedded/4.8 2014q3/bin/../lib/gcc/arm-none-eabi/4.8.4/../../../../arm-none-eabi/lib/armv7e-m\libc_s.a
END GROUP
OUTPUT(build/brd4158a/minimal_app/minimal_app.elf elf32-littlearm)

.debug_info     0x00000000     0x38fb
 .debug_info    0x00000000     0x22ae build/brd4158a/minimal_app/util/api.o
 .debug_info    0x000022ae     0x11ee build/brd4158a/minimal_app/source/minimal_app/app.o
 .debug_info    0x0000349c      0x3c1 build/brd4158a/minimal_app/mcu/common/start.o
 .debug_info    0x0000385d       0x9e build/brd4158a/minimal_app/mcu/common/entrypoint.o

.debug_abbrev   0x00000000      0x5c5
 .debug_abbrev  0x00000000      0x17a build/brd4158a/minimal_app/util/api.o
 .debug_abbrev  0x0000017a      0x290 build/brd4158a/minimal_app/source/minimal_app/app.o
 .debug_abbrev  0x0000040a      0x1a7 build/brd4158a/minimal_app/mcu/common/start.o
 .debug_abbrev  0x000005b1       0x14 build/brd4158a/minimal_app/mcu/common/entrypoint.o

.debug_loc      0x00000000      0x1e9
 .debug_loc     0x00000000       0x2c build/brd4158a/minimal_app/util/api.o
 .debug_loc     0x0000002c       0x8b build/brd4158a/minimal_app/source/minimal_app/app.o
 .debug_loc     0x000000b7      0x132 build/brd4158a/minimal_app/mcu/common/start.o

.debug_aranges  0x00000000       0x80
 .debug_aranges
                0x00000000       0x20 build/brd4158a/minimal_app/util/api.o
 .debug_aranges
                0x00000020       0x20 build/brd4158a/minimal_app/source/minimal_app/app.o
 .debug_aranges
                0x00000040       0x20 build/brd4158a/minimal_app/mcu/common/start.o
 .debug_aranges
                0x00000060       0x20 build/brd4158a/minimal_app/mcu/common/entrypoint.o

.debug_ranges   0x00000000       0x48
 .debug_ranges  0x00000000       0x10 build/brd4158a/minimal_app/util/api.o
 .debug_ranges  0x00000010       0x10 build/brd4158a/minimal_app/source/minimal_app/app.o
 .debug_ranges  0x00000020       0x28 build/brd4158a/minimal_app/mcu/common/start.o

.debug_line     0x00000000      0x6da
 .debug_line    0x00000000      0x255 build/brd4158a/minimal_app/util/api.o
 .debug_line    0x00000255      0x28e build/brd4158a/minimal_app/source/minimal_app/app.o
 .debug_line    0x000004e3      0x1ad build/brd4158a/minimal_app/mcu/common/start.o
 .debug_line    0x00000690       0x4a build/brd4158a/minimal_app/mcu/common/entrypoint.o

.debug_str      0x00000000     0x3310
 .debug_str     0x00000000     0x2df0 build/brd4158a/minimal_app/util/api.o
                               0x2eb1 (size before relaxing)
 .debug_str     0x00002df0      0x3dd build/brd4158a/minimal_app/source/minimal_app/app.o
                               0x1290 (size before relaxing)
 .debug_str     0x000031cd      0x143 build/brd4158a/minimal_app/mcu/common/start.o
                                0x3ee (size before relaxing)

.comment        0x00000000       0x70
 .comment       0x00000000       0x70 build/brd4158a/minimal_app/util/api.o
                                 0x71 (size before relaxing)
 .comment       0x00000000       0x71 build/brd4158a/minimal_app/source/minimal_app/app.o
 .comment       0x00000000       0x71 build/brd4158a/minimal_app/mcu/common/start.o

.ARM.attributes
                0x00000000       0x2c
 .ARM.attributes
                0x00000000       0x2e build/brd4158a/minimal_app/util/api.o
 .ARM.attributes
                0x0000002e       0x2e build/brd4158a/minimal_app/source/minimal_app/app.o
 .ARM.attributes
                0x0000005c       0x2e build/brd4158a/minimal_app/mcu/common/start.o
 .ARM.attributes
                0x0000008a       0x1b build/brd4158a/minimal_app/mcu/common/entrypoint.o

.debug_frame    0x00000000       0x98
 .debug_frame   0x00000000       0x38 build/brd4158a/minimal_app/util/api.o
 .debug_frame   0x00000038       0x34 build/brd4158a/minimal_app/source/minimal_app/app.o
 .debug_frame   0x0000006c       0x2c build/brd4158a/minimal_app/mcu/common/start.o
