Archive member included because of file (symbol)

c:/program files (x86)/gnu tools arm embedded/4.8 2014q3/bin/../lib/gcc/arm-none-eabi/4.8.4/armv7e-m\libgcc.a(_aeabi_ldivmod.o)
                              build/brd4158a/custom_app/source/custom_app/meter/utils.o (__aeabi_ldivmod)
c:/program files (x86)/gnu tools arm embedded/4.8 2014q3/bin/../lib/gcc/arm-none-eabi/4.8.4/armv7e-m\libgcc.a(bpabi.o)
                              c:/program files (x86)/gnu tools arm embedded/4.8 2014q3/bin/../lib/gcc/arm-none-eabi/4.8.4/armv7e-m\libgcc.a(_aeabi_ldivmod.o) (__gnu_ldivmod_helper)
c:/program files (x86)/gnu tools arm embedded/4.8 2014q3/bin/../lib/gcc/arm-none-eabi/4.8.4/armv7e-m\libgcc.a(_dvmd_tls.o)
                              c:/program files (x86)/gnu tools arm embedded/4.8 2014q3/bin/../lib/gcc/arm-none-eabi/4.8.4/armv7e-m\libgcc.a(_aeabi_ldivmod.o) (__aeabi_ldiv0)
c:/program files (x86)/gnu tools arm embedded/4.8 2014q3/bin/../lib/gcc/arm-none-eabi/4.8.4/armv7e-m\libgcc.a(_divdi3.o)
                              c:/program files (x86)/gnu tools arm embedded/4.8 2014q3/bin/../lib/gcc/arm-none-eabi/4.8.4/armv7e-m\libgcc.a(bpabi.o) (__divdi3)
c:/program files (x86)/gnu tools arm embedded/4.8 2014q3/bin/../lib/gcc/arm-none-eabi/4.8.4/armv7e-m\libgcc.a(_udivdi3.o)
                              c:/program files (x86)/gnu tools arm embedded/4.8 2014q3/bin/../lib/gcc/arm-none-eabi/4.8.4/armv7e-m\libgcc.a(bpabi.o) (__udivdi3)
c:/program files (x86)/gnu tools arm embedded/4.8 2014q3/bin/../lib/gcc/arm-none-eabi/4.8.4/../../../../arm-none-eabi/lib/armv7e-m\libg_s.a(lib_a-memcmp.o)
                              build/brd4158a/custom_app/source/custom_app/meter/DCUPush.o (memcmp)
c:/program files (x86)/gnu tools arm embedded/4.8 2014q3/bin/../lib/gcc/arm-none-eabi/4.8.4/../../../../arm-none-eabi/lib/armv7e-m\libg_s.a(lib_a-memcpy-stub.o)
                              build/brd4158a/custom_app/source/custom_app/meter/DLTProtocol.o (memcpy)
c:/program files (x86)/gnu tools arm embedded/4.8 2014q3/bin/../lib/gcc/arm-none-eabi/4.8.4/../../../../arm-none-eabi/lib/armv7e-m\libg_s.a(lib_a-memset.o)
                              build/brd4158a/custom_app/source/custom_app/meter/DLTProtocol.o (memset)
c:/program files (x86)/gnu tools arm embedded/4.8 2014q3/bin/../lib/gcc/arm-none-eabi/4.8.4/../../../../arm-none-eabi/lib/armv7e-m\libg_s.a(lib_a-strcat.o)
                              build/brd4158a/custom_app/source/custom_app/meter/MeterProtocol.o (strcat)
c:/program files (x86)/gnu tools arm embedded/4.8 2014q3/bin/../lib/gcc/arm-none-eabi/4.8.4/../../../../arm-none-eabi/lib/armv7e-m\libg_s.a(lib_a-strcpy.o)
                              build/brd4158a/custom_app/source/custom_app/meter/MeterProtocol.o (strcpy)
c:/program files (x86)/gnu tools arm embedded/4.8 2014q3/bin/../lib/gcc/arm-none-eabi/4.8.4/../../../../arm-none-eabi/lib/armv7e-m\libg_s.a(lib_a-strlen.o)
                              build/brd4158a/custom_app/source/custom_app/meter/utils.o (strlen)

Allocating common symbols
Common symbol       size              file

ExtendedAddress     0x8               build/brd4158a/custom_app/source/custom_app/app.o
TmpTxBuf            0xff              build/brd4158a/custom_app/source/custom_app/meter/DLTProtocol.o
led_state           0x1               build/brd4158a/custom_app/source/custom_app/meter/DLTProtocol.o
ReconfigureNode     0x1               build/brd4158a/custom_app/source/custom_app/meter/DLTProtocol.o
ST_m_escaped        0x1               build/brd4158a/custom_app/source/custom_app/meter/uartdlt.o
ST_m_timeout        0x4               build/brd4158a/custom_app/source/custom_app/meter/uartdlt.o
EMConfigMacADDR0    0x6               build/brd4158a/custom_app/source/custom_app/meter/DLTProtocol.o
rx_buffer           0xff              build/brd4158a/custom_app/source/custom_app/meter/uartdlt.o
ST_rx_buffer_idx    0x4               build/brd4158a/custom_app/source/custom_app/meter/uartdlt.o
DltRxTimeout        0x4               build/brd4158a/custom_app/source/custom_app/meter/DLTProtocol.o
ST_rx_buffer        0xff              build/brd4158a/custom_app/source/custom_app/meter/uartdlt.o
m_escaped           0x1               build/brd4158a/custom_app/source/custom_app/meter/uartdlt.o
TmpTxsizeBuf        0x4               build/brd4158a/custom_app/source/custom_app/meter/DLTProtocol.o
DisplayState        0x1               build/brd4158a/custom_app/source/custom_app/meter/DLTProtocol.o
m_timeout           0x4               build/brd4158a/custom_app/source/custom_app/meter/uartdlt.o
bufout              0x100             build/brd4158a/custom_app/source/custom_app/app.o
rx_buffer_idx       0x4               build/brd4158a/custom_app/source/custom_app/meter/uartdlt.o
ST_RxTimeout        0x4               build/brd4158a/custom_app/source/custom_app/meter/DLTProtocol.o

Discarded input sections

 .text          0x00000000        0x0 build/brd4158a/custom_app/source/custom_app/drivers/efr32xg13/exti.o
 .data          0x00000000        0x0 build/brd4158a/custom_app/source/custom_app/drivers/efr32xg13/exti.o
 .bss           0x00000000        0x0 build/brd4158a/custom_app/source/custom_app/drivers/efr32xg13/exti.o
 .text.GPIO_EVEN_IRQHandler
                0x00000000       0x4c build/brd4158a/custom_app/source/custom_app/drivers/efr32xg13/exti.o
 .text.GPIO_ODD_IRQHandler
                0x00000000       0x40 build/brd4158a/custom_app/source/custom_app/drivers/efr32xg13/exti.o
 .text.Wakeup_pinInit
                0x00000000       0x70 build/brd4158a/custom_app/source/custom_app/drivers/efr32xg13/exti.o
 .text.Wakeup_off
                0x00000000       0x34 build/brd4158a/custom_app/source/custom_app/drivers/efr32xg13/exti.o
 .text.Wakeup_enableIrq
                0x00000000        0xc build/brd4158a/custom_app/source/custom_app/drivers/efr32xg13/exti.o
 .text.Wakeup_disableIrq
                0x00000000        0xc build/brd4158a/custom_app/source/custom_app/drivers/efr32xg13/exti.o
 .text.Wakeup_clearIrq
                0x00000000       0x10 build/brd4158a/custom_app/source/custom_app/drivers/efr32xg13/exti.o
 .text.Wakeup_setEdge
                0x00000000       0x18 build/brd4158a/custom_app/source/custom_app/drivers/efr32xg13/exti.o
 .bss.m_even_callbacks
                0x00000000       0x20 build/brd4158a/custom_app/source/custom_app/drivers/efr32xg13/exti.o
 .debug_info    0x00000000      0xae1 build/brd4158a/custom_app/source/custom_app/drivers/efr32xg13/exti.o
 .debug_abbrev  0x00000000      0x2d2 build/brd4158a/custom_app/source/custom_app/drivers/efr32xg13/exti.o
 .debug_loc     0x00000000      0x107 build/brd4158a/custom_app/source/custom_app/drivers/efr32xg13/exti.o
 .debug_aranges
                0x00000000       0x58 build/brd4158a/custom_app/source/custom_app/drivers/efr32xg13/exti.o
 .debug_ranges  0x00000000       0x60 build/brd4158a/custom_app/source/custom_app/drivers/efr32xg13/exti.o
 .debug_line    0x00000000      0x39d build/brd4158a/custom_app/source/custom_app/drivers/efr32xg13/exti.o
 .debug_str     0x00000000      0xabd build/brd4158a/custom_app/source/custom_app/drivers/efr32xg13/exti.o
 .comment       0x00000000       0x71 build/brd4158a/custom_app/source/custom_app/drivers/efr32xg13/exti.o
 .ARM.attributes
                0x00000000       0x2e build/brd4158a/custom_app/source/custom_app/drivers/efr32xg13/exti.o
 .debug_frame   0x00000000       0xc0 build/brd4158a/custom_app/source/custom_app/drivers/efr32xg13/exti.o
 .text          0x00000000        0x0 build/brd4158a/custom_app/source/custom_app/drivers/efr32xg13/io.o
 .data          0x00000000        0x0 build/brd4158a/custom_app/source/custom_app/drivers/efr32xg13/io.o
 .bss           0x00000000        0x0 build/brd4158a/custom_app/source/custom_app/drivers/efr32xg13/io.o
 .text.Io_enableUartIrq
                0x00000000       0x18 build/brd4158a/custom_app/source/custom_app/drivers/efr32xg13/io.o
 .text.Io_setUartIrq
                0x00000000       0x14 build/brd4158a/custom_app/source/custom_app/drivers/efr32xg13/io.o
 .text.Io_clearUartIrq
                0x00000000       0x14 build/brd4158a/custom_app/source/custom_app/drivers/efr32xg13/io.o
 .text.Io_setModeDisabled
                0x00000000       0x14 build/brd4158a/custom_app/source/custom_app/drivers/efr32xg13/io.o
 .text          0x00000000        0x0 build/brd4158a/custom_app/source/custom_app/meter/utils.o
 .data          0x00000000        0x0 build/brd4158a/custom_app/source/custom_app/meter/utils.o
 .bss           0x00000000        0x0 build/brd4158a/custom_app/source/custom_app/meter/utils.o
 .text.ToUpperCase
                0x00000000        0xc build/brd4158a/custom_app/source/custom_app/meter/utils.o
 .text.reverse  0x00000000       0x3a build/brd4158a/custom_app/source/custom_app/meter/utils.o
 .text.i32toa   0x00000000       0x28 build/brd4158a/custom_app/source/custom_app/meter/utils.o
 .text.m_atoi   0x00000000       0x16 build/brd4158a/custom_app/source/custom_app/meter/utils.o
 .text.ConvertHex2BCD
                0x00000000       0x1a build/brd4158a/custom_app/source/custom_app/meter/utils.o
 .text.calcCS   0x00000000       0x1a build/brd4158a/custom_app/source/custom_app/meter/utils.o
 .text.ConvertBinToAscii
                0x00000000       0xb0 build/brd4158a/custom_app/source/custom_app/meter/utils.o
 .rodata.HexMapL
                0x00000000       0x10 build/brd4158a/custom_app/source/custom_app/meter/utils.o
 .text          0x00000000        0x0 build/brd4158a/custom_app/source/custom_app/meter/DLTProtocol.o
 .data          0x00000000        0x0 build/brd4158a/custom_app/source/custom_app/meter/DLTProtocol.o
 .bss           0x00000000        0x0 build/brd4158a/custom_app/source/custom_app/meter/DLTProtocol.o
 .text.KeypadSendWriteDltMsg
                0x00000000       0xd4 build/brd4158a/custom_app/source/custom_app/meter/DLTProtocol.o
 .text.SendStDLTRSTmsg
                0x00000000       0x20 build/brd4158a/custom_app/source/custom_app/meter/DLTProtocol.o
 .text.CovertBcd2Add
                0x00000000       0x42 build/brd4158a/custom_app/source/custom_app/meter/DLTProtocol.o
 .text.DCUSendReadDltMsg2Meter
                0x00000000       0xcc build/brd4158a/custom_app/source/custom_app/meter/DLTProtocol.o
 .bss.Hour_Req_Send_2Meter
                0x00000000        0x1 build/brd4158a/custom_app/source/custom_app/meter/DLTProtocol.o
 .rodata.DLTPassUser
                0x00000000        0x8 build/brd4158a/custom_app/source/custom_app/meter/DLTProtocol.o
 .text          0x00000000        0x0 build/brd4158a/custom_app/source/custom_app/meter/uartdlt.o
 .data          0x00000000        0x0 build/brd4158a/custom_app/source/custom_app/meter/uartdlt.o
 .bss           0x00000000        0x0 build/brd4158a/custom_app/source/custom_app/meter/uartdlt.o
 .text.Usart_receiverOff
                0x00000000        0xe build/brd4158a/custom_app/source/custom_app/meter/uartdlt.o
 .text.Usart_setFlowControl
                0x00000000        0x4 build/brd4158a/custom_app/source/custom_app/meter/uartdlt.o
 .text.WNT_RxParamInit
                0x00000000        0x2 build/brd4158a/custom_app/source/custom_app/meter/uartdlt.o
 .text          0x00000000        0x0 build/brd4158a/custom_app/source/custom_app/meter/persistent.o
 .data          0x00000000        0x0 build/brd4158a/custom_app/source/custom_app/meter/persistent.o
 .bss           0x00000000        0x0 build/brd4158a/custom_app/source/custom_app/meter/persistent.o
 .text.write_image
                0x00000000       0x18 build/brd4158a/custom_app/source/custom_app/meter/persistent.o
 .text.update_image
                0x00000000       0x2c build/brd4158a/custom_app/source/custom_app/meter/persistent.o
 .text.Persistent_getAutostart
                0x00000000       0x1c build/brd4158a/custom_app/source/custom_app/meter/persistent.o
 .text.Persistent_getaExtendedAddress
                0x00000000       0x18 build/brd4158a/custom_app/source/custom_app/meter/persistent.o
 .text.Persistent_getConsumtionMeterValve
                0x00000000       0x1c build/brd4158a/custom_app/source/custom_app/meter/persistent.o
 .text.Persistent_setAutostart
                0x00000000       0x1c build/brd4158a/custom_app/source/custom_app/meter/persistent.o
 .text.Persistent_setaExtendedAddress
                0x00000000       0x24 build/brd4158a/custom_app/source/custom_app/meter/persistent.o
 .text.Persistent_setConsumtionMeterValve
                0x00000000       0x24 build/brd4158a/custom_app/source/custom_app/meter/persistent.o
 .bss.m_persistent_valid
                0x00000000        0x1 build/brd4158a/custom_app/source/custom_app/meter/persistent.o
 .bss.m_persistent_image
                0x00000000        0xe build/brd4158a/custom_app/source/custom_app/meter/persistent.o
 .debug_info    0x00000000      0x44c build/brd4158a/custom_app/source/custom_app/meter/persistent.o
 .debug_abbrev  0x00000000      0x165 build/brd4158a/custom_app/source/custom_app/meter/persistent.o
 .debug_loc     0x00000000      0x1d6 build/brd4158a/custom_app/source/custom_app/meter/persistent.o
 .debug_aranges
                0x00000000       0x58 build/brd4158a/custom_app/source/custom_app/meter/persistent.o
 .debug_ranges  0x00000000       0x48 build/brd4158a/custom_app/source/custom_app/meter/persistent.o
 .debug_line    0x00000000      0x242 build/brd4158a/custom_app/source/custom_app/meter/persistent.o
 .debug_str     0x00000000      0x4ea build/brd4158a/custom_app/source/custom_app/meter/persistent.o
 .comment       0x00000000       0x71 build/brd4158a/custom_app/source/custom_app/meter/persistent.o
 .ARM.attributes
                0x00000000       0x2e build/brd4158a/custom_app/source/custom_app/meter/persistent.o
 .debug_frame   0x00000000       0xd8 build/brd4158a/custom_app/source/custom_app/meter/persistent.o
 .text          0x00000000        0x0 build/brd4158a/custom_app/source/custom_app/meter/MeterProtocol.o
 .data          0x00000000        0x0 build/brd4158a/custom_app/source/custom_app/meter/MeterProtocol.o
 .bss           0x00000000        0x0 build/brd4158a/custom_app/source/custom_app/meter/MeterProtocol.o
 .text.SendPeriodicMsg
                0x00000000       0x84 build/brd4158a/custom_app/source/custom_app/meter/MeterProtocol.o
 .bss.MsgTxId   0x00000000        0x4 build/brd4158a/custom_app/source/custom_app/meter/MeterProtocol.o
 .rodata.str1.1
                0x00000000       0x26 build/brd4158a/custom_app/source/custom_app/meter/MeterProtocol.o
 .text          0x00000000        0x0 build/brd4158a/custom_app/source/custom_app/meter/MeterPush.o
 .data          0x00000000        0x0 build/brd4158a/custom_app/source/custom_app/meter/MeterPush.o
 .bss           0x00000000        0x0 build/brd4158a/custom_app/source/custom_app/meter/MeterPush.o
 .text          0x00000000        0x0 build/brd4158a/custom_app/source/custom_app/meter/DCUPush.o
 .data          0x00000000        0x0 build/brd4158a/custom_app/source/custom_app/meter/DCUPush.o
 .bss           0x00000000        0x0 build/brd4158a/custom_app/source/custom_app/meter/DCUPush.o
 .text.DCUPushTask
                0x00000000       0x10 build/brd4158a/custom_app/source/custom_app/meter/DCUPush.o
 .text.InitMeterlogger
                0x00000000       0x1c build/brd4158a/custom_app/source/custom_app/meter/DCUPush.o
 .text.SearchExistMeterLocation
                0x00000000       0x30 build/brd4158a/custom_app/source/custom_app/meter/DCUPush.o
 .text.WriteNewMeterRecord
                0x00000000       0x74 build/brd4158a/custom_app/source/custom_app/meter/DCUPush.o
 .text.SearchExistRecordLocation
                0x00000000       0x3c build/brd4158a/custom_app/source/custom_app/meter/DCUPush.o
 .text.PrepareResFromLogger
                0x00000000       0x58 build/brd4158a/custom_app/source/custom_app/meter/DCUPush.o
 .bss.MeterLoger
                0x00000000     0x3462 build/brd4158a/custom_app/source/custom_app/meter/DCUPush.o
 .debug_info    0x00000000      0x8a8 build/brd4158a/custom_app/source/custom_app/meter/DCUPush.o
 .debug_abbrev  0x00000000      0x1c6 build/brd4158a/custom_app/source/custom_app/meter/DCUPush.o
 .debug_loc     0x00000000      0x340 build/brd4158a/custom_app/source/custom_app/meter/DCUPush.o
 .debug_aranges
                0x00000000       0x48 build/brd4158a/custom_app/source/custom_app/meter/DCUPush.o
 .debug_ranges  0x00000000       0x38 build/brd4158a/custom_app/source/custom_app/meter/DCUPush.o
 .debug_line    0x00000000      0x29f build/brd4158a/custom_app/source/custom_app/meter/DCUPush.o
 .debug_str     0x00000000      0xb3e build/brd4158a/custom_app/source/custom_app/meter/DCUPush.o
 .comment       0x00000000       0x71 build/brd4158a/custom_app/source/custom_app/meter/DCUPush.o
 .ARM.attributes
                0x00000000       0x2e build/brd4158a/custom_app/source/custom_app/meter/DCUPush.o
 .debug_frame   0x00000000       0xa8 build/brd4158a/custom_app/source/custom_app/meter/DCUPush.o
 .text          0x00000000        0x0 build/brd4158a/custom_app/source/custom_app/drivers/efr32xg13/led.o
 .data          0x00000000        0x0 build/brd4158a/custom_app/source/custom_app/drivers/efr32xg13/led.o
 .bss           0x00000000        0x0 build/brd4158a/custom_app/source/custom_app/drivers/efr32xg13/led.o
 .text.toggle_led
                0x00000000       0x18 build/brd4158a/custom_app/source/custom_app/drivers/efr32xg13/led.o
 .text          0x00000000        0x0 build/brd4158a/custom_app/util/crc.o
 .data          0x00000000        0x0 build/brd4158a/custom_app/util/crc.o
 .bss           0x00000000        0x0 build/brd4158a/custom_app/util/crc.o
 .text.Crc_addByte
                0x00000000       0x18 build/brd4158a/custom_app/util/crc.o
 .text.Crc_fromBuffer
                0x00000000       0x2c build/brd4158a/custom_app/util/crc.o
 .text.Crc_fromBuffer32
                0x00000000       0x64 build/brd4158a/custom_app/util/crc.o
 .rodata.crc_ccitt_lut
                0x00000000      0x200 build/brd4158a/custom_app/util/crc.o
 .debug_info    0x00000000      0x21b build/brd4158a/custom_app/util/crc.o
 .debug_abbrev  0x00000000       0xdf build/brd4158a/custom_app/util/crc.o
 .debug_loc     0x00000000      0x24c build/brd4158a/custom_app/util/crc.o
 .debug_aranges
                0x00000000       0x30 build/brd4158a/custom_app/util/crc.o
 .debug_ranges  0x00000000       0x38 build/brd4158a/custom_app/util/crc.o
 .debug_line    0x00000000      0x17c build/brd4158a/custom_app/util/crc.o
 .debug_str     0x00000000      0x22d build/brd4158a/custom_app/util/crc.o
 .comment       0x00000000       0x71 build/brd4158a/custom_app/util/crc.o
 .ARM.attributes
                0x00000000       0x2e build/brd4158a/custom_app/util/crc.o
 .debug_frame   0x00000000       0x58 build/brd4158a/custom_app/util/crc.o
 .text          0x00000000        0x0 build/brd4158a/custom_app/util/sl_list.o
 .data          0x00000000        0x0 build/brd4158a/custom_app/util/sl_list.o
 .bss           0x00000000        0x0 build/brd4158a/custom_app/util/sl_list.o
 .text.sl_list_init
                0x00000000        0xa build/brd4158a/custom_app/util/sl_list.o
 .text.sl_list_next
                0x00000000        0x4 build/brd4158a/custom_app/util/sl_list.o
 .text.sl_list_push_back
                0x00000000       0x1a build/brd4158a/custom_app/util/sl_list.o
 .text.sl_list_push_front
                0x00000000       0x14 build/brd4158a/custom_app/util/sl_list.o
 .text.sl_list_push_before
                0x00000000       0x1a build/brd4158a/custom_app/util/sl_list.o
 .text.sl_list_pop_back
                0x00000000       0x32 build/brd4158a/custom_app/util/sl_list.o
 .text.sl_list_pop_front
                0x00000000       0x1a build/brd4158a/custom_app/util/sl_list.o
 .text.sl_list_remove
                0x00000000       0x30 build/brd4158a/custom_app/util/sl_list.o
 .text.sl_list_pop
                0x00000000        0xc build/brd4158a/custom_app/util/sl_list.o
 .text.sl_list_at
                0x00000000        0xe build/brd4158a/custom_app/util/sl_list.o
 .text.sl_list_contains
                0x00000000        0xe build/brd4158a/custom_app/util/sl_list.o
 .text.sl_list_search
                0x00000000       0x1a build/brd4158a/custom_app/util/sl_list.o
 .text.sl_list_swap
                0x00000000       0x2e build/brd4158a/custom_app/util/sl_list.o
 .debug_info    0x00000000      0x4fc build/brd4158a/custom_app/util/sl_list.o
 .debug_abbrev  0x00000000      0x1ae build/brd4158a/custom_app/util/sl_list.o
 .debug_loc     0x00000000      0x360 build/brd4158a/custom_app/util/sl_list.o
 .debug_aranges
                0x00000000       0x80 build/brd4158a/custom_app/util/sl_list.o
 .debug_ranges  0x00000000       0x70 build/brd4158a/custom_app/util/sl_list.o
 .debug_line    0x00000000      0x268 build/brd4158a/custom_app/util/sl_list.o
 .debug_str     0x00000000      0x2fc build/brd4158a/custom_app/util/sl_list.o
 .comment       0x00000000       0x71 build/brd4158a/custom_app/util/sl_list.o
 .ARM.attributes
                0x00000000       0x2e build/brd4158a/custom_app/util/sl_list.o
 .debug_frame   0x00000000      0x114 build/brd4158a/custom_app/util/sl_list.o
 .text          0x00000000        0x0 build/brd4158a/custom_app/util/util.o
 .data          0x00000000        0x0 build/brd4158a/custom_app/util/util.o
 .bss           0x00000000        0x0 build/brd4158a/custom_app/util/util.o
 .text.Util_isLtUint32
                0x00000000        0x6 build/brd4158a/custom_app/util/util.o
 .text.Util_isSmallest
                0x00000000       0x10 build/brd4158a/custom_app/util/util.o
 .text.Util_inBetween
                0x00000000       0x12 build/brd4158a/custom_app/util/util.o
 .text.Util_bitCountU8
                0x00000000       0x14 build/brd4158a/custom_app/util/util.o
 .debug_info    0x00000000      0x23f build/brd4158a/custom_app/util/util.o
 .debug_abbrev  0x00000000      0x116 build/brd4158a/custom_app/util/util.o
 .debug_loc     0x00000000      0x12f build/brd4158a/custom_app/util/util.o
 .debug_aranges
                0x00000000       0x38 build/brd4158a/custom_app/util/util.o
 .debug_ranges  0x00000000       0x28 build/brd4158a/custom_app/util/util.o
 .debug_line    0x00000000      0x154 build/brd4158a/custom_app/util/util.o
 .debug_str     0x00000000      0x22f build/brd4158a/custom_app/util/util.o
 .comment       0x00000000       0x71 build/brd4158a/custom_app/util/util.o
 .ARM.attributes
                0x00000000       0x2e build/brd4158a/custom_app/util/util.o
 .debug_frame   0x00000000       0x50 build/brd4158a/custom_app/util/util.o
 .text          0x00000000        0x0 build/brd4158a/custom_app/util/api.o
 .data          0x00000000        0x0 build/brd4158a/custom_app/util/api.o
 .bss           0x00000000        0x0 build/brd4158a/custom_app/util/api.o
 .text          0x00000000        0x0 build/brd4158a/custom_app/mcu/efr32xg13/hal/hfperclk.o
 .data          0x00000000        0x0 build/brd4158a/custom_app/mcu/efr32xg13/hal/hfperclk.o
 .bss           0x00000000        0x0 build/brd4158a/custom_app/mcu/efr32xg13/hal/hfperclk.o
 .text          0x00000000        0x0 build/brd4158a/custom_app/mcu/efr32xg13/hal/usart.o
 .data          0x00000000        0x0 build/brd4158a/custom_app/mcu/efr32xg13/hal/usart.o
 .bss           0x00000000        0x0 build/brd4158a/custom_app/mcu/efr32xg13/hal/usart.o
 .debug_line    0x00000000        0x0 build/brd4158a/custom_app/mcu/efr32xg13/hal/usart.o
 .debug_str     0x00000000        0x0 build/brd4158a/custom_app/mcu/efr32xg13/hal/usart.o
 .comment       0x00000000       0x71 build/brd4158a/custom_app/mcu/efr32xg13/hal/usart.o
 .ARM.attributes
                0x00000000       0x2e build/brd4158a/custom_app/mcu/efr32xg13/hal/usart.o
 .text          0x00000000        0x0 build/brd4158a/custom_app/mcu/efr32xg13/hal/ds.o
 .data          0x00000000        0x0 build/brd4158a/custom_app/mcu/efr32xg13/hal/ds.o
 .bss           0x00000000        0x0 build/brd4158a/custom_app/mcu/efr32xg13/hal/ds.o
 .text          0x00000000        0x0 build/brd4158a/custom_app/mcu/efr32xg13/hal/hal.o
 .data          0x00000000        0x0 build/brd4158a/custom_app/mcu/efr32xg13/hal/hal.o
 .bss           0x00000000        0x0 build/brd4158a/custom_app/mcu/efr32xg13/hal/hal.o
 .text          0x00000000        0x0 build/brd4158a/custom_app/source/custom_app/app.o
 .data          0x00000000        0x0 build/brd4158a/custom_app/source/custom_app/app.o
 .bss           0x00000000        0x0 build/brd4158a/custom_app/source/custom_app/app.o
 .text          0x00000000        0x0 build/brd4158a/custom_app/mcu/common/start.o
 .data          0x00000000        0x0 build/brd4158a/custom_app/mcu/common/start.o
 .bss           0x00000000        0x0 build/brd4158a/custom_app/mcu/common/start.o
 .text          0x00000000        0x0 build/brd4158a/custom_app/mcu/common/entrypoint.o
 .data          0x00000000        0x0 build/brd4158a/custom_app/mcu/common/entrypoint.o
 .bss           0x00000000        0x0 build/brd4158a/custom_app/mcu/common/entrypoint.o
 .data          0x00000000        0x0 c:/program files (x86)/gnu tools arm embedded/4.8 2014q3/bin/../lib/gcc/arm-none-eabi/4.8.4/armv7e-m\libgcc.a(_aeabi_ldivmod.o)
 .bss           0x00000000        0x0 c:/program files (x86)/gnu tools arm embedded/4.8 2014q3/bin/../lib/gcc/arm-none-eabi/4.8.4/armv7e-m\libgcc.a(_aeabi_ldivmod.o)
 .data          0x00000000        0x0 c:/program files (x86)/gnu tools arm embedded/4.8 2014q3/bin/../lib/gcc/arm-none-eabi/4.8.4/armv7e-m\libgcc.a(bpabi.o)
 .bss           0x00000000        0x0 c:/program files (x86)/gnu tools arm embedded/4.8 2014q3/bin/../lib/gcc/arm-none-eabi/4.8.4/armv7e-m\libgcc.a(bpabi.o)
 .data          0x00000000        0x0 c:/program files (x86)/gnu tools arm embedded/4.8 2014q3/bin/../lib/gcc/arm-none-eabi/4.8.4/armv7e-m\libgcc.a(_dvmd_tls.o)
 .bss           0x00000000        0x0 c:/program files (x86)/gnu tools arm embedded/4.8 2014q3/bin/../lib/gcc/arm-none-eabi/4.8.4/armv7e-m\libgcc.a(_dvmd_tls.o)
 .data          0x00000000        0x0 c:/program files (x86)/gnu tools arm embedded/4.8 2014q3/bin/../lib/gcc/arm-none-eabi/4.8.4/armv7e-m\libgcc.a(_divdi3.o)
 .bss           0x00000000        0x0 c:/program files (x86)/gnu tools arm embedded/4.8 2014q3/bin/../lib/gcc/arm-none-eabi/4.8.4/armv7e-m\libgcc.a(_divdi3.o)
 .ARM.extab     0x00000000        0x0 c:/program files (x86)/gnu tools arm embedded/4.8 2014q3/bin/../lib/gcc/arm-none-eabi/4.8.4/armv7e-m\libgcc.a(_divdi3.o)
 .ARM.exidx     0x00000000        0x8 c:/program files (x86)/gnu tools arm embedded/4.8 2014q3/bin/../lib/gcc/arm-none-eabi/4.8.4/armv7e-m\libgcc.a(_divdi3.o)
 .data          0x00000000        0x0 c:/program files (x86)/gnu tools arm embedded/4.8 2014q3/bin/../lib/gcc/arm-none-eabi/4.8.4/armv7e-m\libgcc.a(_udivdi3.o)
 .bss           0x00000000        0x0 c:/program files (x86)/gnu tools arm embedded/4.8 2014q3/bin/../lib/gcc/arm-none-eabi/4.8.4/armv7e-m\libgcc.a(_udivdi3.o)
 .ARM.extab     0x00000000        0x0 c:/program files (x86)/gnu tools arm embedded/4.8 2014q3/bin/../lib/gcc/arm-none-eabi/4.8.4/armv7e-m\libgcc.a(_udivdi3.o)
 .ARM.exidx     0x00000000        0x8 c:/program files (x86)/gnu tools arm embedded/4.8 2014q3/bin/../lib/gcc/arm-none-eabi/4.8.4/armv7e-m\libgcc.a(_udivdi3.o)
 .text          0x00000000        0x0 c:/program files (x86)/gnu tools arm embedded/4.8 2014q3/bin/../lib/gcc/arm-none-eabi/4.8.4/../../../../arm-none-eabi/lib/armv7e-m\libg_s.a(lib_a-memcmp.o)
 .data          0x00000000        0x0 c:/program files (x86)/gnu tools arm embedded/4.8 2014q3/bin/../lib/gcc/arm-none-eabi/4.8.4/../../../../arm-none-eabi/lib/armv7e-m\libg_s.a(lib_a-memcmp.o)
 .bss           0x00000000        0x0 c:/program files (x86)/gnu tools arm embedded/4.8 2014q3/bin/../lib/gcc/arm-none-eabi/4.8.4/../../../../arm-none-eabi/lib/armv7e-m\libg_s.a(lib_a-memcmp.o)
 .text.memcmp   0x00000000       0x1e c:/program files (x86)/gnu tools arm embedded/4.8 2014q3/bin/../lib/gcc/arm-none-eabi/4.8.4/../../../../arm-none-eabi/lib/armv7e-m\libg_s.a(lib_a-memcmp.o)
 .ARM.attributes
                0x00000000       0x2e c:/program files (x86)/gnu tools arm embedded/4.8 2014q3/bin/../lib/gcc/arm-none-eabi/4.8.4/../../../../arm-none-eabi/lib/armv7e-m\libg_s.a(lib_a-memcmp.o)
 .debug_frame   0x00000000       0x2c c:/program files (x86)/gnu tools arm embedded/4.8 2014q3/bin/../lib/gcc/arm-none-eabi/4.8.4/../../../../arm-none-eabi/lib/armv7e-m\libg_s.a(lib_a-memcmp.o)
 .text          0x00000000        0x0 c:/program files (x86)/gnu tools arm embedded/4.8 2014q3/bin/../lib/gcc/arm-none-eabi/4.8.4/../../../../arm-none-eabi/lib/armv7e-m\libg_s.a(lib_a-memcpy-stub.o)
 .data          0x00000000        0x0 c:/program files (x86)/gnu tools arm embedded/4.8 2014q3/bin/../lib/gcc/arm-none-eabi/4.8.4/../../../../arm-none-eabi/lib/armv7e-m\libg_s.a(lib_a-memcpy-stub.o)
 .bss           0x00000000        0x0 c:/program files (x86)/gnu tools arm embedded/4.8 2014q3/bin/../lib/gcc/arm-none-eabi/4.8.4/../../../../arm-none-eabi/lib/armv7e-m\libg_s.a(lib_a-memcpy-stub.o)
 .text          0x00000000        0x0 c:/program files (x86)/gnu tools arm embedded/4.8 2014q3/bin/../lib/gcc/arm-none-eabi/4.8.4/../../../../arm-none-eabi/lib/armv7e-m\libg_s.a(lib_a-memset.o)
 .data          0x00000000        0x0 c:/program files (x86)/gnu tools arm embedded/4.8 2014q3/bin/../lib/gcc/arm-none-eabi/4.8.4/../../../../arm-none-eabi/lib/armv7e-m\libg_s.a(lib_a-memset.o)
 .bss           0x00000000        0x0 c:/program files (x86)/gnu tools arm embedded/4.8 2014q3/bin/../lib/gcc/arm-none-eabi/4.8.4/../../../../arm-none-eabi/lib/armv7e-m\libg_s.a(lib_a-memset.o)
 .text          0x00000000        0x0 c:/program files (x86)/gnu tools arm embedded/4.8 2014q3/bin/../lib/gcc/arm-none-eabi/4.8.4/../../../../arm-none-eabi/lib/armv7e-m\libg_s.a(lib_a-strcat.o)
 .data          0x00000000        0x0 c:/program files (x86)/gnu tools arm embedded/4.8 2014q3/bin/../lib/gcc/arm-none-eabi/4.8.4/../../../../arm-none-eabi/lib/armv7e-m\libg_s.a(lib_a-strcat.o)
 .bss           0x00000000        0x0 c:/program files (x86)/gnu tools arm embedded/4.8 2014q3/bin/../lib/gcc/arm-none-eabi/4.8.4/../../../../arm-none-eabi/lib/armv7e-m\libg_s.a(lib_a-strcat.o)
 .text.strcat   0x00000000       0x1a c:/program files (x86)/gnu tools arm embedded/4.8 2014q3/bin/../lib/gcc/arm-none-eabi/4.8.4/../../../../arm-none-eabi/lib/armv7e-m\libg_s.a(lib_a-strcat.o)
 .ARM.attributes
                0x00000000       0x2e c:/program files (x86)/gnu tools arm embedded/4.8 2014q3/bin/../lib/gcc/arm-none-eabi/4.8.4/../../../../arm-none-eabi/lib/armv7e-m\libg_s.a(lib_a-strcat.o)
 .debug_frame   0x00000000       0x28 c:/program files (x86)/gnu tools arm embedded/4.8 2014q3/bin/../lib/gcc/arm-none-eabi/4.8.4/../../../../arm-none-eabi/lib/armv7e-m\libg_s.a(lib_a-strcat.o)
 .text          0x00000000        0x0 c:/program files (x86)/gnu tools arm embedded/4.8 2014q3/bin/../lib/gcc/arm-none-eabi/4.8.4/../../../../arm-none-eabi/lib/armv7e-m\libg_s.a(lib_a-strcpy.o)
 .data          0x00000000        0x0 c:/program files (x86)/gnu tools arm embedded/4.8 2014q3/bin/../lib/gcc/arm-none-eabi/4.8.4/../../../../arm-none-eabi/lib/armv7e-m\libg_s.a(lib_a-strcpy.o)
 .bss           0x00000000        0x0 c:/program files (x86)/gnu tools arm embedded/4.8 2014q3/bin/../lib/gcc/arm-none-eabi/4.8.4/../../../../arm-none-eabi/lib/armv7e-m\libg_s.a(lib_a-strcpy.o)
 .text.strcpy   0x00000000       0x10 c:/program files (x86)/gnu tools arm embedded/4.8 2014q3/bin/../lib/gcc/arm-none-eabi/4.8.4/../../../../arm-none-eabi/lib/armv7e-m\libg_s.a(lib_a-strcpy.o)
 .ARM.attributes
                0x00000000       0x2e c:/program files (x86)/gnu tools arm embedded/4.8 2014q3/bin/../lib/gcc/arm-none-eabi/4.8.4/../../../../arm-none-eabi/lib/armv7e-m\libg_s.a(lib_a-strcpy.o)
 .debug_frame   0x00000000       0x20 c:/program files (x86)/gnu tools arm embedded/4.8 2014q3/bin/../lib/gcc/arm-none-eabi/4.8.4/../../../../arm-none-eabi/lib/armv7e-m\libg_s.a(lib_a-strcpy.o)
 .text          0x00000000        0x0 c:/program files (x86)/gnu tools arm embedded/4.8 2014q3/bin/../lib/gcc/arm-none-eabi/4.8.4/../../../../arm-none-eabi/lib/armv7e-m\libg_s.a(lib_a-strlen.o)
 .data          0x00000000        0x0 c:/program files (x86)/gnu tools arm embedded/4.8 2014q3/bin/../lib/gcc/arm-none-eabi/4.8.4/../../../../arm-none-eabi/lib/armv7e-m\libg_s.a(lib_a-strlen.o)
 .bss           0x00000000        0x0 c:/program files (x86)/gnu tools arm embedded/4.8 2014q3/bin/../lib/gcc/arm-none-eabi/4.8.4/../../../../arm-none-eabi/lib/armv7e-m\libg_s.a(lib_a-strlen.o)
 .text.strlen   0x00000000       0x10 c:/program files (x86)/gnu tools arm embedded/4.8 2014q3/bin/../lib/gcc/arm-none-eabi/4.8.4/../../../../arm-none-eabi/lib/armv7e-m\libg_s.a(lib_a-strlen.o)
 .ARM.attributes
                0x00000000       0x2e c:/program files (x86)/gnu tools arm embedded/4.8 2014q3/bin/../lib/gcc/arm-none-eabi/4.8.4/../../../../arm-none-eabi/lib/armv7e-m\libg_s.a(lib_a-strlen.o)
 .debug_frame   0x00000000       0x20 c:/program files (x86)/gnu tools arm embedded/4.8 2014q3/bin/../lib/gcc/arm-none-eabi/4.8.4/../../../../arm-none-eabi/lib/armv7e-m\libg_s.a(lib_a-strlen.o)

Memory Configuration

Name             Origin             Length             Attributes
FLASH            0x00040000         0x0000a000         xr
RAM              0x2000b000         0x00003ff8         xrw
INVALID          0xffffffff         0x00000000         xrw
*default*        0x00000000         0xffffffff

Linker script and memory map

LOAD c:/program files (x86)/gnu tools arm embedded/4.8 2014q3/bin/../lib/gcc/arm-none-eabi/4.8.4/armv7e-m\libgcc.a
LOAD c:/program files (x86)/gnu tools arm embedded/4.8 2014q3/bin/../lib/gcc/arm-none-eabi/4.8.4/../../../../arm-none-eabi/lib/armv7e-m\libnosys.a
LOAD build/brd4158a/custom_app/source/custom_app/drivers/efr32xg13/exti.o
LOAD build/brd4158a/custom_app/source/custom_app/drivers/efr32xg13/io.o
LOAD build/brd4158a/custom_app/source/custom_app/meter/utils.o
LOAD build/brd4158a/custom_app/source/custom_app/meter/DLTProtocol.o
LOAD build/brd4158a/custom_app/source/custom_app/meter/uartdlt.o
LOAD build/brd4158a/custom_app/source/custom_app/meter/persistent.o
LOAD build/brd4158a/custom_app/source/custom_app/meter/MeterProtocol.o
LOAD build/brd4158a/custom_app/source/custom_app/meter/MeterPush.o
LOAD build/brd4158a/custom_app/source/custom_app/meter/DCUPush.o
LOAD build/brd4158a/custom_app/source/custom_app/drivers/efr32xg13/led.o
LOAD build/brd4158a/custom_app/util/crc.o
LOAD build/brd4158a/custom_app/util/sl_list.o
LOAD build/brd4158a/custom_app/util/util.o
LOAD build/brd4158a/custom_app/util/api.o
LOAD build/brd4158a/custom_app/mcu/efr32xg13/hal/hfperclk.o
LOAD build/brd4158a/custom_app/mcu/efr32xg13/hal/usart.o
LOAD build/brd4158a/custom_app/mcu/efr32xg13/hal/ds.o
LOAD build/brd4158a/custom_app/mcu/efr32xg13/hal/hal.o
LOAD build/brd4158a/custom_app/source/custom_app/app.o
LOAD build/brd4158a/custom_app/mcu/common/start.o
LOAD build/brd4158a/custom_app/mcu/common/entrypoint.o

.text           0x00040000     0x1c98
                0x00040000                __text_start__ = .
 *(.entrypoint)
 .entrypoint    0x00040000       0x30 build/brd4158a/custom_app/mcu/common/entrypoint.o
 *(.app_header)
 .app_header    0x00040030       0x20 build/brd4158a/custom_app/mcu/common/start.o
                0x00040030                app_header
 *(.text.*)
 .text.Io_init  0x00040050       0x58 build/brd4158a/custom_app/source/custom_app/drivers/efr32xg13/io.o
                0x00040050                Io_init
 .text.ConvertBCD2Hex
                0x000400a8       0x12 build/brd4158a/custom_app/source/custom_app/meter/utils.o
                0x000400a8                ConvertBCD2Hex
 .text.KeypadParseDltRxMsg
                0x000400ba       0x5c build/brd4158a/custom_app/source/custom_app/meter/DLTProtocol.o
                0x000400ba                KeypadParseDltRxMsg
 *fill*         0x00040116        0x2 
 .text.KeypadCheckReadCommAddrssRespMsg
                0x00040118       0x68 build/brd4158a/custom_app/source/custom_app/meter/DLTProtocol.o
                0x00040118                KeypadCheckReadCommAddrssRespMsg
 .text.KeypadCompareDltDI
                0x00040180       0x2c build/brd4158a/custom_app/source/custom_app/meter/DLTProtocol.o
                0x00040180                KeypadCompareDltDI
 .text.DltSendBuffer
                0x000401ac       0x38 build/brd4158a/custom_app/source/custom_app/meter/DLTProtocol.o
                0x000401ac                DltSendBuffer
 .text.KeypadSendReadDltMsg2Meter
                0x000401e4       0xd4 build/brd4158a/custom_app/source/custom_app/meter/DLTProtocol.o
                0x000401e4                KeypadSendReadDltMsg2Meter
 .text.KeypadSendReadCommAddrssMsg
                0x000402b8       0x5c build/brd4158a/custom_app/source/custom_app/meter/DLTProtocol.o
                0x000402b8                KeypadSendReadCommAddrssMsg
 .text.HandleRxFromRF
                0x00040314       0x98 build/brd4158a/custom_app/source/custom_app/meter/DLTProtocol.o
                0x00040314                HandleRxFromRF
 .text.SendDltReadTime
                0x000403ac       0x18 build/brd4158a/custom_app/source/custom_app/meter/DLTProtocol.o
                0x000403ac                SendDltReadTime
 .text.SendDataReadingsReq2meter
                0x000403c4       0x18 build/brd4158a/custom_app/source/custom_app/meter/DLTProtocol.o
                0x000403c4                SendDataReadingsReq2meter
 .text.GetDataReadingsACK
                0x000403dc        0xc build/brd4158a/custom_app/source/custom_app/meter/DLTProtocol.o
                0x000403dc                GetDataReadingsACK
 .text.GetTimeFromMeter
                0x000403e8        0xc build/brd4158a/custom_app/source/custom_app/meter/DLTProtocol.o
                0x000403e8                GetTimeFromMeter
 .text.ClrHour  0x000403f4        0xc build/brd4158a/custom_app/source/custom_app/meter/DLTProtocol.o
                0x000403f4                ClrHour
 .text.ClrDataReadingsACK
                0x00040400        0xc build/brd4158a/custom_app/source/custom_app/meter/DLTProtocol.o
                0x00040400                ClrDataReadingsACK
 .text.KeypadCheckReadTimeRespMsg
                0x0004040c       0x20 build/brd4158a/custom_app/source/custom_app/meter/DLTProtocol.o
                0x0004040c                KeypadCheckReadTimeRespMsg
 .text.HandleRxFromUART0
                0x0004042c       0x64 build/brd4158a/custom_app/source/custom_app/meter/DLTProtocol.o
                0x0004042c                HandleRxFromUART0
 .text.USART_RX_IRQHandler
                0x00040490       0x30 build/brd4158a/custom_app/source/custom_app/meter/uartdlt.o
                0x00040490                USART_RX_IRQHandler
 .text.USART1_RX_IRQHandler
                0x000404c0       0x30 build/brd4158a/custom_app/source/custom_app/meter/uartdlt.o
                0x000404c0                USART1_RX_IRQHandler
 .text.custom_uart_receive
                0x000404f0       0x38 build/brd4158a/custom_app/source/custom_app/meter/uartdlt.o
                0x000404f0                custom_uart_receive
 .text.ST_uart_receive
                0x00040528       0x38 build/brd4158a/custom_app/source/custom_app/meter/uartdlt.o
                0x00040528                ST_uart_receive
 .text.Usart_init
                0x00040560      0x214 build/brd4158a/custom_app/source/custom_app/meter/uartdlt.o
                0x00040560                Usart_init
 .text.Usart_setEnabled
                0x00040774       0x88 build/brd4158a/custom_app/source/custom_app/meter/uartdlt.o
                0x00040774                Usart_setEnabled
 .text.USART_TX_IRQHandler
                0x000407fc       0x64 build/brd4158a/custom_app/source/custom_app/meter/uartdlt.o
                0x000407fc                USART_TX_IRQHandler
 .text.Usart1_setEnabled
                0x00040860       0x88 build/brd4158a/custom_app/source/custom_app/meter/uartdlt.o
                0x00040860                Usart1_setEnabled
 .text.USART1_TX_IRQHandler
                0x000408e8       0x64 build/brd4158a/custom_app/source/custom_app/meter/uartdlt.o
                0x000408e8                USART1_TX_IRQHandler
 .text.Usart_receiverOn
                0x0004094c        0xe build/brd4158a/custom_app/source/custom_app/meter/uartdlt.o
                0x0004094c                Usart_receiverOn
 *fill*         0x0004095a        0x2 
 .text.Usart_sendBuffer
                0x0004095c       0x98 build/brd4158a/custom_app/source/custom_app/meter/uartdlt.o
                0x0004095c                Usart_sendBuffer
 .text.Usart1_sendBuffer
                0x000409f4       0x98 build/brd4158a/custom_app/source/custom_app/meter/uartdlt.o
                0x000409f4                Usart1_sendBuffer
 .text.Usart_enableReceiver
                0x00040a8c       0xa0 build/brd4158a/custom_app/source/custom_app/meter/uartdlt.o
                0x00040a8c                Usart_enableReceiver
 .text.Usart1_enableReceiver
                0x00040b2c       0xa0 build/brd4158a/custom_app/source/custom_app/meter/uartdlt.o
                0x00040b2c                Usart1_enableReceiver
 .text.DltRxParamInit
                0x00040bcc       0x24 build/brd4158a/custom_app/source/custom_app/meter/uartdlt.o
                0x00040bcc                DltRxParamInit
 .text.ST_RxParamInit
                0x00040bf0       0x24 build/brd4158a/custom_app/source/custom_app/meter/uartdlt.o
                0x00040bf0                ST_RxParamInit
 .text.custom_uart_init
                0x00040c14       0x68 build/brd4158a/custom_app/source/custom_app/meter/uartdlt.o
                0x00040c14                custom_uart_init
 .text.WPSendMsg
                0x00040c7c       0x40 build/brd4158a/custom_app/source/custom_app/meter/MeterProtocol.o
                0x00040c7c                WPSendMsg
 .text.GetPushTest
                0x00040cbc       0x10 build/brd4158a/custom_app/source/custom_app/meter/MeterPush.o
                0x00040cbc                GetPushTest
 .text.StartPushInit
                0x00040ccc       0x3c build/brd4158a/custom_app/source/custom_app/meter/MeterPush.o
                0x00040ccc                StartPushInit
 .text.SendHourReq
                0x00040d08       0x2c build/brd4158a/custom_app/source/custom_app/meter/MeterPush.o
                0x00040d08                SendHourReq
 .text.SearchNotAckedHours
                0x00040d34       0x28 build/brd4158a/custom_app/source/custom_app/meter/MeterPush.o
                0x00040d34                SearchNotAckedHours
 .text.PushTask
                0x00040d5c      0x13c build/brd4158a/custom_app/source/custom_app/meter/MeterPush.o
                0x00040d5c                PushTask
 .text.set_led.part.0
                0x00040e98       0x3c build/brd4158a/custom_app/source/custom_app/drivers/efr32xg13/led.o
 .text.configure_led
                0x00040ed4       0x54 build/brd4158a/custom_app/source/custom_app/drivers/efr32xg13/led.o
                0x00040ed4                configure_led
 .text.set_led  0x00040f28        0xa build/brd4158a/custom_app/source/custom_app/drivers/efr32xg13/led.o
                0x00040f28                set_led
 *fill*         0x00040f32        0x2 
 .text.blink_func
                0x00040f34       0x34 build/brd4158a/custom_app/source/custom_app/drivers/efr32xg13/led.o
                0x00040f34                blink_func
 .text.API_Open
                0x00040f68      0x190 build/brd4158a/custom_app/util/api.o
                0x00040f68                API_Open
 .text.getHFPERCLK
                0x000410f8       0x1c build/brd4158a/custom_app/mcu/efr32xg13/hal/hfperclk.o
                0x000410f8                getHFPERCLK
 .text.enableHFPERCLK
                0x00041114       0x48 build/brd4158a/custom_app/mcu/efr32xg13/hal/hfperclk.o
                0x00041114                enableHFPERCLK
 .text.DS_Init  0x0004115c        0xc build/brd4158a/custom_app/mcu/efr32xg13/hal/ds.o
                0x0004115c                DS_Init
 .text.DS_Enable
                0x00041168       0x38 build/brd4158a/custom_app/mcu/efr32xg13/hal/ds.o
                0x00041168                DS_Enable
 .text.DS_Disable
                0x000411a0       0x34 build/brd4158a/custom_app/mcu/efr32xg13/hal/ds.o
                0x000411a0                DS_Disable
 .text.HAL_Open
                0x000411d4       0x18 build/brd4158a/custom_app/mcu/efr32xg13/hal/hal.o
                0x000411d4                HAL_Open
 .text.dataReceivedCb
                0x000411ec       0x40 build/brd4158a/custom_app/source/custom_app/app.o
                0x000411ec                dataReceivedCb
 .text.setOnBeaconCb
                0x0004122c       0x30 build/brd4158a/custom_app/source/custom_app/app.o
 .text.Meter_Init
                0x0004125c        0x6 build/brd4158a/custom_app/source/custom_app/app.o
                0x0004125c                Meter_Init
 *fill*         0x00041262        0x2 
 .text.HandleRxFromUart
                0x00041264       0xc0 build/brd4158a/custom_app/source/custom_app/app.o
                0x00041264                HandleRxFromUart
 .text.meter_task
                0x00041324       0x2c build/brd4158a/custom_app/source/custom_app/app.o
                0x00041324                meter_task
 .text.DltGeTnbors
                0x00041350       0x2c build/brd4158a/custom_app/source/custom_app/app.o
                0x00041350                DltGeTnbors
 .text.meter_stack_init
                0x0004137c       0xf8 build/brd4158a/custom_app/source/custom_app/app.o
                0x0004137c                meter_stack_init
 .text.App_init
                0x00041474       0x98 build/brd4158a/custom_app/source/custom_app/app.o
                0x00041474                App_init
 .text._start   0x0004150c       0x6c build/brd4158a/custom_app/mcu/common/start.o
                0x0004150c                _start
 .text.memcpy   0x00041578       0x12 c:/program files (x86)/gnu tools arm embedded/4.8 2014q3/bin/../lib/gcc/arm-none-eabi/4.8.4/../../../../arm-none-eabi/lib/armv7e-m\libg_s.a(lib_a-memcpy-stub.o)
                0x00041578                memcpy
 .text.memset   0x0004158a       0x10 c:/program files (x86)/gnu tools arm embedded/4.8 2014q3/bin/../lib/gcc/arm-none-eabi/4.8.4/../../../../arm-none-eabi/lib/armv7e-m\libg_s.a(lib_a-memset.o)
                0x0004158a                memset
 *(.text)
 *fill*         0x0004159a        0x2 
 .text          0x0004159c       0x38 c:/program files (x86)/gnu tools arm embedded/4.8 2014q3/bin/../lib/gcc/arm-none-eabi/4.8.4/armv7e-m\libgcc.a(_aeabi_ldivmod.o)
                0x0004159c                __aeabi_ldivmod
 .text          0x000415d4       0x60 c:/program files (x86)/gnu tools arm embedded/4.8 2014q3/bin/../lib/gcc/arm-none-eabi/4.8.4/armv7e-m\libgcc.a(bpabi.o)
                0x000415d4                __gnu_ldivmod_helper
                0x00041604                __gnu_uldivmod_helper
 .text          0x00041634        0x4 c:/program files (x86)/gnu tools arm embedded/4.8 2014q3/bin/../lib/gcc/arm-none-eabi/4.8.4/armv7e-m\libgcc.a(_dvmd_tls.o)
                0x00041634                __aeabi_idiv0
                0x00041634                __aeabi_ldiv0
 .text          0x00041638      0x298 c:/program files (x86)/gnu tools arm embedded/4.8 2014q3/bin/../lib/gcc/arm-none-eabi/4.8.4/armv7e-m\libgcc.a(_divdi3.o)
                0x00041638                __divdi3
 .text          0x000418d0      0x284 c:/program files (x86)/gnu tools arm embedded/4.8 2014q3/bin/../lib/gcc/arm-none-eabi/4.8.4/armv7e-m\libgcc.a(_udivdi3.o)
                0x000418d0                __udivdi3
 *(.glue_7)
 .glue_7        0x00000000        0x0 linker stubs
 *(.glue_7t)
 .glue_7t       0x00000000        0x0 linker stubs
 *(.vfp11_veneer)
 .vfp11_veneer  0x00000000        0x0 linker stubs
 *(.v4_bx)
 .v4_bx         0x00000000        0x0 linker stubs
 *(.rodata.*)
 .rodata.DLTID  0x00041b54       0xf4 build/brd4158a/custom_app/source/custom_app/meter/DLTProtocol.o
                0x00041b54                DLTID
 .rodata.pin_map
                0x00041c48       0x10 build/brd4158a/custom_app/source/custom_app/drivers/efr32xg13/led.o
 .rodata.str1.1
                0x00041c58       0x39 build/brd4158a/custom_app/source/custom_app/app.o
 *(.rodata)
 *(.rodata1)
                0x00041c98                . = ALIGN (0x8)
 *fill*         0x00041c91        0x7 
                0x00041c98                __text_end__ = .
                0x00041c98                __data_src_start__ = .

.data           0x2000b000        0x8 load address 0x00041c98
                0x2000b000                __data_start__ = .
 *(.ramtext)
 *(.data.*)
 .data.Hour     0x2000b000        0x1 build/brd4158a/custom_app/source/custom_app/meter/DLTProtocol.o
 .data.currenthour
                0x2000b001        0x1 build/brd4158a/custom_app/source/custom_app/meter/MeterPush.o
 .data.hourinprocess
                0x2000b002        0x1 build/brd4158a/custom_app/source/custom_app/meter/MeterPush.o
 *fill*         0x2000b003        0x1 
 .data.m_used_app_ram_end
                0x2000b004        0x4 build/brd4158a/custom_app/mcu/common/start.o
                0x2000b004                m_used_app_ram_end
 *(.data)
 *(.data1)
                0x2000b008                . = ALIGN (0x8)
                0x2000b008                __data_end__ = .
                0x00041ca0                __rom_end__ = (__data_src_start__ + SIZEOF (.data))
                0x00001ca0                __total_size_bytes__ = (__rom_end__ - __text_start__)

.bss            0x2000b008      0x8c0 load address 0x00041ca0
                0x2000b008                __bss_start__ = .
 *(.bss.*)
 .bss.Ackdcu    0x2000b008        0x1 build/brd4158a/custom_app/source/custom_app/meter/DLTProtocol.o
 *fill*         0x2000b009        0x3 
 .bss.ST_m_rx_callback
                0x2000b00c        0x4 build/brd4158a/custom_app/source/custom_app/meter/uartdlt.o
 .bss.m_enabled
                0x2000b010        0x4 build/brd4158a/custom_app/source/custom_app/meter/uartdlt.o
 .bss.ST_m_enabled
                0x2000b014        0x4 build/brd4158a/custom_app/source/custom_app/meter/uartdlt.o
 .bss.m_rx_callback
                0x2000b018        0x4 build/brd4158a/custom_app/source/custom_app/meter/uartdlt.o
 .bss.ST_m_tx_active
                0x2000b01c        0x1 build/brd4158a/custom_app/source/custom_app/meter/uartdlt.o
 .bss.m_tx_active
                0x2000b01d        0x1 build/brd4158a/custom_app/source/custom_app/meter/uartdlt.o
 .bss.m_usart_tx_buffer
                0x2000b01e      0x204 build/brd4158a/custom_app/source/custom_app/meter/uartdlt.o
 .bss.ST_m_usart_tx_buffer
                0x2000b222      0x204 build/brd4158a/custom_app/source/custom_app/meter/uartdlt.o
 .bss.MeterReqRetry
                0x2000b426        0x1 build/brd4158a/custom_app/source/custom_app/meter/MeterPush.o
 .bss.tmpbuf    0x2000b427        0x2 build/brd4158a/custom_app/source/custom_app/meter/MeterPush.o
 *fill*         0x2000b429        0x3 
 .bss.SendPeriodicCntr
                0x2000b42c        0x4 build/brd4158a/custom_app/source/custom_app/meter/MeterPush.o
 .bss.dayly_hours_acked
                0x2000b430       0x18 build/brd4158a/custom_app/source/custom_app/meter/MeterPush.o
 .bss.DataReadingsState
                0x2000b448        0x1 build/brd4158a/custom_app/source/custom_app/meter/MeterPush.o
 *fill*         0x2000b449        0x3 
 .bss.lib_otap  0x2000b44c        0x4 build/brd4158a/custom_app/util/api.o
                0x2000b44c                lib_otap
 .bss.lib_hw    0x2000b450        0x4 build/brd4158a/custom_app/util/api.o
                0x2000b450                lib_hw
 .bss.lib_beacon_rx
                0x2000b454        0x4 build/brd4158a/custom_app/util/api.o
                0x2000b454                lib_beacon_rx
 .bss.lib_memory_area
                0x2000b458        0x4 build/brd4158a/custom_app/util/api.o
                0x2000b458                lib_memory_area
 .bss.global_func
                0x2000b45c        0x4 build/brd4158a/custom_app/util/api.o
                0x2000b45c                global_func
 .bss.lib_sleep
                0x2000b460        0x4 build/brd4158a/custom_app/util/api.o
                0x2000b460                lib_sleep
 .bss.lib_settings
                0x2000b464        0x4 build/brd4158a/custom_app/util/api.o
                0x2000b464                lib_settings
 .bss.lib_system
                0x2000b468        0x4 build/brd4158a/custom_app/util/api.o
                0x2000b468                lib_system
 .bss.lib_state
                0x2000b46c        0x4 build/brd4158a/custom_app/util/api.o
                0x2000b46c                lib_state
 .bss.lib_beacon_tx
                0x2000b470        0x4 build/brd4158a/custom_app/util/api.o
                0x2000b470                lib_beacon_tx
 .bss.lib_time  0x2000b474        0x4 build/brd4158a/custom_app/util/api.o
                0x2000b474                lib_time
 .bss.lib_data  0x2000b478        0x4 build/brd4158a/custom_app/util/api.o
                0x2000b478                lib_data
 .bss.lib_storage
                0x2000b47c        0x4 build/brd4158a/custom_app/util/api.o
                0x2000b47c                lib_storage
 .bss.m_sleep_mask
                0x2000b480        0x4 build/brd4158a/custom_app/mcu/efr32xg13/hal/ds.o
 .bss.m_opened  0x2000b484        0x1 build/brd4158a/custom_app/mcu/efr32xg13/hal/hal.o
 *fill*         0x2000b485        0x3 
 .bss.pushtime  0x2000b488        0x4 build/brd4158a/custom_app/source/custom_app/app.o
 .bss.PushdebugInprogress
                0x2000b48c        0x1 build/brd4158a/custom_app/source/custom_app/app.o
                0x2000b48c                PushdebugInprogress
 *(.bss)
 *(COMMON)
 *fill*         0x2000b48d        0x3 
 COMMON         0x2000b490      0x118 build/brd4158a/custom_app/source/custom_app/meter/DLTProtocol.o
                0x2000b490                TmpTxBuf
                0x2000b58f                led_state
                0x2000b590                ReconfigureNode
                0x2000b591                EMConfigMacADDR0
                0x2000b598                DltRxTimeout
                0x2000b59c                TmpTxsizeBuf
                0x2000b5a0                DisplayState
                0x2000b5a4                ST_RxTimeout
 COMMON         0x2000b5a8      0x214 build/brd4158a/custom_app/source/custom_app/meter/uartdlt.o
                0x2000b5a8                ST_m_escaped
                0x2000b5ac                ST_m_timeout
                0x2000b5b0                rx_buffer
                0x2000b6b0                ST_rx_buffer_idx
                0x2000b6b4                ST_rx_buffer
                0x2000b7b3                m_escaped
                0x2000b7b4                m_timeout
                0x2000b7b8                rx_buffer_idx
 *fill*         0x2000b7bc        0x4 
 COMMON         0x2000b7c0      0x108 build/brd4158a/custom_app/source/custom_app/app.o
                0x2000b7c0                ExtendedAddress
                0x2000b7c8                bufout
                0x2000b8c8                . = ALIGN (0x8)
                0x2000b8c8                __bss_end__ = .
                0x2000eff8                __ram_end__ = (ORIGIN (RAM) + 0x3ff8)

.invalid        0x00000000        0x0
 *(.init)
 *(.fini)
 *(.preinit_array)
 *(.init_array)
 *(.fini_array)
 *(.ctors)
 *(.dtors)
 *(.jcr)
 *(.eh_frame)
 *(.eh_frame_hdr)
 *(.heap*)
 *(.tbss)
 *(.tdata)
 *(.tdata1)
 *(.got)
 *(.got.plt)
 *(.igot.plt)
 .igot.plt      0x00000000        0x0 build/brd4158a/custom_app/source/custom_app/drivers/efr32xg13/exti.o
 *(.iplt)
 .iplt          0x00000000        0x0 build/brd4158a/custom_app/source/custom_app/drivers/efr32xg13/exti.o
 *(.rel.dyn)
 *(.rel.iplt)
 .rel.iplt      0x00000000        0x0 build/brd4158a/custom_app/source/custom_app/drivers/efr32xg13/exti.o

/DISCARD/
 *(.ARM.extab)
 *(.ARM.exidx)
START GROUP
LOAD c:/program files (x86)/gnu tools arm embedded/4.8 2014q3/bin/../lib/gcc/arm-none-eabi/4.8.4/armv7e-m\libgcc.a
LOAD c:/program files (x86)/gnu tools arm embedded/4.8 2014q3/bin/../lib/gcc/arm-none-eabi/4.8.4/../../../../arm-none-eabi/lib/armv7e-m\libg_s.a
LOAD c:/program files (x86)/gnu tools arm embedded/4.8 2014q3/bin/../lib/gcc/arm-none-eabi/4.8.4/../../../../arm-none-eabi/lib/armv7e-m\libc_s.a
END GROUP
START GROUP
LOAD c:/program files (x86)/gnu tools arm embedded/4.8 2014q3/bin/../lib/gcc/arm-none-eabi/4.8.4/armv7e-m\libgcc.a
LOAD c:/program files (x86)/gnu tools arm embedded/4.8 2014q3/bin/../lib/gcc/arm-none-eabi/4.8.4/../../../../arm-none-eabi/lib/armv7e-m\libc_s.a
END GROUP
OUTPUT(build/brd4158a/custom_app/custom_app.elf elf32-littlearm)

.debug_info     0x00000000     0xa07a
 .debug_info    0x00000000      0x95e build/brd4158a/custom_app/source/custom_app/drivers/efr32xg13/io.o
 .debug_info    0x0000095e      0x36d build/brd4158a/custom_app/source/custom_app/meter/utils.o
 .debug_info    0x00000ccb     0x10fb build/brd4158a/custom_app/source/custom_app/meter/DLTProtocol.o
 .debug_info    0x00001dc6     0x1e3a build/brd4158a/custom_app/source/custom_app/meter/uartdlt.o
 .debug_info    0x00003c00      0x987 build/brd4158a/custom_app/source/custom_app/meter/MeterProtocol.o
 .debug_info    0x00004587      0x575 build/brd4158a/custom_app/source/custom_app/meter/MeterPush.o
 .debug_info    0x00004afc      0x6f9 build/brd4158a/custom_app/source/custom_app/drivers/efr32xg13/led.o
 .debug_info    0x000051f5     0x22ae build/brd4158a/custom_app/util/api.o
 .debug_info    0x000074a3      0x6a9 build/brd4158a/custom_app/mcu/efr32xg13/hal/hfperclk.o
 .debug_info    0x00007b4c      0x402 build/brd4158a/custom_app/mcu/efr32xg13/hal/ds.o
 .debug_info    0x00007f4e       0xdc build/brd4158a/custom_app/mcu/efr32xg13/hal/hal.o
 .debug_info    0x0000802a     0x1bd3 build/brd4158a/custom_app/source/custom_app/app.o
 .debug_info    0x00009bfd      0x3c1 build/brd4158a/custom_app/mcu/common/start.o
 .debug_info    0x00009fbe       0xbc build/brd4158a/custom_app/mcu/common/entrypoint.o

.debug_abbrev   0x00000000     0x19bf
 .debug_abbrev  0x00000000      0x142 build/brd4158a/custom_app/source/custom_app/drivers/efr32xg13/io.o
 .debug_abbrev  0x00000142      0x16b build/brd4158a/custom_app/source/custom_app/meter/utils.o
 .debug_abbrev  0x000002ad      0x2c4 build/brd4158a/custom_app/source/custom_app/meter/DLTProtocol.o
 .debug_abbrev  0x00000571      0x436 build/brd4158a/custom_app/source/custom_app/meter/uartdlt.o
 .debug_abbrev  0x000009a7      0x1c7 build/brd4158a/custom_app/source/custom_app/meter/MeterProtocol.o
 .debug_abbrev  0x00000b6e      0x257 build/brd4158a/custom_app/source/custom_app/meter/MeterPush.o
 .debug_abbrev  0x00000dc5      0x234 build/brd4158a/custom_app/source/custom_app/drivers/efr32xg13/led.o
 .debug_abbrev  0x00000ff9      0x17a build/brd4158a/custom_app/util/api.o
 .debug_abbrev  0x00001173      0x10a build/brd4158a/custom_app/mcu/efr32xg13/hal/hfperclk.o
 .debug_abbrev  0x0000127d      0x152 build/brd4158a/custom_app/mcu/efr32xg13/hal/ds.o
 .debug_abbrev  0x000013cf       0x96 build/brd4158a/custom_app/mcu/efr32xg13/hal/hal.o
 .debug_abbrev  0x00001465      0x39f build/brd4158a/custom_app/source/custom_app/app.o
 .debug_abbrev  0x00001804      0x1a7 build/brd4158a/custom_app/mcu/common/start.o
 .debug_abbrev  0x000019ab       0x14 build/brd4158a/custom_app/mcu/common/entrypoint.o

.debug_aranges  0x00000000      0x3d8
 .debug_aranges
                0x00000000       0x40 build/brd4158a/custom_app/source/custom_app/drivers/efr32xg13/io.o
 .debug_aranges
                0x00000040       0x58 build/brd4158a/custom_app/source/custom_app/meter/utils.o
 .debug_aranges
                0x00000098       0xb0 build/brd4158a/custom_app/source/custom_app/meter/DLTProtocol.o
 .debug_aranges
                0x00000148       0xb8 build/brd4158a/custom_app/source/custom_app/meter/uartdlt.o
 .debug_aranges
                0x00000200       0x28 build/brd4158a/custom_app/source/custom_app/meter/MeterProtocol.o
 .debug_aranges
                0x00000228       0x40 build/brd4158a/custom_app/source/custom_app/meter/MeterPush.o
 .debug_aranges
                0x00000268       0x40 build/brd4158a/custom_app/source/custom_app/drivers/efr32xg13/led.o
 .debug_aranges
                0x000002a8       0x20 build/brd4158a/custom_app/util/api.o
 .debug_aranges
                0x000002c8       0x28 build/brd4158a/custom_app/mcu/efr32xg13/hal/hfperclk.o
 .debug_aranges
                0x000002f0       0x30 build/brd4158a/custom_app/mcu/efr32xg13/hal/ds.o
 .debug_aranges
                0x00000320       0x20 build/brd4158a/custom_app/mcu/efr32xg13/hal/hal.o
 .debug_aranges
                0x00000340       0x58 build/brd4158a/custom_app/source/custom_app/app.o
 .debug_aranges
                0x00000398       0x20 build/brd4158a/custom_app/mcu/common/start.o
 .debug_aranges
                0x000003b8       0x20 build/brd4158a/custom_app/mcu/common/entrypoint.o

.debug_ranges   0x00000000      0x490
 .debug_ranges  0x00000000       0x30 build/brd4158a/custom_app/source/custom_app/drivers/efr32xg13/io.o
 .debug_ranges  0x00000030       0x48 build/brd4158a/custom_app/source/custom_app/meter/utils.o
 .debug_ranges  0x00000078       0xc0 build/brd4158a/custom_app/source/custom_app/meter/DLTProtocol.o
 .debug_ranges  0x00000138      0x168 build/brd4158a/custom_app/source/custom_app/meter/uartdlt.o
 .debug_ranges  0x000002a0       0x18 build/brd4158a/custom_app/source/custom_app/meter/MeterProtocol.o
 .debug_ranges  0x000002b8       0x48 build/brd4158a/custom_app/source/custom_app/meter/MeterPush.o
 .debug_ranges  0x00000300       0x98 build/brd4158a/custom_app/source/custom_app/drivers/efr32xg13/led.o
 .debug_ranges  0x00000398       0x10 build/brd4158a/custom_app/util/api.o
 .debug_ranges  0x000003a8       0x18 build/brd4158a/custom_app/mcu/efr32xg13/hal/hfperclk.o
 .debug_ranges  0x000003c0       0x20 build/brd4158a/custom_app/mcu/efr32xg13/hal/ds.o
 .debug_ranges  0x000003e0       0x10 build/brd4158a/custom_app/mcu/efr32xg13/hal/hal.o
 .debug_ranges  0x000003f0       0x78 build/brd4158a/custom_app/source/custom_app/app.o
 .debug_ranges  0x00000468       0x28 build/brd4158a/custom_app/mcu/common/start.o

.debug_line     0x00000000     0x2523
 .debug_line    0x00000000      0x21c build/brd4158a/custom_app/source/custom_app/drivers/efr32xg13/io.o
 .debug_line    0x0000021c      0x27f build/brd4158a/custom_app/source/custom_app/meter/utils.o
 .debug_line    0x0000049b      0x55b build/brd4158a/custom_app/source/custom_app/meter/DLTProtocol.o
 .debug_line    0x000009f6      0x771 build/brd4158a/custom_app/source/custom_app/meter/uartdlt.o
 .debug_line    0x00001167      0x226 build/brd4158a/custom_app/source/custom_app/meter/MeterProtocol.o
 .debug_line    0x0000138d      0x22b build/brd4158a/custom_app/source/custom_app/meter/MeterPush.o
 .debug_line    0x000015b8      0x226 build/brd4158a/custom_app/source/custom_app/drivers/efr32xg13/led.o
 .debug_line    0x000017de      0x24f build/brd4158a/custom_app/util/api.o
 .debug_line    0x00001a2d      0x19a build/brd4158a/custom_app/mcu/efr32xg13/hal/hfperclk.o
 .debug_line    0x00001bc7      0x212 build/brd4158a/custom_app/mcu/efr32xg13/hal/ds.o
 .debug_line    0x00001dd9      0x147 build/brd4158a/custom_app/mcu/efr32xg13/hal/hal.o
 .debug_line    0x00001f20      0x412 build/brd4158a/custom_app/source/custom_app/app.o
 .debug_line    0x00002332      0x1a7 build/brd4158a/custom_app/mcu/common/start.o
 .debug_line    0x000024d9       0x4a build/brd4158a/custom_app/mcu/common/entrypoint.o

.debug_str      0x00000000     0x4ad1
 .debug_str     0x00000000      0x696 build/brd4158a/custom_app/source/custom_app/drivers/efr32xg13/io.o
                                0x6fb (size before relaxing)
 .debug_str     0x00000696       0xeb build/brd4158a/custom_app/source/custom_app/meter/utils.o
                                0x2dd (size before relaxing)
 .debug_str     0x00000781      0xbc2 build/brd4158a/custom_app/source/custom_app/meter/DLTProtocol.o
                                0xe61 (size before relaxing)
 .debug_str     0x00001343      0x923 build/brd4158a/custom_app/source/custom_app/meter/uartdlt.o
                               0x1176 (size before relaxing)
 .debug_str     0x00001c66      0x934 build/brd4158a/custom_app/source/custom_app/meter/MeterProtocol.o
                                0xcb9 (size before relaxing)
 .debug_str     0x0000259a      0x134 build/brd4158a/custom_app/source/custom_app/meter/MeterPush.o
                                0x4a9 (size before relaxing)
 .debug_str     0x000026ce       0x96 build/brd4158a/custom_app/source/custom_app/drivers/efr32xg13/led.o
                                0x3f4 (size before relaxing)
 .debug_str     0x00002764     0x2008 build/brd4158a/custom_app/util/api.o
                               0x2ecf (size before relaxing)
 .debug_str     0x0000476c       0x24 build/brd4158a/custom_app/mcu/efr32xg13/hal/hfperclk.o
                                0x5ad (size before relaxing)
 .debug_str     0x00004790       0x2c build/brd4158a/custom_app/mcu/efr32xg13/hal/ds.o
                                0x640 (size before relaxing)
 .debug_str     0x000047bc       0x2a build/brd4158a/custom_app/mcu/efr32xg13/hal/hal.o
                                0x1fa (size before relaxing)
 .debug_str     0x000047e6      0x1a8 build/brd4158a/custom_app/source/custom_app/app.o
                               0x1e33 (size before relaxing)
 .debug_str     0x0000498e      0x143 build/brd4158a/custom_app/mcu/common/start.o
                                0x40c (size before relaxing)

.comment        0x00000000       0x70
 .comment       0x00000000       0x70 build/brd4158a/custom_app/source/custom_app/drivers/efr32xg13/io.o
                                 0x71 (size before relaxing)
 .comment       0x00000000       0x71 build/brd4158a/custom_app/source/custom_app/meter/utils.o
 .comment       0x00000000       0x71 build/brd4158a/custom_app/source/custom_app/meter/DLTProtocol.o
 .comment       0x00000000       0x71 build/brd4158a/custom_app/source/custom_app/meter/uartdlt.o
 .comment       0x00000000       0x71 build/brd4158a/custom_app/source/custom_app/meter/MeterProtocol.o
 .comment       0x00000000       0x71 build/brd4158a/custom_app/source/custom_app/meter/MeterPush.o
 .comment       0x00000000       0x71 build/brd4158a/custom_app/source/custom_app/drivers/efr32xg13/led.o
 .comment       0x00000000       0x71 build/brd4158a/custom_app/util/api.o
 .comment       0x00000000       0x71 build/brd4158a/custom_app/mcu/efr32xg13/hal/hfperclk.o
 .comment       0x00000000       0x71 build/brd4158a/custom_app/mcu/efr32xg13/hal/ds.o
 .comment       0x00000000       0x71 build/brd4158a/custom_app/mcu/efr32xg13/hal/hal.o
 .comment       0x00000000       0x71 build/brd4158a/custom_app/source/custom_app/app.o
 .comment       0x00000000       0x71 build/brd4158a/custom_app/mcu/common/start.o

.ARM.attributes
                0x00000000       0x2c
 .ARM.attributes
                0x00000000       0x2e build/brd4158a/custom_app/source/custom_app/drivers/efr32xg13/io.o
 .ARM.attributes
                0x0000002e       0x2e build/brd4158a/custom_app/source/custom_app/meter/utils.o
 .ARM.attributes
                0x0000005c       0x2e build/brd4158a/custom_app/source/custom_app/meter/DLTProtocol.o
 .ARM.attributes
                0x0000008a       0x2e build/brd4158a/custom_app/source/custom_app/meter/uartdlt.o
 .ARM.attributes
                0x000000b8       0x2e build/brd4158a/custom_app/source/custom_app/meter/MeterProtocol.o
 .ARM.attributes
                0x000000e6       0x2e build/brd4158a/custom_app/source/custom_app/meter/MeterPush.o
 .ARM.attributes
                0x00000114       0x2e build/brd4158a/custom_app/source/custom_app/drivers/efr32xg13/led.o
 .ARM.attributes
                0x00000142       0x2e build/brd4158a/custom_app/util/api.o
 .ARM.attributes
                0x00000170       0x2e build/brd4158a/custom_app/mcu/efr32xg13/hal/hfperclk.o
 .ARM.attributes
                0x0000019e       0x2e build/brd4158a/custom_app/mcu/efr32xg13/hal/ds.o
 .ARM.attributes
                0x000001cc       0x2e build/brd4158a/custom_app/mcu/efr32xg13/hal/hal.o
 .ARM.attributes
                0x000001fa       0x2e build/brd4158a/custom_app/source/custom_app/app.o
 .ARM.attributes
                0x00000228       0x2e build/brd4158a/custom_app/mcu/common/start.o
 .ARM.attributes
                0x00000256       0x1b build/brd4158a/custom_app/mcu/common/entrypoint.o
 .ARM.attributes
                0x00000271       0x1e c:/program files (x86)/gnu tools arm embedded/4.8 2014q3/bin/../lib/gcc/arm-none-eabi/4.8.4/armv7e-m\libgcc.a(_aeabi_ldivmod.o)
 .ARM.attributes
                0x0000028f       0x2e c:/program files (x86)/gnu tools arm embedded/4.8 2014q3/bin/../lib/gcc/arm-none-eabi/4.8.4/armv7e-m\libgcc.a(bpabi.o)
 .ARM.attributes
                0x000002bd       0x1e c:/program files (x86)/gnu tools arm embedded/4.8 2014q3/bin/../lib/gcc/arm-none-eabi/4.8.4/armv7e-m\libgcc.a(_dvmd_tls.o)
 .ARM.attributes
                0x000002db       0x2e c:/program files (x86)/gnu tools arm embedded/4.8 2014q3/bin/../lib/gcc/arm-none-eabi/4.8.4/armv7e-m\libgcc.a(_divdi3.o)
 .ARM.attributes
                0x00000309       0x2e c:/program files (x86)/gnu tools arm embedded/4.8 2014q3/bin/../lib/gcc/arm-none-eabi/4.8.4/armv7e-m\libgcc.a(_udivdi3.o)
 .ARM.attributes
                0x00000337       0x2e c:/program files (x86)/gnu tools arm embedded/4.8 2014q3/bin/../lib/gcc/arm-none-eabi/4.8.4/../../../../arm-none-eabi/lib/armv7e-m\libg_s.a(lib_a-memcpy-stub.o)
 .ARM.attributes
                0x00000365       0x2e c:/program files (x86)/gnu tools arm embedded/4.8 2014q3/bin/../lib/gcc/arm-none-eabi/4.8.4/../../../../arm-none-eabi/lib/armv7e-m\libg_s.a(lib_a-memset.o)

.debug_frame    0x00000000      0x968
 .debug_frame   0x00000000       0x60 build/brd4158a/custom_app/source/custom_app/drivers/efr32xg13/io.o
 .debug_frame   0x00000060       0xc8 build/brd4158a/custom_app/source/custom_app/meter/utils.o
 .debug_frame   0x00000128      0x20c build/brd4158a/custom_app/source/custom_app/meter/DLTProtocol.o
 .debug_frame   0x00000334      0x1f8 build/brd4158a/custom_app/source/custom_app/meter/uartdlt.o
 .debug_frame   0x0000052c       0x50 build/brd4158a/custom_app/source/custom_app/meter/MeterProtocol.o
 .debug_frame   0x0000057c       0x84 build/brd4158a/custom_app/source/custom_app/meter/MeterPush.o
 .debug_frame   0x00000600       0x78 build/brd4158a/custom_app/source/custom_app/drivers/efr32xg13/led.o
 .debug_frame   0x00000678       0x38 build/brd4158a/custom_app/util/api.o
 .debug_frame   0x000006b0       0x30 build/brd4158a/custom_app/mcu/efr32xg13/hal/hfperclk.o
 .debug_frame   0x000006e0       0x58 build/brd4158a/custom_app/mcu/efr32xg13/hal/ds.o
 .debug_frame   0x00000738       0x28 build/brd4158a/custom_app/mcu/efr32xg13/hal/hal.o
 .debug_frame   0x00000760       0xdc build/brd4158a/custom_app/source/custom_app/app.o
 .debug_frame   0x0000083c       0x2c build/brd4158a/custom_app/mcu/common/start.o
 .debug_frame   0x00000868       0x50 c:/program files (x86)/gnu tools arm embedded/4.8 2014q3/bin/../lib/gcc/arm-none-eabi/4.8.4/armv7e-m\libgcc.a(bpabi.o)
 .debug_frame   0x000008b8       0x34 c:/program files (x86)/gnu tools arm embedded/4.8 2014q3/bin/../lib/gcc/arm-none-eabi/4.8.4/armv7e-m\libgcc.a(_divdi3.o)
 .debug_frame   0x000008ec       0x34 c:/program files (x86)/gnu tools arm embedded/4.8 2014q3/bin/../lib/gcc/arm-none-eabi/4.8.4/armv7e-m\libgcc.a(_udivdi3.o)
 .debug_frame   0x00000920       0x28 c:/program files (x86)/gnu tools arm embedded/4.8 2014q3/bin/../lib/gcc/arm-none-eabi/4.8.4/../../../../arm-none-eabi/lib/armv7e-m\libg_s.a(lib_a-memcpy-stub.o)
 .debug_frame   0x00000948       0x20 c:/program files (x86)/gnu tools arm embedded/4.8 2014q3/bin/../lib/gcc/arm-none-eabi/4.8.4/../../../../arm-none-eabi/lib/armv7e-m\libg_s.a(lib_a-memset.o)

.debug_loc      0x00000000     0x24a8
 .debug_loc     0x00000000      0x35e build/brd4158a/custom_app/source/custom_app/meter/utils.o
 .debug_loc     0x0000035e      0xb9a build/brd4158a/custom_app/source/custom_app/meter/DLTProtocol.o
 .debug_loc     0x00000ef8      0xc40 build/brd4158a/custom_app/source/custom_app/meter/uartdlt.o
 .debug_loc     0x00001b38       0x6f build/brd4158a/custom_app/source/custom_app/meter/MeterProtocol.o
 .debug_loc     0x00001ba7       0xdd build/brd4158a/custom_app/source/custom_app/meter/MeterPush.o
 .debug_loc     0x00001c84      0x33b build/brd4158a/custom_app/source/custom_app/drivers/efr32xg13/led.o
 .debug_loc     0x00001fbf       0x2c build/brd4158a/custom_app/util/api.o
 .debug_loc     0x00001feb       0x1f build/brd4158a/custom_app/mcu/efr32xg13/hal/hfperclk.o
 .debug_loc     0x0000200a       0x58 build/brd4158a/custom_app/mcu/efr32xg13/hal/ds.o
 .debug_loc     0x00002062      0x314 build/brd4158a/custom_app/source/custom_app/app.o
 .debug_loc     0x00002376      0x132 build/brd4158a/custom_app/mcu/common/start.o
