Archive member included because of file (symbol)

c:/program files (x86)/gnu tools arm embedded/4.8 2014q3/bin/../lib/gcc/arm-none-eabi/4.8.4/armv7e-m\libgcc.a(_aeabi_ldivmod.o)
                              build/brd4158a/custom_app/source/custom_app/meter/utils.o (__aeabi_ldivmod)
c:/program files (x86)/gnu tools arm embedded/4.8 2014q3/bin/../lib/gcc/arm-none-eabi/4.8.4/armv7e-m\libgcc.a(bpabi.o)
                              c:/program files (x86)/gnu tools arm embedded/4.8 2014q3/bin/../lib/gcc/arm-none-eabi/4.8.4/armv7e-m\libgcc.a(_aeabi_ldivmod.o) (__gnu_ldivmod_helper)
c:/program files (x86)/gnu tools arm embedded/4.8 2014q3/bin/../lib/gcc/arm-none-eabi/4.8.4/armv7e-m\libgcc.a(_dvmd_tls.o)
                              c:/program files (x86)/gnu tools arm embedded/4.8 2014q3/bin/../lib/gcc/arm-none-eabi/4.8.4/armv7e-m\libgcc.a(_aeabi_ldivmod.o) (__aeabi_ldiv0)
c:/program files (x86)/gnu tools arm embedded/4.8 2014q3/bin/../lib/gcc/arm-none-eabi/4.8.4/armv7e-m\libgcc.a(_divdi3.o)
                              c:/program files (x86)/gnu tools arm embedded/4.8 2014q3/bin/../lib/gcc/arm-none-eabi/4.8.4/armv7e-m\libgcc.a(bpabi.o) (__divdi3)
c:/program files (x86)/gnu tools arm embedded/4.8 2014q3/bin/../lib/gcc/arm-none-eabi/4.8.4/armv7e-m\libgcc.a(_udivdi3.o)
                              c:/program files (x86)/gnu tools arm embedded/4.8 2014q3/bin/../lib/gcc/arm-none-eabi/4.8.4/armv7e-m\libgcc.a(bpabi.o) (__udivdi3)
c:/program files (x86)/gnu tools arm embedded/4.8 2014q3/bin/../lib/gcc/arm-none-eabi/4.8.4/../../../../arm-none-eabi/lib/armv7e-m\libg_s.a(lib_a-memcmp.o)
                              build/brd4158a/custom_app/source/custom_app/meter/DCUPush.o (memcmp)
c:/program files (x86)/gnu tools arm embedded/4.8 2014q3/bin/../lib/gcc/arm-none-eabi/4.8.4/../../../../arm-none-eabi/lib/armv7e-m\libg_s.a(lib_a-memcpy-stub.o)
                              build/brd4158a/custom_app/source/custom_app/meter/DLTProtocol.o (memcpy)
c:/program files (x86)/gnu tools arm embedded/4.8 2014q3/bin/../lib/gcc/arm-none-eabi/4.8.4/../../../../arm-none-eabi/lib/armv7e-m\libg_s.a(lib_a-memset.o)
                              build/brd4158a/custom_app/source/custom_app/meter/DLTProtocol.o (memset)
c:/program files (x86)/gnu tools arm embedded/4.8 2014q3/bin/../lib/gcc/arm-none-eabi/4.8.4/../../../../arm-none-eabi/lib/armv7e-m\libg_s.a(lib_a-strcat.o)
                              build/brd4158a/custom_app/source/custom_app/meter/MeterProtocol.o (strcat)
c:/program files (x86)/gnu tools arm embedded/4.8 2014q3/bin/../lib/gcc/arm-none-eabi/4.8.4/../../../../arm-none-eabi/lib/armv7e-m\libg_s.a(lib_a-strcpy.o)
                              build/brd4158a/custom_app/source/custom_app/meter/MeterProtocol.o (strcpy)
c:/program files (x86)/gnu tools arm embedded/4.8 2014q3/bin/../lib/gcc/arm-none-eabi/4.8.4/../../../../arm-none-eabi/lib/armv7e-m\libg_s.a(lib_a-strlen.o)
                              build/brd4158a/custom_app/source/custom_app/meter/utils.o (strlen)

Allocating common symbols
Common symbol       size              file

ExtendedAddress     0x8               build/brd4158a/custom_app/source/custom_app/app.o
TmpTxBuf            0xff              build/brd4158a/custom_app/source/custom_app/meter/DLTProtocol.o
led_state           0x1               build/brd4158a/custom_app/source/custom_app/meter/DLTProtocol.o
ReconfigureNode     0x1               build/brd4158a/custom_app/source/custom_app/meter/DLTProtocol.o
ST_m_escaped        0x1               build/brd4158a/custom_app/source/custom_app/meter/uartdlt.o
ST_m_timeout        0x4               build/brd4158a/custom_app/source/custom_app/meter/uartdlt.o
EMConfigMacADDR0    0x6               build/brd4158a/custom_app/source/custom_app/meter/DLTProtocol.o
rx_buffer           0xff              build/brd4158a/custom_app/source/custom_app/meter/uartdlt.o
ST_rx_buffer_idx    0x4               build/brd4158a/custom_app/source/custom_app/meter/uartdlt.o
DltRxTimeout        0x4               build/brd4158a/custom_app/source/custom_app/meter/DLTProtocol.o
ST_rx_buffer        0xff              build/brd4158a/custom_app/source/custom_app/meter/uartdlt.o
m_escaped           0x1               build/brd4158a/custom_app/source/custom_app/meter/uartdlt.o
TmpTxsizeBuf        0x4               build/brd4158a/custom_app/source/custom_app/meter/DLTProtocol.o
DisplayState        0x1               build/brd4158a/custom_app/source/custom_app/meter/DLTProtocol.o
m_timeout           0x4               build/brd4158a/custom_app/source/custom_app/meter/uartdlt.o
bufout              0x100             build/brd4158a/custom_app/source/custom_app/app.o
rx_buffer_idx       0x4               build/brd4158a/custom_app/source/custom_app/meter/uartdlt.o
ST_RxTimeout        0x4               build/brd4158a/custom_app/source/custom_app/meter/DLTProtocol.o

Discarded input sections

 .text          0x00000000        0x0 build/brd4158a/custom_app/source/custom_app/drivers/efr32xg13/exti.o
 .data          0x00000000        0x0 build/brd4158a/custom_app/source/custom_app/drivers/efr32xg13/exti.o
 .bss           0x00000000        0x0 build/brd4158a/custom_app/source/custom_app/drivers/efr32xg13/exti.o
 .text.GPIO_EVEN_IRQHandler
                0x00000000       0x40 build/brd4158a/custom_app/source/custom_app/drivers/efr32xg13/exti.o
 .text.GPIO_ODD_IRQHandler
                0x00000000       0x54 build/brd4158a/custom_app/source/custom_app/drivers/efr32xg13/exti.o
 .text.Wakeup_pinInit
                0x00000000       0x70 build/brd4158a/custom_app/source/custom_app/drivers/efr32xg13/exti.o
 .text.Wakeup_off
                0x00000000       0x34 build/brd4158a/custom_app/source/custom_app/drivers/efr32xg13/exti.o
 .text.Wakeup_enableIrq
                0x00000000        0xc build/brd4158a/custom_app/source/custom_app/drivers/efr32xg13/exti.o
 .text.Wakeup_disableIrq
                0x00000000        0xc build/brd4158a/custom_app/source/custom_app/drivers/efr32xg13/exti.o
 .text.Wakeup_clearIrq
                0x00000000       0x10 build/brd4158a/custom_app/source/custom_app/drivers/efr32xg13/exti.o
 .text.Wakeup_setEdge
                0x00000000       0x18 build/brd4158a/custom_app/source/custom_app/drivers/efr32xg13/exti.o
 .bss.m_odd_callbacks
                0x00000000       0x20 build/brd4158a/custom_app/source/custom_app/drivers/efr32xg13/exti.o
 .debug_info    0x00000000      0xae1 build/brd4158a/custom_app/source/custom_app/drivers/efr32xg13/exti.o
 .debug_abbrev  0x00000000      0x2d2 build/brd4158a/custom_app/source/custom_app/drivers/efr32xg13/exti.o
 .debug_loc     0x00000000      0x107 build/brd4158a/custom_app/source/custom_app/drivers/efr32xg13/exti.o
 .debug_aranges
                0x00000000       0x58 build/brd4158a/custom_app/source/custom_app/drivers/efr32xg13/exti.o
 .debug_ranges  0x00000000       0x60 build/brd4158a/custom_app/source/custom_app/drivers/efr32xg13/exti.o
 .debug_line    0x00000000      0x39f build/brd4158a/custom_app/source/custom_app/drivers/efr32xg13/exti.o
 .debug_str     0x00000000      0xabd build/brd4158a/custom_app/source/custom_app/drivers/efr32xg13/exti.o
 .comment       0x00000000       0x71 build/brd4158a/custom_app/source/custom_app/drivers/efr32xg13/exti.o
 .ARM.attributes
                0x00000000       0x2e build/brd4158a/custom_app/source/custom_app/drivers/efr32xg13/exti.o
 .debug_frame   0x00000000       0xc0 build/brd4158a/custom_app/source/custom_app/drivers/efr32xg13/exti.o
 .text          0x00000000        0x0 build/brd4158a/custom_app/source/custom_app/drivers/efr32xg13/io.o
 .data          0x00000000        0x0 build/brd4158a/custom_app/source/custom_app/drivers/efr32xg13/io.o
 .bss           0x00000000        0x0 build/brd4158a/custom_app/source/custom_app/drivers/efr32xg13/io.o
 .text.Io_enableUartIrq
                0x00000000       0x18 build/brd4158a/custom_app/source/custom_app/drivers/efr32xg13/io.o
 .text.Io_setUartIrq
                0x00000000       0x14 build/brd4158a/custom_app/source/custom_app/drivers/efr32xg13/io.o
 .text.Io_clearUartIrq
                0x00000000       0x14 build/brd4158a/custom_app/source/custom_app/drivers/efr32xg13/io.o
 .text.Io_setModeDisabled
                0x00000000       0x14 build/brd4158a/custom_app/source/custom_app/drivers/efr32xg13/io.o
 .text          0x00000000        0x0 build/brd4158a/custom_app/source/custom_app/meter/utils.o
 .data          0x00000000        0x0 build/brd4158a/custom_app/source/custom_app/meter/utils.o
 .bss           0x00000000        0x0 build/brd4158a/custom_app/source/custom_app/meter/utils.o
 .text.ToUpperCase
                0x00000000        0xc build/brd4158a/custom_app/source/custom_app/meter/utils.o
 .text.reverse  0x00000000       0x3a build/brd4158a/custom_app/source/custom_app/meter/utils.o
 .text.i32toa   0x00000000       0x28 build/brd4158a/custom_app/source/custom_app/meter/utils.o
 .text.m_atoi   0x00000000       0x16 build/brd4158a/custom_app/source/custom_app/meter/utils.o
 .text.ConvertHex2BCD
                0x00000000       0x1a build/brd4158a/custom_app/source/custom_app/meter/utils.o
 .text.calcCS   0x00000000       0x1a build/brd4158a/custom_app/source/custom_app/meter/utils.o
 .rodata.HexMapL
                0x00000000       0x10 build/brd4158a/custom_app/source/custom_app/meter/utils.o
 .text          0x00000000        0x0 build/brd4158a/custom_app/source/custom_app/meter/DLTProtocol.o
 .data          0x00000000        0x0 build/brd4158a/custom_app/source/custom_app/meter/DLTProtocol.o
 .bss           0x00000000        0x0 build/brd4158a/custom_app/source/custom_app/meter/DLTProtocol.o
 .text.KeypadSendWriteDltMsg
                0x00000000       0xd4 build/brd4158a/custom_app/source/custom_app/meter/DLTProtocol.o
 .text.SendStDLTRSTmsg
                0x00000000       0x20 build/brd4158a/custom_app/source/custom_app/meter/DLTProtocol.o
 .text.CovertBcd2Add
                0x00000000       0x42 build/brd4158a/custom_app/source/custom_app/meter/DLTProtocol.o
 .text.DCUSendReadDltMsg2Meter
                0x00000000       0xcc build/brd4158a/custom_app/source/custom_app/meter/DLTProtocol.o
 .bss.Hour_Req_Send_2Meter
                0x00000000        0x1 build/brd4158a/custom_app/source/custom_app/meter/DLTProtocol.o
 .rodata.DLTPassUser
                0x00000000        0x8 build/brd4158a/custom_app/source/custom_app/meter/DLTProtocol.o
 .text          0x00000000        0x0 build/brd4158a/custom_app/source/custom_app/meter/uartdlt.o
 .data          0x00000000        0x0 build/brd4158a/custom_app/source/custom_app/meter/uartdlt.o
 .bss           0x00000000        0x0 build/brd4158a/custom_app/source/custom_app/meter/uartdlt.o
 .text.Usart_receiverOff
                0x00000000        0xe build/brd4158a/custom_app/source/custom_app/meter/uartdlt.o
 .text.Usart_setFlowControl
                0x00000000        0x4 build/brd4158a/custom_app/source/custom_app/meter/uartdlt.o
 .text.WNT_RxParamInit
                0x00000000        0x2 build/brd4158a/custom_app/source/custom_app/meter/uartdlt.o
 .text          0x00000000        0x0 build/brd4158a/custom_app/source/custom_app/meter/persistent.o
 .data          0x00000000        0x0 build/brd4158a/custom_app/source/custom_app/meter/persistent.o
 .bss           0x00000000        0x0 build/brd4158a/custom_app/source/custom_app/meter/persistent.o
 .text.write_image
                0x00000000       0x18 build/brd4158a/custom_app/source/custom_app/meter/persistent.o
 .text.update_image
                0x00000000       0x2c build/brd4158a/custom_app/source/custom_app/meter/persistent.o
 .text.Persistent_getAutostart
                0x00000000       0x1c build/brd4158a/custom_app/source/custom_app/meter/persistent.o
 .text.Persistent_getaExtendedAddress
                0x00000000       0x18 build/brd4158a/custom_app/source/custom_app/meter/persistent.o
 .text.Persistent_getConsumtionMeterValve
                0x00000000       0x1c build/brd4158a/custom_app/source/custom_app/meter/persistent.o
 .text.Persistent_setAutostart
                0x00000000       0x1c build/brd4158a/custom_app/source/custom_app/meter/persistent.o
 .text.Persistent_setaExtendedAddress
                0x00000000       0x24 build/brd4158a/custom_app/source/custom_app/meter/persistent.o
 .text.Persistent_setConsumtionMeterValve
                0x00000000       0x24 build/brd4158a/custom_app/source/custom_app/meter/persistent.o
 .bss.m_persistent_valid
                0x00000000        0x1 build/brd4158a/custom_app/source/custom_app/meter/persistent.o
 .bss.m_persistent_image
                0x00000000        0xe build/brd4158a/custom_app/source/custom_app/meter/persistent.o
 .debug_info    0x00000000      0x44c build/brd4158a/custom_app/source/custom_app/meter/persistent.o
 .debug_abbrev  0x00000000      0x165 build/brd4158a/custom_app/source/custom_app/meter/persistent.o
 .debug_loc     0x00000000      0x1d6 build/brd4158a/custom_app/source/custom_app/meter/persistent.o
 .debug_aranges
                0x00000000       0x58 build/brd4158a/custom_app/source/custom_app/meter/persistent.o
 .debug_ranges  0x00000000       0x48 build/brd4158a/custom_app/source/custom_app/meter/persistent.o
 .debug_line    0x00000000      0x242 build/brd4158a/custom_app/source/custom_app/meter/persistent.o
 .debug_str     0x00000000      0x4ea build/brd4158a/custom_app/source/custom_app/meter/persistent.o
 .comment       0x00000000       0x71 build/brd4158a/custom_app/source/custom_app/meter/persistent.o
 .ARM.attributes
                0x00000000       0x2e build/brd4158a/custom_app/source/custom_app/meter/persistent.o
 .debug_frame   0x00000000       0xd8 build/brd4158a/custom_app/source/custom_app/meter/persistent.o
 .text          0x00000000        0x0 build/brd4158a/custom_app/source/custom_app/meter/MeterProtocol.o
 .data          0x00000000        0x0 build/brd4158a/custom_app/source/custom_app/meter/MeterProtocol.o
 .bss           0x00000000        0x0 build/brd4158a/custom_app/source/custom_app/meter/MeterProtocol.o
 .text          0x00000000        0x0 build/brd4158a/custom_app/source/custom_app/meter/MeterPush.o
 .data          0x00000000        0x0 build/brd4158a/custom_app/source/custom_app/meter/MeterPush.o
 .bss           0x00000000        0x0 build/brd4158a/custom_app/source/custom_app/meter/MeterPush.o
 .text          0x00000000        0x0 build/brd4158a/custom_app/source/custom_app/meter/DCUPush.o
 .data          0x00000000        0x0 build/brd4158a/custom_app/source/custom_app/meter/DCUPush.o
 .bss           0x00000000        0x0 build/brd4158a/custom_app/source/custom_app/meter/DCUPush.o
 .text.DCUPushTask
                0x00000000       0x10 build/brd4158a/custom_app/source/custom_app/meter/DCUPush.o
 .text.InitMeterlogger
                0x00000000       0x1c build/brd4158a/custom_app/source/custom_app/meter/DCUPush.o
 .text.SearchExistMeterLocation
                0x00000000       0x30 build/brd4158a/custom_app/source/custom_app/meter/DCUPush.o
 .text.WriteNewMeterRecord
                0x00000000       0x74 build/brd4158a/custom_app/source/custom_app/meter/DCUPush.o
 .text.SearchExistRecordLocation
                0x00000000       0x3c build/brd4158a/custom_app/source/custom_app/meter/DCUPush.o
 .text.PrepareResFromLogger
                0x00000000       0x58 build/brd4158a/custom_app/source/custom_app/meter/DCUPush.o
 .bss.MeterLoger
                0x00000000     0x3462 build/brd4158a/custom_app/source/custom_app/meter/DCUPush.o
 .debug_info    0x00000000      0x8a8 build/brd4158a/custom_app/source/custom_app/meter/DCUPush.o
 .debug_abbrev  0x00000000      0x1c6 build/brd4158a/custom_app/source/custom_app/meter/DCUPush.o
 .debug_loc     0x00000000      0x340 build/brd4158a/custom_app/source/custom_app/meter/DCUPush.o
 .debug_aranges
                0x00000000       0x48 build/brd4158a/custom_app/source/custom_app/meter/DCUPush.o
 .debug_ranges  0x00000000       0x38 build/brd4158a/custom_app/source/custom_app/meter/DCUPush.o
 .debug_line    0x00000000      0x29f build/brd4158a/custom_app/source/custom_app/meter/DCUPush.o
 .debug_str     0x00000000      0xb3e build/brd4158a/custom_app/source/custom_app/meter/DCUPush.o
 .comment       0x00000000       0x71 build/brd4158a/custom_app/source/custom_app/meter/DCUPush.o
 .ARM.attributes
                0x00000000       0x2e build/brd4158a/custom_app/source/custom_app/meter/DCUPush.o
 .debug_frame   0x00000000       0xa8 build/brd4158a/custom_app/source/custom_app/meter/DCUPush.o
 .text          0x00000000        0x0 build/brd4158a/custom_app/source/custom_app/drivers/efr32xg13/led.o
 .data          0x00000000        0x0 build/brd4158a/custom_app/source/custom_app/drivers/efr32xg13/led.o
 .bss           0x00000000        0x0 build/brd4158a/custom_app/source/custom_app/drivers/efr32xg13/led.o
 .text.toggle_led
                0x00000000       0x18 build/brd4158a/custom_app/source/custom_app/drivers/efr32xg13/led.o
 .text          0x00000000        0x0 build/brd4158a/custom_app/util/crc.o
 .data          0x00000000        0x0 build/brd4158a/custom_app/util/crc.o
 .bss           0x00000000        0x0 build/brd4158a/custom_app/util/crc.o
 .text.Crc_addByte
                0x00000000       0x18 build/brd4158a/custom_app/util/crc.o
 .text.Crc_fromBuffer
                0x00000000       0x2c build/brd4158a/custom_app/util/crc.o
 .text.Crc_fromBuffer32
                0x00000000       0x64 build/brd4158a/custom_app/util/crc.o
 .rodata.crc_ccitt_lut
                0x00000000      0x200 build/brd4158a/custom_app/util/crc.o
 .debug_info    0x00000000      0x21b build/brd4158a/custom_app/util/crc.o
 .debug_abbrev  0x00000000       0xdf build/brd4158a/custom_app/util/crc.o
 .debug_loc     0x00000000      0x24c build/brd4158a/custom_app/util/crc.o
 .debug_aranges
                0x00000000       0x30 build/brd4158a/custom_app/util/crc.o
 .debug_ranges  0x00000000       0x38 build/brd4158a/custom_app/util/crc.o
 .debug_line    0x00000000      0x17c build/brd4158a/custom_app/util/crc.o
 .debug_str     0x00000000      0x22d build/brd4158a/custom_app/util/crc.o
 .comment       0x00000000       0x71 build/brd4158a/custom_app/util/crc.o
 .ARM.attributes
                0x00000000       0x2e build/brd4158a/custom_app/util/crc.o
 .debug_frame   0x00000000       0x58 build/brd4158a/custom_app/util/crc.o
 .text          0x00000000        0x0 build/brd4158a/custom_app/util/sl_list.o
 .data          0x00000000        0x0 build/brd4158a/custom_app/util/sl_list.o
 .bss           0x00000000        0x0 build/brd4158a/custom_app/util/sl_list.o
 .text.sl_list_init
                0x00000000        0xa build/brd4158a/custom_app/util/sl_list.o
 .text.sl_list_next
                0x00000000        0x4 build/brd4158a/custom_app/util/sl_list.o
 .text.sl_list_push_back
                0x00000000       0x1a build/brd4158a/custom_app/util/sl_list.o
 .text.sl_list_push_front
                0x00000000       0x14 build/brd4158a/custom_app/util/sl_list.o
 .text.sl_list_push_before
                0x00000000       0x1a build/brd4158a/custom_app/util/sl_list.o
 .text.sl_list_pop_back
                0x00000000       0x32 build/brd4158a/custom_app/util/sl_list.o
 .text.sl_list_pop_front
                0x00000000       0x1a build/brd4158a/custom_app/util/sl_list.o
 .text.sl_list_remove
                0x00000000       0x30 build/brd4158a/custom_app/util/sl_list.o
 .text.sl_list_pop
                0x00000000        0xc build/brd4158a/custom_app/util/sl_list.o
 .text.sl_list_at
                0x00000000        0xe build/brd4158a/custom_app/util/sl_list.o
 .text.sl_list_contains
                0x00000000        0xe build/brd4158a/custom_app/util/sl_list.o
 .text.sl_list_search
                0x00000000       0x1a build/brd4158a/custom_app/util/sl_list.o
 .text.sl_list_swap
                0x00000000       0x2e build/brd4158a/custom_app/util/sl_list.o
 .debug_info    0x00000000      0x4fc build/brd4158a/custom_app/util/sl_list.o
 .debug_abbrev  0x00000000      0x1ae build/brd4158a/custom_app/util/sl_list.o
 .debug_loc     0x00000000      0x360 build/brd4158a/custom_app/util/sl_list.o
 .debug_aranges
                0x00000000       0x80 build/brd4158a/custom_app/util/sl_list.o
 .debug_ranges  0x00000000       0x70 build/brd4158a/custom_app/util/sl_list.o
 .debug_line    0x00000000      0x268 build/brd4158a/custom_app/util/sl_list.o
 .debug_str     0x00000000      0x2fc build/brd4158a/custom_app/util/sl_list.o
 .comment       0x00000000       0x71 build/brd4158a/custom_app/util/sl_list.o
 .ARM.attributes
                0x00000000       0x2e build/brd4158a/custom_app/util/sl_list.o
 .debug_frame   0x00000000      0x114 build/brd4158a/custom_app/util/sl_list.o
 .text          0x00000000        0x0 build/brd4158a/custom_app/util/util.o
 .data          0x00000000        0x0 build/brd4158a/custom_app/util/util.o
 .bss           0x00000000        0x0 build/brd4158a/custom_app/util/util.o
 .text.Util_isLtUint32
                0x00000000        0x6 build/brd4158a/custom_app/util/util.o
 .text.Util_isSmallest
                0x00000000       0x10 build/brd4158a/custom_app/util/util.o
 .text.Util_inBetween
                0x00000000       0x12 build/brd4158a/custom_app/util/util.o
 .text.Util_bitCountU8
                0x00000000       0x14 build/brd4158a/custom_app/util/util.o
 .debug_info    0x00000000      0x23f build/brd4158a/custom_app/util/util.o
 .debug_abbrev  0x00000000      0x116 build/brd4158a/custom_app/util/util.o
 .debug_loc     0x00000000      0x12f build/brd4158a/custom_app/util/util.o
 .debug_aranges
                0x00000000       0x38 build/brd4158a/custom_app/util/util.o
 .debug_ranges  0x00000000       0x28 build/brd4158a/custom_app/util/util.o
 .debug_line    0x00000000      0x154 build/brd4158a/custom_app/util/util.o
 .debug_str     0x00000000      0x22f build/brd4158a/custom_app/util/util.o
 .comment       0x00000000       0x71 build/brd4158a/custom_app/util/util.o
 .ARM.attributes
                0x00000000       0x2e build/brd4158a/custom_app/util/util.o
 .debug_frame   0x00000000       0x50 build/brd4158a/custom_app/util/util.o
 .text          0x00000000        0x0 build/brd4158a/custom_app/util/api.o
 .data          0x00000000        0x0 build/brd4158a/custom_app/util/api.o
 .bss           0x00000000        0x0 build/brd4158a/custom_app/util/api.o
 .text          0x00000000        0x0 build/brd4158a/custom_app/mcu/efr32xg13/hal/hfperclk.o
 .data          0x00000000        0x0 build/brd4158a/custom_app/mcu/efr32xg13/hal/hfperclk.o
 .bss           0x00000000        0x0 build/brd4158a/custom_app/mcu/efr32xg13/hal/hfperclk.o
 .text          0x00000000        0x0 build/brd4158a/custom_app/mcu/efr32xg13/hal/usart.o
 .data          0x00000000        0x0 build/brd4158a/custom_app/mcu/efr32xg13/hal/usart.o
 .bss           0x00000000        0x0 build/brd4158a/custom_app/mcu/efr32xg13/hal/usart.o
 .debug_line    0x00000000        0x0 build/brd4158a/custom_app/mcu/efr32xg13/hal/usart.o
 .debug_str     0x00000000        0x0 build/brd4158a/custom_app/mcu/efr32xg13/hal/usart.o
 .comment       0x00000000       0x71 build/brd4158a/custom_app/mcu/efr32xg13/hal/usart.o
 .ARM.attributes
                0x00000000       0x2e build/brd4158a/custom_app/mcu/efr32xg13/hal/usart.o
 .text          0x00000000        0x0 build/brd4158a/custom_app/mcu/efr32xg13/hal/ds.o
 .data          0x00000000        0x0 build/brd4158a/custom_app/mcu/efr32xg13/hal/ds.o
 .bss           0x00000000        0x0 build/brd4158a/custom_app/mcu/efr32xg13/hal/ds.o
 .text          0x00000000        0x0 build/brd4158a/custom_app/mcu/efr32xg13/hal/hal.o
 .data          0x00000000        0x0 build/brd4158a/custom_app/mcu/efr32xg13/hal/hal.o
 .bss           0x00000000        0x0 build/brd4158a/custom_app/mcu/efr32xg13/hal/hal.o
 .text          0x00000000        0x0 build/brd4158a/custom_app/source/custom_app/app.o
 .data          0x00000000        0x0 build/brd4158a/custom_app/source/custom_app/app.o
 .bss           0x00000000        0x0 build/brd4158a/custom_app/source/custom_app/app.o
 .text          0x00000000        0x0 build/brd4158a/custom_app/mcu/common/start.o
 .data          0x00000000        0x0 build/brd4158a/custom_app/mcu/common/start.o
 .bss           0x00000000        0x0 build/brd4158a/custom_app/mcu/common/start.o
 .text          0x00000000        0x0 build/brd4158a/custom_app/mcu/common/entrypoint.o
 .data          0x00000000        0x0 build/brd4158a/custom_app/mcu/common/entrypoint.o
 .bss           0x00000000        0x0 build/brd4158a/custom_app/mcu/common/entrypoint.o
 .data          0x00000000        0x0 c:/program files (x86)/gnu tools arm embedded/4.8 2014q3/bin/../lib/gcc/arm-none-eabi/4.8.4/armv7e-m\libgcc.a(_aeabi_ldivmod.o)
 .bss           0x00000000        0x0 c:/program files (x86)/gnu tools arm embedded/4.8 2014q3/bin/../lib/gcc/arm-none-eabi/4.8.4/armv7e-m\libgcc.a(_aeabi_ldivmod.o)
 .data          0x00000000        0x0 c:/program files (x86)/gnu tools arm embedded/4.8 2014q3/bin/../lib/gcc/arm-none-eabi/4.8.4/armv7e-m\libgcc.a(bpabi.o)
 .bss           0x00000000        0x0 c:/program files (x86)/gnu tools arm embedded/4.8 2014q3/bin/../lib/gcc/arm-none-eabi/4.8.4/armv7e-m\libgcc.a(bpabi.o)
 .data          0x00000000        0x0 c:/program files (x86)/gnu tools arm embedded/4.8 2014q3/bin/../lib/gcc/arm-none-eabi/4.8.4/armv7e-m\libgcc.a(_dvmd_tls.o)
 .bss           0x00000000        0x0 c:/program files (x86)/gnu tools arm embedded/4.8 2014q3/bin/../lib/gcc/arm-none-eabi/4.8.4/armv7e-m\libgcc.a(_dvmd_tls.o)
 .data          0x00000000        0x0 c:/program files (x86)/gnu tools arm embedded/4.8 2014q3/bin/../lib/gcc/arm-none-eabi/4.8.4/armv7e-m\libgcc.a(_divdi3.o)
 .bss           0x00000000        0x0 c:/program files (x86)/gnu tools arm embedded/4.8 2014q3/bin/../lib/gcc/arm-none-eabi/4.8.4/armv7e-m\libgcc.a(_divdi3.o)
 .ARM.extab     0x00000000        0x0 c:/program files (x86)/gnu tools arm embedded/4.8 2014q3/bin/../lib/gcc/arm-none-eabi/4.8.4/armv7e-m\libgcc.a(_divdi3.o)
 .ARM.exidx     0x00000000        0x8 c:/program files (x86)/gnu tools arm embedded/4.8 2014q3/bin/../lib/gcc/arm-none-eabi/4.8.4/armv7e-m\libgcc.a(_divdi3.o)
 .data          0x00000000        0x0 c:/program files (x86)/gnu tools arm embedded/4.8 2014q3/bin/../lib/gcc/arm-none-eabi/4.8.4/armv7e-m\libgcc.a(_udivdi3.o)
 .bss           0x00000000        0x0 c:/program files (x86)/gnu tools arm embedded/4.8 2014q3/bin/../lib/gcc/arm-none-eabi/4.8.4/armv7e-m\libgcc.a(_udivdi3.o)
 .ARM.extab     0x00000000        0x0 c:/program files (x86)/gnu tools arm embedded/4.8 2014q3/bin/../lib/gcc/arm-none-eabi/4.8.4/armv7e-m\libgcc.a(_udivdi3.o)
 .ARM.exidx     0x00000000        0x8 c:/program files (x86)/gnu tools arm embedded/4.8 2014q3/bin/../lib/gcc/arm-none-eabi/4.8.4/armv7e-m\libgcc.a(_udivdi3.o)
 .text          0x00000000        0x0 c:/program files (x86)/gnu tools arm embedded/4.8 2014q3/bin/../lib/gcc/arm-none-eabi/4.8.4/../../../../arm-none-eabi/lib/armv7e-m\libg_s.a(lib_a-memcmp.o)
 .data          0x00000000        0x0 c:/program files (x86)/gnu tools arm embedded/4.8 2014q3/bin/../lib/gcc/arm-none-eabi/4.8.4/../../../../arm-none-eabi/lib/armv7e-m\libg_s.a(lib_a-memcmp.o)
 .bss           0x00000000        0x0 c:/program files (x86)/gnu tools arm embedded/4.8 2014q3/bin/../lib/gcc/arm-none-eabi/4.8.4/../../../../arm-none-eabi/lib/armv7e-m\libg_s.a(lib_a-memcmp.o)
 .text.memcmp   0x00000000       0x1e c:/program files (x86)/gnu tools arm embedded/4.8 2014q3/bin/../lib/gcc/arm-none-eabi/4.8.4/../../../../arm-none-eabi/lib/armv7e-m\libg_s.a(lib_a-memcmp.o)
 .ARM.attributes
                0x00000000       0x2e c:/program files (x86)/gnu tools arm embedded/4.8 2014q3/bin/../lib/gcc/arm-none-eabi/4.8.4/../../../../arm-none-eabi/lib/armv7e-m\libg_s.a(lib_a-memcmp.o)
 .debug_frame   0x00000000       0x2c c:/program files (x86)/gnu tools arm embedded/4.8 2014q3/bin/../lib/gcc/arm-none-eabi/4.8.4/../../../../arm-none-eabi/lib/armv7e-m\libg_s.a(lib_a-memcmp.o)
 .text          0x00000000        0x0 c:/program files (x86)/gnu tools arm embedded/4.8 2014q3/bin/../lib/gcc/arm-none-eabi/4.8.4/../../../../arm-none-eabi/lib/armv7e-m\libg_s.a(lib_a-memcpy-stub.o)
 .data          0x00000000        0x0 c:/program files (x86)/gnu tools arm embedded/4.8 2014q3/bin/../lib/gcc/arm-none-eabi/4.8.4/../../../../arm-none-eabi/lib/armv7e-m\libg_s.a(lib_a-memcpy-stub.o)
 .bss           0x00000000        0x0 c:/program files (x86)/gnu tools arm embedded/4.8 2014q3/bin/../lib/gcc/arm-none-eabi/4.8.4/../../../../arm-none-eabi/lib/armv7e-m\libg_s.a(lib_a-memcpy-stub.o)
 .text          0x00000000        0x0 c:/program files (x86)/gnu tools arm embedded/4.8 2014q3/bin/../lib/gcc/arm-none-eabi/4.8.4/../../../../arm-none-eabi/lib/armv7e-m\libg_s.a(lib_a-memset.o)
 .data          0x00000000        0x0 c:/program files (x86)/gnu tools arm embedded/4.8 2014q3/bin/../lib/gcc/arm-none-eabi/4.8.4/../../../../arm-none-eabi/lib/armv7e-m\libg_s.a(lib_a-memset.o)
 .bss           0x00000000        0x0 c:/program files (x86)/gnu tools arm embedded/4.8 2014q3/bin/../lib/gcc/arm-none-eabi/4.8.4/../../../../arm-none-eabi/lib/armv7e-m\libg_s.a(lib_a-memset.o)
 .text          0x00000000        0x0 c:/program files (x86)/gnu tools arm embedded/4.8 2014q3/bin/../lib/gcc/arm-none-eabi/4.8.4/../../../../arm-none-eabi/lib/armv7e-m\libg_s.a(lib_a-strcat.o)
 .data          0x00000000        0x0 c:/program files (x86)/gnu tools arm embedded/4.8 2014q3/bin/../lib/gcc/arm-none-eabi/4.8.4/../../../../arm-none-eabi/lib/armv7e-m\libg_s.a(lib_a-strcat.o)
 .bss           0x00000000        0x0 c:/program files (x86)/gnu tools arm embedded/4.8 2014q3/bin/../lib/gcc/arm-none-eabi/4.8.4/../../../../arm-none-eabi/lib/armv7e-m\libg_s.a(lib_a-strcat.o)
 .text          0x00000000        0x0 c:/program files (x86)/gnu tools arm embedded/4.8 2014q3/bin/../lib/gcc/arm-none-eabi/4.8.4/../../../../arm-none-eabi/lib/armv7e-m\libg_s.a(lib_a-strcpy.o)
 .data          0x00000000        0x0 c:/program files (x86)/gnu tools arm embedded/4.8 2014q3/bin/../lib/gcc/arm-none-eabi/4.8.4/../../../../arm-none-eabi/lib/armv7e-m\libg_s.a(lib_a-strcpy.o)
 .bss           0x00000000        0x0 c:/program files (x86)/gnu tools arm embedded/4.8 2014q3/bin/../lib/gcc/arm-none-eabi/4.8.4/../../../../arm-none-eabi/lib/armv7e-m\libg_s.a(lib_a-strcpy.o)
 .text          0x00000000        0x0 c:/program files (x86)/gnu tools arm embedded/4.8 2014q3/bin/../lib/gcc/arm-none-eabi/4.8.4/../../../../arm-none-eabi/lib/armv7e-m\libg_s.a(lib_a-strlen.o)
 .data          0x00000000        0x0 c:/program files (x86)/gnu tools arm embedded/4.8 2014q3/bin/../lib/gcc/arm-none-eabi/4.8.4/../../../../arm-none-eabi/lib/armv7e-m\libg_s.a(lib_a-strlen.o)
 .bss           0x00000000        0x0 c:/program files (x86)/gnu tools arm embedded/4.8 2014q3/bin/../lib/gcc/arm-none-eabi/4.8.4/../../../../arm-none-eabi/lib/armv7e-m\libg_s.a(lib_a-strlen.o)

Memory Configuration

Name             Origin             Length             Attributes
FLASH            0x00040000         0x0000a000         xr
RAM              0x2000b000         0x00003ff8         xrw
INVALID          0xffffffff         0x00000000         xrw
*default*        0x00000000         0xffffffff

Linker script and memory map

LOAD c:/program files (x86)/gnu tools arm embedded/4.8 2014q3/bin/../lib/gcc/arm-none-eabi/4.8.4/armv7e-m\libgcc.a
LOAD c:/program files (x86)/gnu tools arm embedded/4.8 2014q3/bin/../lib/gcc/arm-none-eabi/4.8.4/../../../../arm-none-eabi/lib/armv7e-m\libnosys.a
LOAD build/brd4158a/custom_app/source/custom_app/drivers/efr32xg13/exti.o
LOAD build/brd4158a/custom_app/source/custom_app/drivers/efr32xg13/io.o
LOAD build/brd4158a/custom_app/source/custom_app/meter/utils.o
LOAD build/brd4158a/custom_app/source/custom_app/meter/DLTProtocol.o
LOAD build/brd4158a/custom_app/source/custom_app/meter/uartdlt.o
LOAD build/brd4158a/custom_app/source/custom_app/meter/persistent.o
LOAD build/brd4158a/custom_app/source/custom_app/meter/MeterProtocol.o
LOAD build/brd4158a/custom_app/source/custom_app/meter/MeterPush.o
LOAD build/brd4158a/custom_app/source/custom_app/meter/DCUPush.o
LOAD build/brd4158a/custom_app/source/custom_app/drivers/efr32xg13/led.o
LOAD build/brd4158a/custom_app/util/crc.o
LOAD build/brd4158a/custom_app/util/sl_list.o
LOAD build/brd4158a/custom_app/util/util.o
LOAD build/brd4158a/custom_app/util/api.o
LOAD build/brd4158a/custom_app/mcu/efr32xg13/hal/hfperclk.o
LOAD build/brd4158a/custom_app/mcu/efr32xg13/hal/usart.o
LOAD build/brd4158a/custom_app/mcu/efr32xg13/hal/ds.o
LOAD build/brd4158a/custom_app/mcu/efr32xg13/hal/hal.o
LOAD build/brd4158a/custom_app/source/custom_app/app.o
LOAD build/brd4158a/custom_app/mcu/common/start.o
LOAD build/brd4158a/custom_app/mcu/common/entrypoint.o

.text           0x00040000     0x1e30
                0x00040000                __text_start__ = .
 *(.entrypoint)
 .entrypoint    0x00040000       0x30 build/brd4158a/custom_app/mcu/common/entrypoint.o
 *(.app_header)
 .app_header    0x00040030       0x20 build/brd4158a/custom_app/mcu/common/start.o
                0x00040030                app_header
 *(.text.*)
 .text.Io_init  0x00040050       0x58 build/brd4158a/custom_app/source/custom_app/drivers/efr32xg13/io.o
                0x00040050                Io_init
 .text.ConvertBCD2Hex
                0x000400a8       0x12 build/brd4158a/custom_app/source/custom_app/meter/utils.o
                0x000400a8                ConvertBCD2Hex
 *fill*         0x000400ba        0x6 
 .text.ConvertBinToAscii
                0x000400c0       0xb0 build/brd4158a/custom_app/source/custom_app/meter/utils.o
                0x000400c0                ConvertBinToAscii
 .text.KeypadParseDltRxMsg
                0x00040170       0x5c build/brd4158a/custom_app/source/custom_app/meter/DLTProtocol.o
                0x00040170                KeypadParseDltRxMsg
 .text.KeypadCheckReadCommAddrssRespMsg
                0x000401cc       0x68 build/brd4158a/custom_app/source/custom_app/meter/DLTProtocol.o
                0x000401cc                KeypadCheckReadCommAddrssRespMsg
 .text.KeypadCompareDltDI
                0x00040234       0x2c build/brd4158a/custom_app/source/custom_app/meter/DLTProtocol.o
                0x00040234                KeypadCompareDltDI
 .text.DltSendBuffer
                0x00040260       0x38 build/brd4158a/custom_app/source/custom_app/meter/DLTProtocol.o
                0x00040260                DltSendBuffer
 .text.KeypadSendReadDltMsg2Meter
                0x00040298       0xd4 build/brd4158a/custom_app/source/custom_app/meter/DLTProtocol.o
                0x00040298                KeypadSendReadDltMsg2Meter
 .text.KeypadSendReadCommAddrssMsg
                0x0004036c       0x5c build/brd4158a/custom_app/source/custom_app/meter/DLTProtocol.o
                0x0004036c                KeypadSendReadCommAddrssMsg
 .text.HandleRxFromRF
                0x000403c8       0x98 build/brd4158a/custom_app/source/custom_app/meter/DLTProtocol.o
                0x000403c8                HandleRxFromRF
 .text.SendDltReadTime
                0x00040460       0x18 build/brd4158a/custom_app/source/custom_app/meter/DLTProtocol.o
                0x00040460                SendDltReadTime
 .text.SendDataReadingsReq2meter
                0x00040478       0x18 build/brd4158a/custom_app/source/custom_app/meter/DLTProtocol.o
                0x00040478                SendDataReadingsReq2meter
 .text.GetDataReadingsACK
                0x00040490        0xc build/brd4158a/custom_app/source/custom_app/meter/DLTProtocol.o
                0x00040490                GetDataReadingsACK
 .text.GetTimeFromMeter
                0x0004049c        0xc build/brd4158a/custom_app/source/custom_app/meter/DLTProtocol.o
                0x0004049c                GetTimeFromMeter
 .text.ClrHour  0x000404a8        0xc build/brd4158a/custom_app/source/custom_app/meter/DLTProtocol.o
                0x000404a8                ClrHour
 .text.ClrDataReadingsACK
                0x000404b4        0xc build/brd4158a/custom_app/source/custom_app/meter/DLTProtocol.o
                0x000404b4                ClrDataReadingsACK
 .text.KeypadCheckReadTimeRespMsg
                0x000404c0       0x20 build/brd4158a/custom_app/source/custom_app/meter/DLTProtocol.o
                0x000404c0                KeypadCheckReadTimeRespMsg
 .text.HandleRxFromUART0
                0x000404e0       0x64 build/brd4158a/custom_app/source/custom_app/meter/DLTProtocol.o
                0x000404e0                HandleRxFromUART0
 .text.USART_RX_IRQHandler
                0x00040544       0x30 build/brd4158a/custom_app/source/custom_app/meter/uartdlt.o
                0x00040544                USART_RX_IRQHandler
 .text.USART1_RX_IRQHandler
                0x00040574       0x30 build/brd4158a/custom_app/source/custom_app/meter/uartdlt.o
                0x00040574                USART1_RX_IRQHandler
 .text.custom_uart_receive
                0x000405a4       0x38 build/brd4158a/custom_app/source/custom_app/meter/uartdlt.o
                0x000405a4                custom_uart_receive
 .text.ST_uart_receive
                0x000405dc       0x38 build/brd4158a/custom_app/source/custom_app/meter/uartdlt.o
                0x000405dc                ST_uart_receive
 .text.Usart_init
                0x00040614      0x214 build/brd4158a/custom_app/source/custom_app/meter/uartdlt.o
                0x00040614                Usart_init
 .text.Usart_setEnabled
                0x00040828       0x88 build/brd4158a/custom_app/source/custom_app/meter/uartdlt.o
                0x00040828                Usart_setEnabled
 .text.USART_TX_IRQHandler
                0x000408b0       0x64 build/brd4158a/custom_app/source/custom_app/meter/uartdlt.o
                0x000408b0                USART_TX_IRQHandler
 .text.Usart1_setEnabled
                0x00040914       0x88 build/brd4158a/custom_app/source/custom_app/meter/uartdlt.o
                0x00040914                Usart1_setEnabled
 .text.USART1_TX_IRQHandler
                0x0004099c       0x64 build/brd4158a/custom_app/source/custom_app/meter/uartdlt.o
                0x0004099c                USART1_TX_IRQHandler
 .text.Usart_receiverOn
                0x00040a00        0xe build/brd4158a/custom_app/source/custom_app/meter/uartdlt.o
                0x00040a00                Usart_receiverOn
 *fill*         0x00040a0e        0x2 
 .text.Usart_sendBuffer
                0x00040a10       0x98 build/brd4158a/custom_app/source/custom_app/meter/uartdlt.o
                0x00040a10                Usart_sendBuffer
 .text.Usart1_sendBuffer
                0x00040aa8       0x98 build/brd4158a/custom_app/source/custom_app/meter/uartdlt.o
                0x00040aa8                Usart1_sendBuffer
 .text.Usart_enableReceiver
                0x00040b40       0xa0 build/brd4158a/custom_app/source/custom_app/meter/uartdlt.o
                0x00040b40                Usart_enableReceiver
 .text.Usart1_enableReceiver
                0x00040be0       0xa0 build/brd4158a/custom_app/source/custom_app/meter/uartdlt.o
                0x00040be0                Usart1_enableReceiver
 .text.DltRxParamInit
                0x00040c80       0x24 build/brd4158a/custom_app/source/custom_app/meter/uartdlt.o
                0x00040c80                DltRxParamInit
 .text.ST_RxParamInit
                0x00040ca4       0x24 build/brd4158a/custom_app/source/custom_app/meter/uartdlt.o
                0x00040ca4                ST_RxParamInit
 .text.custom_uart_init
                0x00040cc8       0x68 build/brd4158a/custom_app/source/custom_app/meter/uartdlt.o
                0x00040cc8                custom_uart_init
 .text.WPSendMsg
                0x00040d30       0x40 build/brd4158a/custom_app/source/custom_app/meter/MeterProtocol.o
                0x00040d30                WPSendMsg
 .text.SendPeriodicMsg
                0x00040d70       0x80 build/brd4158a/custom_app/source/custom_app/meter/MeterProtocol.o
                0x00040d70                SendPeriodicMsg
 .text.GetPushTest
                0x00040df0       0x10 build/brd4158a/custom_app/source/custom_app/meter/MeterPush.o
                0x00040df0                GetPushTest
 .text.StartPushInit
                0x00040e00       0x3c build/brd4158a/custom_app/source/custom_app/meter/MeterPush.o
                0x00040e00                StartPushInit
 .text.SendHourReq
                0x00040e3c       0x2c build/brd4158a/custom_app/source/custom_app/meter/MeterPush.o
                0x00040e3c                SendHourReq
 .text.SearchNotAckedHours
                0x00040e68       0x28 build/brd4158a/custom_app/source/custom_app/meter/MeterPush.o
                0x00040e68                SearchNotAckedHours
 .text.PushTask
                0x00040e90      0x13c build/brd4158a/custom_app/source/custom_app/meter/MeterPush.o
                0x00040e90                PushTask
 .text.set_led.part.0
                0x00040fcc       0x3c build/brd4158a/custom_app/source/custom_app/drivers/efr32xg13/led.o
 .text.configure_led
                0x00041008       0x54 build/brd4158a/custom_app/source/custom_app/drivers/efr32xg13/led.o
                0x00041008                configure_led
 .text.set_led  0x0004105c        0xa build/brd4158a/custom_app/source/custom_app/drivers/efr32xg13/led.o
                0x0004105c                set_led
 *fill*         0x00041066        0x2 
 .text.blink_func
                0x00041068       0x34 build/brd4158a/custom_app/source/custom_app/drivers/efr32xg13/led.o
                0x00041068                blink_func
 .text.API_Open
                0x0004109c      0x190 build/brd4158a/custom_app/util/api.o
                0x0004109c                API_Open
 .text.getHFPERCLK
                0x0004122c       0x1c build/brd4158a/custom_app/mcu/efr32xg13/hal/hfperclk.o
                0x0004122c                getHFPERCLK
 .text.enableHFPERCLK
                0x00041248       0x48 build/brd4158a/custom_app/mcu/efr32xg13/hal/hfperclk.o
                0x00041248                enableHFPERCLK
 .text.DS_Init  0x00041290        0xc build/brd4158a/custom_app/mcu/efr32xg13/hal/ds.o
                0x00041290                DS_Init
 .text.DS_Enable
                0x0004129c       0x38 build/brd4158a/custom_app/mcu/efr32xg13/hal/ds.o
                0x0004129c                DS_Enable
 .text.DS_Disable
                0x000412d4       0x34 build/brd4158a/custom_app/mcu/efr32xg13/hal/ds.o
                0x000412d4                DS_Disable
 .text.HAL_Open
                0x00041308       0x18 build/brd4158a/custom_app/mcu/efr32xg13/hal/hal.o
                0x00041308                HAL_Open
 .text.dataReceivedCb
                0x00041320       0x40 build/brd4158a/custom_app/source/custom_app/app.o
                0x00041320                dataReceivedCb
 .text.setOnBeaconCb
                0x00041360       0x30 build/brd4158a/custom_app/source/custom_app/app.o
 .text.Meter_Init
                0x00041390        0x6 build/brd4158a/custom_app/source/custom_app/app.o
                0x00041390                Meter_Init
 *fill*         0x00041396        0x2 
 .text.HandleRxFromUart
                0x00041398       0xc0 build/brd4158a/custom_app/source/custom_app/app.o
                0x00041398                HandleRxFromUart
 .text.meter_task
                0x00041458       0x30 build/brd4158a/custom_app/source/custom_app/app.o
                0x00041458                meter_task
 .text.DltGeTnbors
                0x00041488       0x2c build/brd4158a/custom_app/source/custom_app/app.o
                0x00041488                DltGeTnbors
 .text.meter_stack_init
                0x000414b4       0xf8 build/brd4158a/custom_app/source/custom_app/app.o
                0x000414b4                meter_stack_init
 .text.App_init
                0x000415ac       0x98 build/brd4158a/custom_app/source/custom_app/app.o
                0x000415ac                App_init
 .text._start   0x00041644       0x6c build/brd4158a/custom_app/mcu/common/start.o
                0x00041644                _start
 .text.memcpy   0x000416b0       0x12 c:/program files (x86)/gnu tools arm embedded/4.8 2014q3/bin/../lib/gcc/arm-none-eabi/4.8.4/../../../../arm-none-eabi/lib/armv7e-m\libg_s.a(lib_a-memcpy-stub.o)
                0x000416b0                memcpy
 .text.memset   0x000416c2       0x10 c:/program files (x86)/gnu tools arm embedded/4.8 2014q3/bin/../lib/gcc/arm-none-eabi/4.8.4/../../../../arm-none-eabi/lib/armv7e-m\libg_s.a(lib_a-memset.o)
                0x000416c2                memset
 .text.strcat   0x000416d2       0x1a c:/program files (x86)/gnu tools arm embedded/4.8 2014q3/bin/../lib/gcc/arm-none-eabi/4.8.4/../../../../arm-none-eabi/lib/armv7e-m\libg_s.a(lib_a-strcat.o)
                0x000416d2                strcat
 .text.strcpy   0x000416ec       0x10 c:/program files (x86)/gnu tools arm embedded/4.8 2014q3/bin/../lib/gcc/arm-none-eabi/4.8.4/../../../../arm-none-eabi/lib/armv7e-m\libg_s.a(lib_a-strcpy.o)
                0x000416ec                strcpy
 .text.strlen   0x000416fc       0x10 c:/program files (x86)/gnu tools arm embedded/4.8 2014q3/bin/../lib/gcc/arm-none-eabi/4.8.4/../../../../arm-none-eabi/lib/armv7e-m\libg_s.a(lib_a-strlen.o)
                0x000416fc                strlen
 *(.text)
 .text          0x0004170c       0x38 c:/program files (x86)/gnu tools arm embedded/4.8 2014q3/bin/../lib/gcc/arm-none-eabi/4.8.4/armv7e-m\libgcc.a(_aeabi_ldivmod.o)
                0x0004170c                __aeabi_ldivmod
 .text          0x00041744       0x60 c:/program files (x86)/gnu tools arm embedded/4.8 2014q3/bin/../lib/gcc/arm-none-eabi/4.8.4/armv7e-m\libgcc.a(bpabi.o)
                0x00041744                __gnu_ldivmod_helper
                0x00041774                __gnu_uldivmod_helper
 .text          0x000417a4        0x4 c:/program files (x86)/gnu tools arm embedded/4.8 2014q3/bin/../lib/gcc/arm-none-eabi/4.8.4/armv7e-m\libgcc.a(_dvmd_tls.o)
                0x000417a4                __aeabi_idiv0
                0x000417a4                __aeabi_ldiv0
 .text          0x000417a8      0x298 c:/program files (x86)/gnu tools arm embedded/4.8 2014q3/bin/../lib/gcc/arm-none-eabi/4.8.4/armv7e-m\libgcc.a(_divdi3.o)
                0x000417a8                __divdi3
 .text          0x00041a40      0x284 c:/program files (x86)/gnu tools arm embedded/4.8 2014q3/bin/../lib/gcc/arm-none-eabi/4.8.4/armv7e-m\libgcc.a(_udivdi3.o)
                0x00041a40                __udivdi3
 *(.glue_7)
 .glue_7        0x00000000        0x0 linker stubs
 *(.glue_7t)
 .glue_7t       0x00000000        0x0 linker stubs
 *(.vfp11_veneer)
 .vfp11_veneer  0x00000000        0x0 linker stubs
 *(.v4_bx)
 .v4_bx         0x00000000        0x0 linker stubs
 *(.rodata.*)
 .rodata.DLTID  0x00041cc4       0xf4 build/brd4158a/custom_app/source/custom_app/meter/DLTProtocol.o
                0x00041cc4                DLTID
 .rodata.str1.1
                0x00041db8       0x26 build/brd4158a/custom_app/source/custom_app/meter/MeterProtocol.o
 *fill*         0x00041dde        0x2 
 .rodata.pin_map
                0x00041de0       0x10 build/brd4158a/custom_app/source/custom_app/drivers/efr32xg13/led.o
 .rodata.str1.1
                0x00041df0       0x39 build/brd4158a/custom_app/source/custom_app/app.o
 *(.rodata)
 *(.rodata1)
                0x00041e30                . = ALIGN (0x8)
 *fill*         0x00041e29        0x7 
                0x00041e30                __text_end__ = .
                0x00041e30                __data_src_start__ = .

.data           0x2000b000        0x8 load address 0x00041e30
                0x2000b000                __data_start__ = .
 *(.ramtext)
 *(.data.*)
 .data.Hour     0x2000b000        0x1 build/brd4158a/custom_app/source/custom_app/meter/DLTProtocol.o
 .data.currenthour
                0x2000b001        0x1 build/brd4158a/custom_app/source/custom_app/meter/MeterPush.o
 .data.hourinprocess
                0x2000b002        0x1 build/brd4158a/custom_app/source/custom_app/meter/MeterPush.o
 *fill*         0x2000b003        0x1 
 .data.m_used_app_ram_end
                0x2000b004        0x4 build/brd4158a/custom_app/mcu/common/start.o
                0x2000b004                m_used_app_ram_end
 *(.data)
 *(.data1)
                0x2000b008                . = ALIGN (0x8)
                0x2000b008                __data_end__ = .
                0x00041e38                __rom_end__ = (__data_src_start__ + SIZEOF (.data))
                0x00001e38                __total_size_bytes__ = (__rom_end__ - __text_start__)

.bss            0x2000b008      0x8c0 load address 0x00041e38
                0x2000b008                __bss_start__ = .
 *(.bss.*)
 .bss.Ackdcu    0x2000b008        0x1 build/brd4158a/custom_app/source/custom_app/meter/DLTProtocol.o
 *fill*         0x2000b009        0x3 
 .bss.ST_m_rx_callback
                0x2000b00c        0x4 build/brd4158a/custom_app/source/custom_app/meter/uartdlt.o
 .bss.m_enabled
                0x2000b010        0x4 build/brd4158a/custom_app/source/custom_app/meter/uartdlt.o
 .bss.ST_m_enabled
                0x2000b014        0x4 build/brd4158a/custom_app/source/custom_app/meter/uartdlt.o
 .bss.m_rx_callback
                0x2000b018        0x4 build/brd4158a/custom_app/source/custom_app/meter/uartdlt.o
 .bss.ST_m_tx_active
                0x2000b01c        0x1 build/brd4158a/custom_app/source/custom_app/meter/uartdlt.o
 .bss.m_tx_active
                0x2000b01d        0x1 build/brd4158a/custom_app/source/custom_app/meter/uartdlt.o
 .bss.m_usart_tx_buffer
                0x2000b01e      0x204 build/brd4158a/custom_app/source/custom_app/meter/uartdlt.o
 .bss.ST_m_usart_tx_buffer
                0x2000b222      0x204 build/brd4158a/custom_app/source/custom_app/meter/uartdlt.o
 *fill*         0x2000b426        0x2 
 .bss.MsgTxId   0x2000b428        0x4 build/brd4158a/custom_app/source/custom_app/meter/MeterProtocol.o
                0x2000b428                MsgTxId
 .bss.MeterReqRetry
                0x2000b42c        0x1 build/brd4158a/custom_app/source/custom_app/meter/MeterPush.o
 .bss.tmpbuf    0x2000b42d        0x2 build/brd4158a/custom_app/source/custom_app/meter/MeterPush.o
 *fill*         0x2000b42f        0x1 
 .bss.SendPeriodicCntr
                0x2000b430        0x4 build/brd4158a/custom_app/source/custom_app/meter/MeterPush.o
 .bss.dayly_hours_acked
                0x2000b434       0x18 build/brd4158a/custom_app/source/custom_app/meter/MeterPush.o
 .bss.DataReadingsState
                0x2000b44c        0x1 build/brd4158a/custom_app/source/custom_app/meter/MeterPush.o
 *fill*         0x2000b44d        0x3 
 .bss.lib_otap  0x2000b450        0x4 build/brd4158a/custom_app/util/api.o
                0x2000b450                lib_otap
 .bss.lib_hw    0x2000b454        0x4 build/brd4158a/custom_app/util/api.o
                0x2000b454                lib_hw
 .bss.lib_beacon_rx
                0x2000b458        0x4 build/brd4158a/custom_app/util/api.o
                0x2000b458                lib_beacon_rx
 .bss.lib_memory_area
                0x2000b45c        0x4 build/brd4158a/custom_app/util/api.o
                0x2000b45c                lib_memory_area
 .bss.global_func
                0x2000b460        0x4 build/brd4158a/custom_app/util/api.o
                0x2000b460                global_func
 .bss.lib_sleep
                0x2000b464        0x4 build/brd4158a/custom_app/util/api.o
                0x2000b464                lib_sleep
 .bss.lib_settings
                0x2000b468        0x4 build/brd4158a/custom_app/util/api.o
                0x2000b468                lib_settings
 .bss.lib_system
                0x2000b46c        0x4 build/brd4158a/custom_app/util/api.o
                0x2000b46c                lib_system
 .bss.lib_state
                0x2000b470        0x4 build/brd4158a/custom_app/util/api.o
                0x2000b470                lib_state
 .bss.lib_beacon_tx
                0x2000b474        0x4 build/brd4158a/custom_app/util/api.o
                0x2000b474                lib_beacon_tx
 .bss.lib_time  0x2000b478        0x4 build/brd4158a/custom_app/util/api.o
                0x2000b478                lib_time
 .bss.lib_data  0x2000b47c        0x4 build/brd4158a/custom_app/util/api.o
                0x2000b47c                lib_data
 .bss.lib_storage
                0x2000b480        0x4 build/brd4158a/custom_app/util/api.o
                0x2000b480                lib_storage
 .bss.m_sleep_mask
                0x2000b484        0x4 build/brd4158a/custom_app/mcu/efr32xg13/hal/ds.o
 .bss.m_opened  0x2000b488        0x1 build/brd4158a/custom_app/mcu/efr32xg13/hal/hal.o
 *fill*         0x2000b489        0x3 
 .bss.pushtime  0x2000b48c        0x4 build/brd4158a/custom_app/source/custom_app/app.o
 .bss.PushdebugInprogress
                0x2000b490        0x1 build/brd4158a/custom_app/source/custom_app/app.o
                0x2000b490                PushdebugInprogress
 *(.bss)
 *(COMMON)
 *fill*         0x2000b491        0x3 
 COMMON         0x2000b494      0x118 build/brd4158a/custom_app/source/custom_app/meter/DLTProtocol.o
                0x2000b494                TmpTxBuf
                0x2000b593                led_state
                0x2000b594                ReconfigureNode
                0x2000b595                EMConfigMacADDR0
                0x2000b59c                DltRxTimeout
                0x2000b5a0                TmpTxsizeBuf
                0x2000b5a4                DisplayState
                0x2000b5a8                ST_RxTimeout
 COMMON         0x2000b5ac      0x214 build/brd4158a/custom_app/source/custom_app/meter/uartdlt.o
                0x2000b5ac                ST_m_escaped
                0x2000b5b0                ST_m_timeout
                0x2000b5b4                rx_buffer
                0x2000b6b4                ST_rx_buffer_idx
                0x2000b6b8                ST_rx_buffer
                0x2000b7b7                m_escaped
                0x2000b7b8                m_timeout
                0x2000b7bc                rx_buffer_idx
 COMMON         0x2000b7c0      0x108 build/brd4158a/custom_app/source/custom_app/app.o
                0x2000b7c0                ExtendedAddress
                0x2000b7c8                bufout
                0x2000b8c8                . = ALIGN (0x8)
                0x2000b8c8                __bss_end__ = .
                0x2000eff8                __ram_end__ = (ORIGIN (RAM) + 0x3ff8)

.invalid        0x00000000        0x0
 *(.init)
 *(.fini)
 *(.preinit_array)
 *(.init_array)
 *(.fini_array)
 *(.ctors)
 *(.dtors)
 *(.jcr)
 *(.eh_frame)
 *(.eh_frame_hdr)
 *(.heap*)
 *(.tbss)
 *(.tdata)
 *(.tdata1)
 *(.got)
 *(.got.plt)
 *(.igot.plt)
 .igot.plt      0x00000000        0x0 build/brd4158a/custom_app/source/custom_app/drivers/efr32xg13/exti.o
 *(.iplt)
 .iplt          0x00000000        0x0 build/brd4158a/custom_app/source/custom_app/drivers/efr32xg13/exti.o
 *(.rel.dyn)
 *(.rel.iplt)
 .rel.iplt      0x00000000        0x0 build/brd4158a/custom_app/source/custom_app/drivers/efr32xg13/exti.o

/DISCARD/
 *(.ARM.extab)
 *(.ARM.exidx)
START GROUP
LOAD c:/program files (x86)/gnu tools arm embedded/4.8 2014q3/bin/../lib/gcc/arm-none-eabi/4.8.4/armv7e-m\libgcc.a
LOAD c:/program files (x86)/gnu tools arm embedded/4.8 2014q3/bin/../lib/gcc/arm-none-eabi/4.8.4/../../../../arm-none-eabi/lib/armv7e-m\libg_s.a
LOAD c:/program files (x86)/gnu tools arm embedded/4.8 2014q3/bin/../lib/gcc/arm-none-eabi/4.8.4/../../../../arm-none-eabi/lib/armv7e-m\libc_s.a
END GROUP
START GROUP
LOAD c:/program files (x86)/gnu tools arm embedded/4.8 2014q3/bin/../lib/gcc/arm-none-eabi/4.8.4/armv7e-m\libgcc.a
LOAD c:/program files (x86)/gnu tools arm embedded/4.8 2014q3/bin/../lib/gcc/arm-none-eabi/4.8.4/../../../../arm-none-eabi/lib/armv7e-m\libc_s.a
END GROUP
OUTPUT(build/brd4158a/custom_app/custom_app.elf elf32-littlearm)

.debug_info     0x00000000     0xa063
 .debug_info    0x00000000      0x95e build/brd4158a/custom_app/source/custom_app/drivers/efr32xg13/io.o
 .debug_info    0x0000095e      0x36d build/brd4158a/custom_app/source/custom_app/meter/utils.o
 .debug_info    0x00000ccb     0x10fb build/brd4158a/custom_app/source/custom_app/meter/DLTProtocol.o
 .debug_info    0x00001dc6     0x1e3a build/brd4158a/custom_app/source/custom_app/meter/uartdlt.o
 .debug_info    0x00003c00      0x960 build/brd4158a/custom_app/source/custom_app/meter/MeterProtocol.o
 .debug_info    0x00004560      0x575 build/brd4158a/custom_app/source/custom_app/meter/MeterPush.o
 .debug_info    0x00004ad5      0x6f9 build/brd4158a/custom_app/source/custom_app/drivers/efr32xg13/led.o
 .debug_info    0x000051ce     0x22ae build/brd4158a/custom_app/util/api.o
 .debug_info    0x0000747c      0x6a9 build/brd4158a/custom_app/mcu/efr32xg13/hal/hfperclk.o
 .debug_info    0x00007b25      0x402 build/brd4158a/custom_app/mcu/efr32xg13/hal/ds.o
 .debug_info    0x00007f27       0xdc build/brd4158a/custom_app/mcu/efr32xg13/hal/hal.o
 .debug_info    0x00008003     0x1be3 build/brd4158a/custom_app/source/custom_app/app.o
 .debug_info    0x00009be6      0x3c1 build/brd4158a/custom_app/mcu/common/start.o
 .debug_info    0x00009fa7       0xbc build/brd4158a/custom_app/mcu/common/entrypoint.o

.debug_abbrev   0x00000000     0x19bf
 .debug_abbrev  0x00000000      0x142 build/brd4158a/custom_app/source/custom_app/drivers/efr32xg13/io.o
 .debug_abbrev  0x00000142      0x16b build/brd4158a/custom_app/source/custom_app/meter/utils.o
 .debug_abbrev  0x000002ad      0x2c4 build/brd4158a/custom_app/source/custom_app/meter/DLTProtocol.o
 .debug_abbrev  0x00000571      0x436 build/brd4158a/custom_app/source/custom_app/meter/uartdlt.o
 .debug_abbrev  0x000009a7      0x1c7 build/brd4158a/custom_app/source/custom_app/meter/MeterProtocol.o
 .debug_abbrev  0x00000b6e      0x257 build/brd4158a/custom_app/source/custom_app/meter/MeterPush.o
 .debug_abbrev  0x00000dc5      0x234 build/brd4158a/custom_app/source/custom_app/drivers/efr32xg13/led.o
 .debug_abbrev  0x00000ff9      0x17a build/brd4158a/custom_app/util/api.o
 .debug_abbrev  0x00001173      0x10a build/brd4158a/custom_app/mcu/efr32xg13/hal/hfperclk.o
 .debug_abbrev  0x0000127d      0x152 build/brd4158a/custom_app/mcu/efr32xg13/hal/ds.o
 .debug_abbrev  0x000013cf       0x96 build/brd4158a/custom_app/mcu/efr32xg13/hal/hal.o
 .debug_abbrev  0x00001465      0x39f build/brd4158a/custom_app/source/custom_app/app.o
 .debug_abbrev  0x00001804      0x1a7 build/brd4158a/custom_app/mcu/common/start.o
 .debug_abbrev  0x000019ab       0x14 build/brd4158a/custom_app/mcu/common/entrypoint.o

.debug_aranges  0x00000000      0x3d8
 .debug_aranges
                0x00000000       0x40 build/brd4158a/custom_app/source/custom_app/drivers/efr32xg13/io.o
 .debug_aranges
                0x00000040       0x58 build/brd4158a/custom_app/source/custom_app/meter/utils.o
 .debug_aranges
                0x00000098       0xb0 build/brd4158a/custom_app/source/custom_app/meter/DLTProtocol.o
 .debug_aranges
                0x00000148       0xb8 build/brd4158a/custom_app/source/custom_app/meter/uartdlt.o
 .debug_aranges
                0x00000200       0x28 build/brd4158a/custom_app/source/custom_app/meter/MeterProtocol.o
 .debug_aranges
                0x00000228       0x40 build/brd4158a/custom_app/source/custom_app/meter/MeterPush.o
 .debug_aranges
                0x00000268       0x40 build/brd4158a/custom_app/source/custom_app/drivers/efr32xg13/led.o
 .debug_aranges
                0x000002a8       0x20 build/brd4158a/custom_app/util/api.o
 .debug_aranges
                0x000002c8       0x28 build/brd4158a/custom_app/mcu/efr32xg13/hal/hfperclk.o
 .debug_aranges
                0x000002f0       0x30 build/brd4158a/custom_app/mcu/efr32xg13/hal/ds.o
 .debug_aranges
                0x00000320       0x20 build/brd4158a/custom_app/mcu/efr32xg13/hal/hal.o
 .debug_aranges
                0x00000340       0x58 build/brd4158a/custom_app/source/custom_app/app.o
 .debug_aranges
                0x00000398       0x20 build/brd4158a/custom_app/mcu/common/start.o
 .debug_aranges
                0x000003b8       0x20 build/brd4158a/custom_app/mcu/common/entrypoint.o

.debug_ranges   0x00000000      0x490
 .debug_ranges  0x00000000       0x30 build/brd4158a/custom_app/source/custom_app/drivers/efr32xg13/io.o
 .debug_ranges  0x00000030       0x48 build/brd4158a/custom_app/source/custom_app/meter/utils.o
 .debug_ranges  0x00000078       0xc0 build/brd4158a/custom_app/source/custom_app/meter/DLTProtocol.o
 .debug_ranges  0x00000138      0x168 build/brd4158a/custom_app/source/custom_app/meter/uartdlt.o
 .debug_ranges  0x000002a0       0x18 build/brd4158a/custom_app/source/custom_app/meter/MeterProtocol.o
 .debug_ranges  0x000002b8       0x48 build/brd4158a/custom_app/source/custom_app/meter/MeterPush.o
 .debug_ranges  0x00000300       0x98 build/brd4158a/custom_app/source/custom_app/drivers/efr32xg13/led.o
 .debug_ranges  0x00000398       0x10 build/brd4158a/custom_app/util/api.o
 .debug_ranges  0x000003a8       0x18 build/brd4158a/custom_app/mcu/efr32xg13/hal/hfperclk.o
 .debug_ranges  0x000003c0       0x20 build/brd4158a/custom_app/mcu/efr32xg13/hal/ds.o
 .debug_ranges  0x000003e0       0x10 build/brd4158a/custom_app/mcu/efr32xg13/hal/hal.o
 .debug_ranges  0x000003f0       0x78 build/brd4158a/custom_app/source/custom_app/app.o
 .debug_ranges  0x00000468       0x28 build/brd4158a/custom_app/mcu/common/start.o

.debug_line     0x00000000     0x2527
 .debug_line    0x00000000      0x21c build/brd4158a/custom_app/source/custom_app/drivers/efr32xg13/io.o
 .debug_line    0x0000021c      0x27f build/brd4158a/custom_app/source/custom_app/meter/utils.o
 .debug_line    0x0000049b      0x55b build/brd4158a/custom_app/source/custom_app/meter/DLTProtocol.o
 .debug_line    0x000009f6      0x771 build/brd4158a/custom_app/source/custom_app/meter/uartdlt.o
 .debug_line    0x00001167      0x229 build/brd4158a/custom_app/source/custom_app/meter/MeterProtocol.o
 .debug_line    0x00001390      0x22b build/brd4158a/custom_app/source/custom_app/meter/MeterPush.o
 .debug_line    0x000015bb      0x226 build/brd4158a/custom_app/source/custom_app/drivers/efr32xg13/led.o
 .debug_line    0x000017e1      0x24f build/brd4158a/custom_app/util/api.o
 .debug_line    0x00001a30      0x19a build/brd4158a/custom_app/mcu/efr32xg13/hal/hfperclk.o
 .debug_line    0x00001bca      0x212 build/brd4158a/custom_app/mcu/efr32xg13/hal/ds.o
 .debug_line    0x00001ddc      0x147 build/brd4158a/custom_app/mcu/efr32xg13/hal/hal.o
 .debug_line    0x00001f23      0x413 build/brd4158a/custom_app/source/custom_app/app.o
 .debug_line    0x00002336      0x1a7 build/brd4158a/custom_app/mcu/common/start.o
 .debug_line    0x000024dd       0x4a build/brd4158a/custom_app/mcu/common/entrypoint.o

.debug_str      0x00000000     0x4ad1
 .debug_str     0x00000000      0x696 build/brd4158a/custom_app/source/custom_app/drivers/efr32xg13/io.o
                                0x6fb (size before relaxing)
 .debug_str     0x00000696       0xeb build/brd4158a/custom_app/source/custom_app/meter/utils.o
                                0x2dd (size before relaxing)
 .debug_str     0x00000781      0xbc2 build/brd4158a/custom_app/source/custom_app/meter/DLTProtocol.o
                                0xe61 (size before relaxing)
 .debug_str     0x00001343      0x923 build/brd4158a/custom_app/source/custom_app/meter/uartdlt.o
                               0x1176 (size before relaxing)
 .debug_str     0x00001c66      0x934 build/brd4158a/custom_app/source/custom_app/meter/MeterProtocol.o
                                0xc82 (size before relaxing)
 .debug_str     0x0000259a      0x134 build/brd4158a/custom_app/source/custom_app/meter/MeterPush.o
                                0x4a9 (size before relaxing)
 .debug_str     0x000026ce       0x96 build/brd4158a/custom_app/source/custom_app/drivers/efr32xg13/led.o
                                0x3f4 (size before relaxing)
 .debug_str     0x00002764     0x2008 build/brd4158a/custom_app/util/api.o
                               0x2ecf (size before relaxing)
 .debug_str     0x0000476c       0x24 build/brd4158a/custom_app/mcu/efr32xg13/hal/hfperclk.o
                                0x5ad (size before relaxing)
 .debug_str     0x00004790       0x2c build/brd4158a/custom_app/mcu/efr32xg13/hal/ds.o
                                0x640 (size before relaxing)
 .debug_str     0x000047bc       0x2a build/brd4158a/custom_app/mcu/efr32xg13/hal/hal.o
                                0x1fa (size before relaxing)
 .debug_str     0x000047e6      0x1a8 build/brd4158a/custom_app/source/custom_app/app.o
                               0x1e43 (size before relaxing)
 .debug_str     0x0000498e      0x143 build/brd4158a/custom_app/mcu/common/start.o
                                0x40c (size before relaxing)

.comment        0x00000000       0x70
 .comment       0x00000000       0x70 build/brd4158a/custom_app/source/custom_app/drivers/efr32xg13/io.o
                                 0x71 (size before relaxing)
 .comment       0x00000000       0x71 build/brd4158a/custom_app/source/custom_app/meter/utils.o
 .comment       0x00000000       0x71 build/brd4158a/custom_app/source/custom_app/meter/DLTProtocol.o
 .comment       0x00000000       0x71 build/brd4158a/custom_app/source/custom_app/meter/uartdlt.o
 .comment       0x00000000       0x71 build/brd4158a/custom_app/source/custom_app/meter/MeterProtocol.o
 .comment       0x00000000       0x71 build/brd4158a/custom_app/source/custom_app/meter/MeterPush.o
 .comment       0x00000000       0x71 build/brd4158a/custom_app/source/custom_app/drivers/efr32xg13/led.o
 .comment       0x00000000       0x71 build/brd4158a/custom_app/util/api.o
 .comment       0x00000000       0x71 build/brd4158a/custom_app/mcu/efr32xg13/hal/hfperclk.o
 .comment       0x00000000       0x71 build/brd4158a/custom_app/mcu/efr32xg13/hal/ds.o
 .comment       0x00000000       0x71 build/brd4158a/custom_app/mcu/efr32xg13/hal/hal.o
 .comment       0x00000000       0x71 build/brd4158a/custom_app/source/custom_app/app.o
 .comment       0x00000000       0x71 build/brd4158a/custom_app/mcu/common/start.o

.ARM.attributes
                0x00000000       0x2c
 .ARM.attributes
                0x00000000       0x2e build/brd4158a/custom_app/source/custom_app/drivers/efr32xg13/io.o
 .ARM.attributes
                0x0000002e       0x2e build/brd4158a/custom_app/source/custom_app/meter/utils.o
 .ARM.attributes
                0x0000005c       0x2e build/brd4158a/custom_app/source/custom_app/meter/DLTProtocol.o
 .ARM.attributes
                0x0000008a       0x2e build/brd4158a/custom_app/source/custom_app/meter/uartdlt.o
 .ARM.attributes
                0x000000b8       0x2e build/brd4158a/custom_app/source/custom_app/meter/MeterProtocol.o
 .ARM.attributes
                0x000000e6       0x2e build/brd4158a/custom_app/source/custom_app/meter/MeterPush.o
 .ARM.attributes
                0x00000114       0x2e build/brd4158a/custom_app/source/custom_app/drivers/efr32xg13/led.o
 .ARM.attributes
                0x00000142       0x2e build/brd4158a/custom_app/util/api.o
 .ARM.attributes
                0x00000170       0x2e build/brd4158a/custom_app/mcu/efr32xg13/hal/hfperclk.o
 .ARM.attributes
                0x0000019e       0x2e build/brd4158a/custom_app/mcu/efr32xg13/hal/ds.o
 .ARM.attributes
                0x000001cc       0x2e build/brd4158a/custom_app/mcu/efr32xg13/hal/hal.o
 .ARM.attributes
                0x000001fa       0x2e build/brd4158a/custom_app/source/custom_app/app.o
 .ARM.attributes
                0x00000228       0x2e build/brd4158a/custom_app/mcu/common/start.o
 .ARM.attributes
                0x00000256       0x1b build/brd4158a/custom_app/mcu/common/entrypoint.o
 .ARM.attributes
                0x00000271       0x1e c:/program files (x86)/gnu tools arm embedded/4.8 2014q3/bin/../lib/gcc/arm-none-eabi/4.8.4/armv7e-m\libgcc.a(_aeabi_ldivmod.o)
 .ARM.attributes
                0x0000028f       0x2e c:/program files (x86)/gnu tools arm embedded/4.8 2014q3/bin/../lib/gcc/arm-none-eabi/4.8.4/armv7e-m\libgcc.a(bpabi.o)
 .ARM.attributes
                0x000002bd       0x1e c:/program files (x86)/gnu tools arm embedded/4.8 2014q3/bin/../lib/gcc/arm-none-eabi/4.8.4/armv7e-m\libgcc.a(_dvmd_tls.o)
 .ARM.attributes
                0x000002db       0x2e c:/program files (x86)/gnu tools arm embedded/4.8 2014q3/bin/../lib/gcc/arm-none-eabi/4.8.4/armv7e-m\libgcc.a(_divdi3.o)
 .ARM.attributes
                0x00000309       0x2e c:/program files (x86)/gnu tools arm embedded/4.8 2014q3/bin/../lib/gcc/arm-none-eabi/4.8.4/armv7e-m\libgcc.a(_udivdi3.o)
 .ARM.attributes
                0x00000337       0x2e c:/program files (x86)/gnu tools arm embedded/4.8 2014q3/bin/../lib/gcc/arm-none-eabi/4.8.4/../../../../arm-none-eabi/lib/armv7e-m\libg_s.a(lib_a-memcpy-stub.o)
 .ARM.attributes
                0x00000365       0x2e c:/program files (x86)/gnu tools arm embedded/4.8 2014q3/bin/../lib/gcc/arm-none-eabi/4.8.4/../../../../arm-none-eabi/lib/armv7e-m\libg_s.a(lib_a-memset.o)
 .ARM.attributes
                0x00000393       0x2e c:/program files (x86)/gnu tools arm embedded/4.8 2014q3/bin/../lib/gcc/arm-none-eabi/4.8.4/../../../../arm-none-eabi/lib/armv7e-m\libg_s.a(lib_a-strcat.o)
 .ARM.attributes
                0x000003c1       0x2e c:/program files (x86)/gnu tools arm embedded/4.8 2014q3/bin/../lib/gcc/arm-none-eabi/4.8.4/../../../../arm-none-eabi/lib/armv7e-m\libg_s.a(lib_a-strcpy.o)
 .ARM.attributes
                0x000003ef       0x2e c:/program files (x86)/gnu tools arm embedded/4.8 2014q3/bin/../lib/gcc/arm-none-eabi/4.8.4/../../../../arm-none-eabi/lib/armv7e-m\libg_s.a(lib_a-strlen.o)

.debug_frame    0x00000000      0x9d0
 .debug_frame   0x00000000       0x60 build/brd4158a/custom_app/source/custom_app/drivers/efr32xg13/io.o
 .debug_frame   0x00000060       0xc8 build/brd4158a/custom_app/source/custom_app/meter/utils.o
 .debug_frame   0x00000128      0x20c build/brd4158a/custom_app/source/custom_app/meter/DLTProtocol.o
 .debug_frame   0x00000334      0x1f8 build/brd4158a/custom_app/source/custom_app/meter/uartdlt.o
 .debug_frame   0x0000052c       0x50 build/brd4158a/custom_app/source/custom_app/meter/MeterProtocol.o
 .debug_frame   0x0000057c       0x84 build/brd4158a/custom_app/source/custom_app/meter/MeterPush.o
 .debug_frame   0x00000600       0x78 build/brd4158a/custom_app/source/custom_app/drivers/efr32xg13/led.o
 .debug_frame   0x00000678       0x38 build/brd4158a/custom_app/util/api.o
 .debug_frame   0x000006b0       0x30 build/brd4158a/custom_app/mcu/efr32xg13/hal/hfperclk.o
 .debug_frame   0x000006e0       0x58 build/brd4158a/custom_app/mcu/efr32xg13/hal/ds.o
 .debug_frame   0x00000738       0x28 build/brd4158a/custom_app/mcu/efr32xg13/hal/hal.o
 .debug_frame   0x00000760       0xdc build/brd4158a/custom_app/source/custom_app/app.o
 .debug_frame   0x0000083c       0x2c build/brd4158a/custom_app/mcu/common/start.o
 .debug_frame   0x00000868       0x50 c:/program files (x86)/gnu tools arm embedded/4.8 2014q3/bin/../lib/gcc/arm-none-eabi/4.8.4/armv7e-m\libgcc.a(bpabi.o)
 .debug_frame   0x000008b8       0x34 c:/program files (x86)/gnu tools arm embedded/4.8 2014q3/bin/../lib/gcc/arm-none-eabi/4.8.4/armv7e-m\libgcc.a(_divdi3.o)
 .debug_frame   0x000008ec       0x34 c:/program files (x86)/gnu tools arm embedded/4.8 2014q3/bin/../lib/gcc/arm-none-eabi/4.8.4/armv7e-m\libgcc.a(_udivdi3.o)
 .debug_frame   0x00000920       0x28 c:/program files (x86)/gnu tools arm embedded/4.8 2014q3/bin/../lib/gcc/arm-none-eabi/4.8.4/../../../../arm-none-eabi/lib/armv7e-m\libg_s.a(lib_a-memcpy-stub.o)
 .debug_frame   0x00000948       0x20 c:/program files (x86)/gnu tools arm embedded/4.8 2014q3/bin/../lib/gcc/arm-none-eabi/4.8.4/../../../../arm-none-eabi/lib/armv7e-m\libg_s.a(lib_a-memset.o)
 .debug_frame   0x00000968       0x28 c:/program files (x86)/gnu tools arm embedded/4.8 2014q3/bin/../lib/gcc/arm-none-eabi/4.8.4/../../../../arm-none-eabi/lib/armv7e-m\libg_s.a(lib_a-strcat.o)
 .debug_frame   0x00000990       0x20 c:/program files (x86)/gnu tools arm embedded/4.8 2014q3/bin/../lib/gcc/arm-none-eabi/4.8.4/../../../../arm-none-eabi/lib/armv7e-m\libg_s.a(lib_a-strcpy.o)
 .debug_frame   0x000009b0       0x20 c:/program files (x86)/gnu tools arm embedded/4.8 2014q3/bin/../lib/gcc/arm-none-eabi/4.8.4/../../../../arm-none-eabi/lib/armv7e-m\libg_s.a(lib_a-strlen.o)

.debug_loc      0x00000000     0x24bc
 .debug_loc     0x00000000      0x35e build/brd4158a/custom_app/source/custom_app/meter/utils.o
 .debug_loc     0x0000035e      0xb9a build/brd4158a/custom_app/source/custom_app/meter/DLTProtocol.o
 .debug_loc     0x00000ef8      0xc54 build/brd4158a/custom_app/source/custom_app/meter/uartdlt.o
 .debug_loc     0x00001b4c       0x6f build/brd4158a/custom_app/source/custom_app/meter/MeterProtocol.o
 .debug_loc     0x00001bbb       0xdd build/brd4158a/custom_app/source/custom_app/meter/MeterPush.o
 .debug_loc     0x00001c98      0x33b build/brd4158a/custom_app/source/custom_app/drivers/efr32xg13/led.o
 .debug_loc     0x00001fd3       0x2c build/brd4158a/custom_app/util/api.o
 .debug_loc     0x00001fff       0x1f build/brd4158a/custom_app/mcu/efr32xg13/hal/hfperclk.o
 .debug_loc     0x0000201e       0x58 build/brd4158a/custom_app/mcu/efr32xg13/hal/ds.o
 .debug_loc     0x00002076      0x314 build/brd4158a/custom_app/source/custom_app/app.o
 .debug_loc     0x0000238a      0x132 build/brd4158a/custom_app/mcu/common/start.o
